#
# A fatal error has been detected by the Java Runtime Environment:
#
#  EXCEPTION_ACCESS_VIOLATION (0xc0000005) at pc=0x00007ff9c1583471, pid=25232, tid=33004
#
# JRE version: Java(TM) SE Runtime Environment (21.0.6+8) (build 21.0.6+8-LTS-188)
# Java VM: Java HotSpot(TM) 64-Bit Server VM (21.0.6+8-LTS-188, mixed mode, sharing, tiered, compressed oops, compressed class ptrs, g1 gc, windows-amd64)
# Problematic frame:
# V  [jvm.dll+0x5d3471]
#
# No core dump will be written. Minidumps are not enabled by default on client versions of Windows
#
# If you would like to submit a bug report, please visit:
#   https://bugreport.java.com/bugreport/crash.jsp
#

---------------  S U M M A R Y ------------

Command Line: -javaagent:C:\Program Files\JetBrains\IntelliJ IDEA Community Edition 2024.1.3\lib\idea_rt.jar=5816:C:\Program Files\JetBrains\IntelliJ IDEA Community Edition 2024.1.3\bin -Dfile.encoding=UTF-8 -Dsun.stdout.encoding=UTF-8 -Dsun.stderr.encoding=UTF-8 -agentpath:C:\Program Files\SentinelOne\Sentinel Agent 23.4.4.223\SentinelJava64.dll=extendedCapabilities com.luka.JobAppProject.JobAppProjectApplication

Host: 12th Gen Intel(R) Core(TM) i7-12700, 20 cores, 31G,  Windows 10 , 64 bit Build 19041 (10.0.19041.5438)
Time: Wed May 14 19:19:36 2025 Georgian Standard Time elapsed time: 15.133223 seconds (0d 0h 0m 15s)

---------------  T H R E A D  ---------------

Current thread (0x000001a347630a40):  JavaThread "http-nio-8080-exec-1" daemon [_thread_in_vm, id=33004, stack(0x00000038e7300000,0x00000038e7400000) (1024K)]

Stack: [0x00000038e7300000,0x00000038e7400000],  sp=0x00000038e73fb7c0,  free space=1005k
Native frames: (J=compiled Java code, j=interpreted, Vv=VM code, C=native code)
V  [jvm.dll+0x5d3471]
V  [jvm.dll+0x3d68e5]
V  [jvm.dll+0x3d5f5d]
C  0x000001a2f11ca3a0

The last pc belongs to invokevirtual (printed below).
Java frames: (J=compiled Java code, j=interpreted, Vv=VM code)
j  jakarta.servlet.http.HttpServletRequestWrapper.getIntHeader(Ljava/lang/String;)I+1
v  ~StubRoutines::call_stub 0x000001a2f11b100d
j  org.apache.jasper.runtime.HttpJspBase.service(Ljakarta/servlet/http/HttpServletRequest;Ljakarta/servlet/http/HttpServletResponse;)V+0
j  jakarta.servlet.http.HttpServlet.service(Ljakarta/servlet/ServletRequest;Ljakarta/servlet/ServletResponse;)V+37
j  org.apache.jasper.servlet.JspServletWrapper.service(Ljakarta/servlet/http/HttpServletRequest;Ljakarta/servlet/http/HttpServletResponse;Z)V+372
j  org.apache.jasper.servlet.JspServlet.serviceJspFile(Ljakarta/servlet/http/HttpServletRequest;Ljakarta/servlet/http/HttpServletResponse;Ljava/lang/String;Z)V+112
j  org.apache.jasper.servlet.JspServlet.service(Ljakarta/servlet/http/HttpServletRequest;Ljakarta/servlet/http/HttpServletResponse;)V+230
j  jakarta.servlet.http.HttpServlet.service(Ljakarta/servlet/ServletRequest;Ljakarta/servlet/ServletResponse;)V+37
j  org.apache.catalina.core.ApplicationFilterChain.internalDoFilter(Ljakarta/servlet/ServletRequest;Ljakarta/servlet/ServletResponse;)V+300
j  org.apache.catalina.core.ApplicationFilterChain.doFilter(Ljakarta/servlet/ServletRequest;Ljakarta/servlet/ServletResponse;)V+99
j  org.apache.tomcat.websocket.server.WsFilter.doFilter(Ljakarta/servlet/ServletRequest;Ljakarta/servlet/ServletResponse;Ljakarta/servlet/FilterChain;)V+21
j  org.apache.catalina.core.ApplicationFilterChain.internalDoFilter(Ljakarta/servlet/ServletRequest;Ljakarta/servlet/ServletResponse;)V+130
j  org.apache.catalina.core.ApplicationFilterChain.doFilter(Ljakarta/servlet/ServletRequest;Ljakarta/servlet/ServletResponse;)V+99
j  org.springframework.web.filter.OncePerRequestFilter.doFilter(Ljakarta/servlet/ServletRequest;Ljakarta/servlet/ServletResponse;Ljakarta/servlet/FilterChain;)V+125
j  org.apache.catalina.core.ApplicationFilterChain.internalDoFilter(Ljakarta/servlet/ServletRequest;Ljakarta/servlet/ServletResponse;)V+130
j  org.apache.catalina.core.ApplicationFilterChain.doFilter(Ljakarta/servlet/ServletRequest;Ljakarta/servlet/ServletResponse;)V+99
j  org.springframework.web.filter.OncePerRequestFilter.doFilter(Ljakarta/servlet/ServletRequest;Ljakarta/servlet/ServletResponse;Ljakarta/servlet/FilterChain;)V+125
j  org.apache.catalina.core.ApplicationFilterChain.internalDoFilter(Ljakarta/servlet/ServletRequest;Ljakarta/servlet/ServletResponse;)V+130
j  org.apache.catalina.core.ApplicationFilterChain.doFilter(Ljakarta/servlet/ServletRequest;Ljakarta/servlet/ServletResponse;)V+99
j  org.springframework.web.filter.OncePerRequestFilter.doFilter(Ljakarta/servlet/ServletRequest;Ljakarta/servlet/ServletResponse;Ljakarta/servlet/FilterChain;)V+125
j  org.apache.catalina.core.ApplicationFilterChain.internalDoFilter(Ljakarta/servlet/ServletRequest;Ljakarta/servlet/ServletResponse;)V+130
j  org.apache.catalina.core.ApplicationFilterChain.doFilter(Ljakarta/servlet/ServletRequest;Ljakarta/servlet/ServletResponse;)V+99
j  org.apache.catalina.core.ApplicationDispatcher.invoke(Ljakarta/servlet/ServletRequest;Ljakarta/servlet/ServletResponse;Lorg/apache/catalina/core/ApplicationDispatcher$State;)V+344
j  org.apache.catalina.core.ApplicationDispatcher.processRequest(Ljakarta/servlet/ServletRequest;Ljakarta/servlet/ServletResponse;Lorg/apache/catalina/core/ApplicationDispatcher$State;)V+90
j  org.apache.catalina.core.ApplicationDispatcher.doForward(Ljakarta/servlet/ServletRequest;Ljakarta/servlet/ServletResponse;)V+334
j  org.apache.catalina.core.ApplicationDispatcher.forward(Ljakarta/servlet/ServletRequest;Ljakarta/servlet/ServletResponse;)V+55
j  org.springframework.web.servlet.view.InternalResourceView.renderMergedOutputModel(Ljava/util/Map;Ljakarta/servlet/http/HttpServletRequest;Ljakarta/servlet/http/HttpServletResponse;)V+145
j  org.springframework.web.servlet.view.AbstractView.render(Ljava/util/Map;Ljakarta/servlet/http/HttpServletRequest;Ljakarta/servlet/http/HttpServletResponse;)V+97
j  org.springframework.web.servlet.DispatcherServlet.render(Lorg/springframework/web/servlet/ModelAndView;Ljakarta/servlet/http/HttpServletRequest;Ljakarta/servlet/http/HttpServletResponse;)V+224
j  org.springframework.web.servlet.DispatcherServlet.processDispatchResult(Ljakarta/servlet/http/HttpServletRequest;Ljakarta/servlet/http/HttpServletResponse;Lorg/springframework/web/servlet/HandlerExecutionChain;Lorg/springframework/web/servlet/ModelAndView;Ljava/lang/Exception;)V+103
j  org.springframework.web.servlet.DispatcherServlet.doDispatch(Ljakarta/servlet/http/HttpServletRequest;Ljakarta/servlet/http/HttpServletResponse;)V+428
j  org.springframework.web.servlet.DispatcherServlet.doService(Ljakarta/servlet/http/HttpServletRequest;Ljakarta/servlet/http/HttpServletResponse;)V+242
j  org.springframework.web.servlet.FrameworkServlet.processRequest(Ljakarta/servlet/http/HttpServletRequest;Ljakarta/servlet/http/HttpServletResponse;)V+70
j  org.springframework.web.servlet.FrameworkServlet.doGet(Ljakarta/servlet/http/HttpServletRequest;Ljakarta/servlet/http/HttpServletResponse;)V+3
j  jakarta.servlet.http.HttpServlet.service(Ljakarta/servlet/http/HttpServletRequest;Ljakarta/servlet/http/HttpServletResponse;)V+35
j  org.springframework.web.servlet.FrameworkServlet.service(Ljakarta/servlet/http/HttpServletRequest;Ljakarta/servlet/http/HttpServletResponse;)V+20
j  jakarta.servlet.http.HttpServlet.service(Ljakarta/servlet/ServletRequest;Ljakarta/servlet/ServletResponse;)V+37
j  org.apache.catalina.core.ApplicationFilterChain.internalDoFilter(Ljakarta/servlet/ServletRequest;Ljakarta/servlet/ServletResponse;)V+300
j  org.apache.catalina.core.ApplicationFilterChain.doFilter(Ljakarta/servlet/ServletRequest;Ljakarta/servlet/ServletResponse;)V+99
j  org.apache.tomcat.websocket.server.WsFilter.doFilter(Ljakarta/servlet/ServletRequest;Ljakarta/servlet/ServletResponse;Ljakarta/servlet/FilterChain;)V+21
j  org.apache.catalina.core.ApplicationFilterChain.internalDoFilter(Ljakarta/servlet/ServletRequest;Ljakarta/servlet/ServletResponse;)V+130
j  org.apache.catalina.core.ApplicationFilterChain.doFilter(Ljakarta/servlet/ServletRequest;Ljakarta/servlet/ServletResponse;)V+99
j  org.springframework.web.filter.RequestContextFilter.doFilterInternal(Ljakarta/servlet/http/HttpServletRequest;Ljakarta/servlet/http/HttpServletResponse;Ljakarta/servlet/FilterChain;)V+21
j  org.springframework.web.filter.OncePerRequestFilter.doFilter(Ljakarta/servlet/ServletRequest;Ljakarta/servlet/ServletResponse;Ljakarta/servlet/FilterChain;)V+150
j  org.apache.catalina.core.ApplicationFilterChain.internalDoFilter(Ljakarta/servlet/ServletRequest;Ljakarta/servlet/ServletResponse;)V+130
j  org.apache.catalina.core.ApplicationFilterChain.doFilter(Ljakarta/servlet/ServletRequest;Ljakarta/servlet/ServletResponse;)V+99
j  org.springframework.web.filter.FormContentFilter.doFilterInternal(Ljakarta/servlet/http/HttpServletRequest;Ljakarta/servlet/http/HttpServletResponse;Ljakarta/servlet/FilterChain;)V+38
j  org.springframework.web.filter.OncePerRequestFilter.doFilter(Ljakarta/servlet/ServletRequest;Ljakarta/servlet/ServletResponse;Ljakarta/servlet/FilterChain;)V+150
j  org.apache.catalina.core.ApplicationFilterChain.internalDoFilter(Ljakarta/servlet/ServletRequest;Ljakarta/servlet/ServletResponse;)V+130
j  org.apache.catalina.core.ApplicationFilterChain.doFilter(Ljakarta/servlet/ServletRequest;Ljakarta/servlet/ServletResponse;)V+99
j  org.springframework.web.filter.CharacterEncodingFilter.doFilterInternal(Ljakarta/servlet/http/HttpServletRequest;Ljakarta/servlet/http/HttpServletResponse;Ljakarta/servlet/FilterChain;)V+53
j  org.springframework.web.filter.OncePerRequestFilter.doFilter(Ljakarta/servlet/ServletRequest;Ljakarta/servlet/ServletResponse;Ljakarta/servlet/FilterChain;)V+150
j  org.apache.catalina.core.ApplicationFilterChain.internalDoFilter(Ljakarta/servlet/ServletRequest;Ljakarta/servlet/ServletResponse;)V+130
j  org.apache.catalina.core.ApplicationFilterChain.doFilter(Ljakarta/servlet/ServletRequest;Ljakarta/servlet/ServletResponse;)V+99
j  org.apache.catalina.core.StandardWrapperValve.invoke(Lorg/apache/catalina/connector/Request;Lorg/apache/catalina/connector/Response;)V+511
j  org.apache.catalina.core.StandardContextValve.invoke(Lorg/apache/catalina/connector/Request;Lorg/apache/catalina/connector/Response;)V+169
j  org.apache.catalina.authenticator.AuthenticatorBase.invoke(Lorg/apache/catalina/connector/Request;Lorg/apache/catalina/connector/Response;)V+221
j  org.apache.catalina.core.StandardHostValve.invoke(Lorg/apache/catalina/connector/Request;Lorg/apache/catalina/connector/Response;)V+131
j  org.apache.catalina.valves.ErrorReportValve.invoke(Lorg/apache/catalina/connector/Request;Lorg/apache/catalina/connector/Response;)V+6
j  org.apache.catalina.core.StandardEngineValve.invoke(Lorg/apache/catalina/connector/Request;Lorg/apache/catalina/connector/Response;)V+59
j  org.apache.catalina.connector.CoyoteAdapter.service(Lorg/apache/coyote/Request;Lorg/apache/coyote/Response;)V+188
j  org.apache.coyote.http11.Http11Processor.service(Lorg/apache/tomcat/util/net/SocketWrapperBase;)Lorg/apache/tomcat/util/net/AbstractEndpoint$Handler$SocketState;+796
j  org.apache.coyote.AbstractProcessorLight.process(Lorg/apache/tomcat/util/net/SocketWrapperBase;Lorg/apache/tomcat/util/net/SocketEvent;)Lorg/apache/tomcat/util/net/AbstractEndpoint$Handler$SocketState;+155
j  org.apache.coyote.AbstractProtocol$ConnectionHandler.process(Lorg/apache/tomcat/util/net/SocketWrapperBase;Lorg/apache/tomcat/util/net/SocketEvent;)Lorg/apache/tomcat/util/net/AbstractEndpoint$Handler$SocketState;+477
j  org.apache.tomcat.util.net.NioEndpoint$SocketProcessor.doRun()V+222
j  org.apache.tomcat.util.net.SocketProcessorBase.run()V+32
j  org.apache.tomcat.util.threads.ThreadPoolExecutor.runWorker(Lorg/apache/tomcat/util/threads/ThreadPoolExecutor$Worker;)V+92
j  org.apache.tomcat.util.threads.ThreadPoolExecutor$Worker.run()V+5
j  org.apache.tomcat.util.threads.TaskThread$WrappingRunnable.run()V+4
j  java.lang.Thread.runWith(Ljava/lang/Object;Ljava/lang/Runnable;)V+5 java.base@21.0.6
j  java.lang.Thread.run()V+19 java.base@21.0.6
v  ~StubRoutines::call_stub 0x000001a2f11b100d

siginfo: EXCEPTION_ACCESS_VIOLATION (0xc0000005), reading address 0x00000038014a0008


Registers:
RAX=0x00000038e73fb808, RBX=0x000001a349f2e180, RCX=0x00000038e73fb790, RDX=0x00000038e73fb790
RSP=0x00000038e73fb7c0, RBP=0x00000038e73fb950, RSI=0x00000038e73fb920, RDI=0x000001a347630a40
R8 =0x00000038014a0000, R9 =0x000001a342c442a8, R10=0x000001a3478d9cc0, R11=0x0000000000000000
R12=0x0000000000000000, R13=0x000001a342c44fe9, R14=0x00000000000000b6, R15=0x000001a342c44fe9
RIP=0x00007ff9c1583471, EFLAGS=0x0000000000010202


Register to memory mapping:

RAX=0x00000038e73fb808 is pointing into the stack for thread: 0x000001a347630a40
RBX=0x000001a349f2e180 points into unknown readable memory: 0x00000038014a0000 | 00 00 4a 01 38 00 00 00
RCX=0x00000038e73fb790 is pointing into the stack for thread: 0x000001a347630a40
RDX=0x00000038e73fb790 is pointing into the stack for thread: 0x000001a347630a40
RSP=0x00000038e73fb7c0 is pointing into the stack for thread: 0x000001a347630a40
RBP=0x00000038e73fb950 is pointing into the stack for thread: 0x000001a347630a40
RSI=0x00000038e73fb920 is pointing into the stack for thread: 0x000001a347630a40
RDI=0x000001a347630a40 is a thread
R8 =0x00000038014a0000 is an unknown value
R9 =0x000001a342c442a8 is pointing into metadata
R10=0x000001a3478d9cc0 points into unknown readable memory: 0x0000002000000006 | 06 00 00 00 20 00 00 00
R11=0x0 is null
R12=0x0 is null
R13=0x000001a342c44fe9 is pointing into metadata
R14=0x00000000000000b6 is an unknown value
R15=0x000001a342c44fe9 is pointing into metadata

Top of Stack: (sp=0x00000038e73fb7c0)
0x00000038e73fb7c0:   000001a349f2e180 00000038e73fb950
0x00000038e73fb7d0:   00000038e73fb920 000000030000000c
0x00000038e73fb7e0:   000001a347630a0a 0000000000000000
0x00000038e73fb7f0:   00000000000000b6 00007ff9c12c191f
0x00000038e73fb800:   000001a2df6c0000 000001a346eb3118
0x00000038e73fb810:   000001a3463ff5a8 000001a3014170c8
0x00000038e73fb820:   000001a3014170c8 0000000000000000
0x00000038e73fb830:   0000000000000000 00000038000a0101
0x00000038e73fb840:   000001a345eb7a00 00007ff9c13868e5
0x00000038e73fb850:   000001a347630a40 000001a349f2e180
0x00000038e73fb860:   0000000200000000 000000060801d7a0
0x00000038e73fb870:   00000038000000b6 000001a347630a40
0x00000038e73fb880:   000001a342c45018 000001a347630a40
0x00000038e73fb890:   0000000000000000 0000000000000000
0x00000038e73fb8a0:   000001a342c442a8 000001a347630a40
0x00000038e73fb8b0:   000001a342c44fe9 000001a2000000b6
0x00000038e73fb8c0:   000001a342c45018 0000000000000000
0x00000038e73fb8d0:   0000000000000000 00000038e73fbc00
0x00000038e73fb8e0:   00000038e73fbbb0 00000038e73fbbb0
0x00000038e73fb8f0:   000001a2f11ca35d 000001a2f11b8190
0x00000038e73fb900:   0000000000000000 0000000000000000
0x00000038e73fb910:   00000038e73fbc00 00000038e73fbbb0
0x00000038e73fb920:   00000038e73fb9e0 0000000000000000
0x00000038e73fb930:   0000000000000000 0000000000000000
0x00000038e73fb940:   0000000000000000 0000000000000000
0x00000038e73fb950:   0000000000000000 0000000000000000
0x00000038e73fb960:   000001a347630a40 000001a342c44fe9
0x00000038e73fb970:   00000038e73fbc18 000001a347630a40
0x00000038e73fb980:   00000038e73fc000 00000000000000b6
0x00000038e73fb990:   00000038e73fbaa0 00007ff9c1385f5d
0x00000038e73fb9a0:   000001a342c442a8 0000000000000000
0x00000038e73fb9b0:   00000000000003d8 000001a2ff5c4aa8 

Instructions: (pc=0x00007ff9c1583471)
0x00007ff9c1583371:   e8 ca cf ff ff 48 83 7b 08 00 0f 85 d0 01 00 00
0x00007ff9c1583381:   4c 8b cb 48 8d 54 24 48 41 b0 01 48 8b ce e8 1c
0x00007ff9c1583391:   10 00 00 e9 b8 01 00 00 48 8b bc 24 b8 00 00 00
0x00007ff9c15833a1:   48 8d 4c 24 48 41 b9 b7 00 00 00 48 89 7c 24 20
0x00007ff9c15833b1:   45 8b c2 49 8b d3 e8 84 cf ff ff 48 83 7f 08 00
0x00007ff9c15833c1:   0f 85 8a 01 00 00 48 8b d7 48 8d 4c 24 48 e8 5c
0x00007ff9c15833d1:   df ff ff 48 83 7f 08 00 0f 85 72 01 00 00 48 89
0x00007ff9c15833e1:   44 24 38 48 89 7c 24 40 48 85 c0 74 16 48 8b 8f
0x00007ff9c15833f1:   28 03 00 00 48 8d 54 24 30 48 89 44 24 30 e8 ac
0x00007ff9c1583401:   66 a3 ff 4c 8b cb 48 89 7c 24 20 4c 8d 44 24 38
0x00007ff9c1583411:   48 8b ce 48 8d 54 24 48 e8 42 19 00 00 48 8d 4c
0x00007ff9c1583421:   24 38 e8 c8 aa dc ff e9 24 01 00 00 48 8b bc 24
0x00007ff9c1583431:   b8 00 00 00 48 8d 4c 24 48 41 b9 b6 00 00 00 48
0x00007ff9c1583441:   89 7c 24 20 45 8b c2 49 8b d3 e8 f0 ce ff ff 48
0x00007ff9c1583451:   83 7f 08 00 0f 85 f6 00 00 00 48 85 db 75 05 45
0x00007ff9c1583461:   33 c0 eb 26 80 3d 2e b1 5e 00 00 4c 8b 03 74 16
0x00007ff9c1583471:   45 8b 40 08 8b 0d fd 9a 5e 00 49 d3 e0 4c 03 05
0x00007ff9c1583481:   eb 9a 5e 00 eb 04 4d 8b 40 08 48 89 7c 24 28 4c
0x00007ff9c1583491:   8d 4c 24 48 48 8b d3 c6 44 24 20 01 48 8b ce e8
0x00007ff9c15834a1:   7b 11 00 00 e9 a7 00 00 00 4c 8b 8c 24 b8 00 00
0x00007ff9c15834b1:   00 45 8b c2 49 8b d3 48 8b ce e8 20 03 00 00 e9
0x00007ff9c15834c1:   96 00 00 00 4c 8b 8c 24 b8 00 00 00 45 8b c2 49
0x00007ff9c15834d1:   8b d3 48 8b ce e8 f5 00 00 00 eb 7e 48 8b bc 24
0x00007ff9c15834e1:   b8 00 00 00 48 8d 4c 24 48 41 b9 b9 00 00 00 48
0x00007ff9c15834f1:   89 7c 24 20 45 8b c2 49 8b d3 e8 40 ce ff ff 48
0x00007ff9c1583501:   83 7f 08 00 75 4a 48 85 db 75 05 45 33 c0 eb 26
0x00007ff9c1583511:   80 3d 82 b0 5e 00 00 4c 8b 03 74 16 45 8b 40 08
0x00007ff9c1583521:   8b 0d 51 9a 5e 00 49 d3 e0 4c 03 05 3f 9a 5e 00
0x00007ff9c1583531:   eb 04 4d 8b 40 08 48 89 7c 24 28 4c 8d 4c 24 48
0x00007ff9c1583541:   48 8b d3 c6 44 24 20 01 48 8b ce e8 ff f4 ff ff
0x00007ff9c1583551:   48 8d 4c 24 68 e8 95 a9 dc ff 48 8b bc 24 90 00
0x00007ff9c1583561:   00 00 48 8b 9c 24 98 00 00 00 48 81 c4 80 00 00 


Stack slot to memory mapping:

stack at sp + 0 slots: 0x000001a349f2e180 points into unknown readable memory: 0x00000038014a0000 | 00 00 4a 01 38 00 00 00
stack at sp + 1 slots: 0x00000038e73fb950 is pointing into the stack for thread: 0x000001a347630a40
stack at sp + 2 slots: 0x00000038e73fb920 is pointing into the stack for thread: 0x000001a347630a40
stack at sp + 3 slots: 0x000000030000000c is an unknown value
stack at sp + 4 slots: 0x000001a347630a0a points into unknown readable memory: 00 00 00 00 00 00
stack at sp + 5 slots: 0x0 is null
stack at sp + 6 slots: 0x00000000000000b6 is an unknown value
stack at sp + 7 slots: 0x00007ff9c12c191f jvm.dll

invokevirtual  182 invokevirtual  [0x000001a2f11ca300, 0x000001a2f11ca7d0]  1232 bytes
[MachCode]
  0x000001a2f11ca300: 4883 ec08 | c5fa 1104 | 24eb 1f48 | 83ec 10c5 | fb11 0424 | eb14 4883 | ec10 4889 | 0424 48c7 
  0x000001a2f11ca320: 4424 0800 | 0000 00eb | 0150 4c89 | 6dc0 410f | b755 0148 | 8b4d d0c1 | e202 8b5c | d138 c1eb 
  0x000001a2f11ca340: 1881 e3ff | 0000 0081 | fbb6 0000 | 000f 84b4 | 0000 00bb | b600 0000 | e805 0000 | 00e9 9900 
  0x000001a2f11ca360: 0000 488b | d348 8d44 | 2408 4c89 | 6dc0 498b | cfc5 f877 | 4989 afa8 | 0300 0049 | 8987 9803 
  0x000001a2f11ca380: 0000 4883 | ec20 40f6 | c40f 0f84 | 1900 0000 | 4883 ec08 | 48b8 f05e | 38c1 f97f | 0000 ffd0 
  0x000001a2f11ca3a0: 4883 c408 | e90c 0000 | 0048 b8f0 | 5e38 c1f9 | 7f00 00ff | d048 83c4 | 2049 c787 | 9803 0000 
  0x000001a2f11ca3c0: 0000 0000 | 49c7 87a8 | 0300 0000 | 0000 0049 | c787 a003 | 0000 0000 | 0000 c5f8 | 7749 837f 
  0x000001a2f11ca3e0: 0800 0f84 | 0500 0000 | e913 6bfe | ff4c 8b6d | c04c 8b75 | c84e 8d74 | f500 c341 | 0fb7 5501 
  0x000001a2f11ca400: 488b 4dd0 | c1e2 0248 | 8b5c d148 | 8b54 d150 | 8bca 81e1 | ff00 0000 | 488b 4ccc | f844 8bea 
  0x000001a2f11ca420: c1ea 1c49 | ba20 dbbf | c1f9 7f00 | 0049 8b14 | d252 418b | d54c 8b6d | c08b c225 | 0000 1000 
  0x000001a2f11ca440: 0f84 7801 | 0000 483b | 0148 8b45 | d848 85c0 | 0f84 1200 | 0000 4883 | 4008 0148 | 8358 0800 
  0x000001a2f11ca460: 4883 c038 | 4889 45d8 | 488b 45d8 | 4885 c00f | 843d 0100 | 0080 78c8 | 0b0f 8533 | 0100 0048 
  0x000001a2f11ca480: 83c0 084c | 8b68 f841 | 83ed 0041 | 83fd 020f | 8c12 0100 | 004c 8b6b | 0845 0fb7 | 6d2e 4c2b 
  0x000001a2f11ca4a0: 2841 83ed | 014e 8b6c | ec08 4d85 | ed75 0ef6 | 4008 0175 | 58f0 4883 | 4808 01eb | 5045 8b6d 
  0x000001a2f11ca4c0: 0849 ba00 | 0000 00a3 | 0100 004d | 03ea 4d8b | d54c 3368 | 0849 f7c5 | fcff ffff | 742f 41f6 
  0x000001a2f11ca4e0: c502 7529 | 4883 7808 | 0074 1e48 | 8378 0801 | 7417 4d8b | ea4c 3368 | 0849 f7c5 | fcff ffff 
  0x000001a2f11ca500: 740b 4883 | 4808 02eb | 044c 8968 | 0848 83c0 | 104c 8b68 | e841 83ed | 0241 83fd | 020f 8c84 
  0x000001a2f11ca520: 0000 004c | 8b6b 0845 | 0fb7 6d2e | 4c2b 2841 | 83ed 014e | 8b6c ec08 | 4d85 ed75 | 0ef6 4008 
  0x000001a2f11ca540: 0175 58f0 | 4883 4808 | 01eb 5045 | 8b6d 0849 | ba00 0000 | 00a3 0100 | 004d 03ea | 4d8b d54c 
  0x000001a2f11ca560: 3368 0849 | f7c5 fcff | ffff 742f | 41f6 c502 | 7529 4883 | 7808 0074 | 1e48 8378 | 0801 7417 
  0x000001a2f11ca580: 4d8b ea4c | 3368 0849 | f7c5 fcff | ffff 740b | 4883 4808 | 02eb 044c | 8968 0848 | 83c0 104c 
  0x000001a2f11ca5a0: 8b68 d841 | 83ed 0441 | c1e5 0349 | 03c5 4889 | 45d8 4c8d | 6c24 084c | 896d f0ff | 6350 8b41 
  0x000001a2f11ca5c0: 0849 ba00 | 0000 00a3 | 0100 0049 | 03c2 4c8b | 75d8 4d85 | f60f 8495 | 0000 0049 | 8b56 1848 
  0x000001a2f11ca5e0: 3bd0 0f85 | 0f00 0000 | 4983 4620 | 0149 835e | 2000 e971 | 0000 0048 | 85d2 0f84 | 4200 0000 
  0x000001a2f11ca600: 498b 5628 | 483b d00f | 850f 0000 | 0049 8346 | 3001 4983 | 5e30 00e9 | 4c00 0000 | 4885 d274 
  0x000001a2f11ca620: 0f49 8346 | 0801 4983 | 5e08 00e9 | 3800 0000 | 4989 4628 | ba01 0000 | 0049 8956 | 30e9 2600 
  0x000001a2f11ca640: 0000 493b | 4628 0f85 | 0f00 0000 | 4983 4630 | 0149 835e | 3000 e90d | 0000 0049 | 8946 18ba 
  0x000001a2f11ca660: 0100 0000 | 4989 5620 | 4983 c638 | 4c89 75d8 | 488b 9cd8 | c001 0000 | 488b 55d8 | 4885 d20f 
  0x000001a2f11ca680: 843d 0100 | 0080 7ac8 | 0b0f 8533 | 0100 0048 | 83c2 084c | 8b6a f841 | 83ed 0041 | 83fd 020f 
  0x000001a2f11ca6a0: 8c12 0100 | 004c 8b6b | 0845 0fb7 | 6d2e 4c2b | 2a41 83ed | 014e 8b6c | ec08 4d85 | ed75 0ef6 
  0x000001a2f11ca6c0: 4208 0175 | 58f0 4883 | 4a08 01eb | 5045 8b6d | 0849 ba00 | 0000 00a3 | 0100 004d | 03ea 4d8b 
  0x000001a2f11ca6e0: d54c 336a | 0849 f7c5 | fcff ffff | 742f 41f6 | c502 7529 | 4883 7a08 | 0074 1e48 | 837a 0801 
  0x000001a2f11ca700: 7417 4d8b | ea4c 336a | 0849 f7c5 | fcff ffff | 740b 4883 | 4a08 02eb | 044c 896a | 0848 83c2 
  0x000001a2f11ca720: 104c 8b6a | e841 83ed | 0241 83fd | 020f 8c84 | 0000 004c | 8b6b 0845 | 0fb7 6d2e | 4c2b 2a41 
  0x000001a2f11ca740: 83ed 014e | 8b6c ec08 | 4d85 ed75 | 0ef6 4208 | 0175 58f0 | 4883 4a08 | 01eb 5045 | 8b6d 0849 
  0x000001a2f11ca760: ba00 0000 | 00a3 0100 | 004d 03ea | 4d8b d54c | 336a 0849 | f7c5 fcff | ffff 742f | 41f6 c502 
  0x000001a2f11ca780: 7529 4883 | 7a08 0074 | 1e48 837a | 0801 7417 | 4d8b ea4c | 336a 0849 | f7c5 fcff | ffff 740b 
  0x000001a2f11ca7a0: 4883 4a08 | 02eb 044c | 896a 0848 | 83c2 104c | 8b6a d841 | 83ed 0441 | c1e5 0349 | 03d5 4889 
  0x000001a2f11ca7c0: 55d8 4c8d | 6c24 084c | 896d f0ff | 6350 6690 
[/MachCode]

---------------  P R O C E S S  ---------------

Threads class SMR info:
_java_thread_list=0x000001a2ff4ee030, length=32, elements={
0x000001a2fa133510, 0x000001a2fa135280, 0x000001a2fa137e90, 0x000001a2fa13ad20,
0x000001a2fa13b920, 0x000001a2fa13d530, 0x000001a2fa13e460, 0x000001a2ff2a36b0,
0x000001a2ff3adcc0, 0x000001a2ff40c7f0, 0x000001a2ff52ee50, 0x000001a2ff9b1c80,
0x000001a346cd47b0, 0x000001a348f274d0, 0x000001a348e3a9c0, 0x000001a347630a40,
0x000001a348870240, 0x000001a348c40570, 0x000001a347a55150, 0x000001a346acf150,
0x000001a3481f3fc0, 0x000001a3481f5a00, 0x000001a3481f6720, 0x000001a3481f5370,
0x000001a3481f6db0, 0x000001a3481f6090, 0x000001a3481f3930, 0x000001a34aa4fe80,
0x000001a346836f40, 0x000001a2ff4b6fd0, 0x000001a346777880, 0x000001a2ff989a40
}

Java Threads: ( => current thread )
  0x000001a2fa133510 JavaThread "Reference Handler"          daemon [_thread_blocked, id=37660, stack(0x00000038e4a00000,0x00000038e4b00000) (1024K)]
  0x000001a2fa135280 JavaThread "Finalizer"                  daemon [_thread_blocked, id=31780, stack(0x00000038e4b00000,0x00000038e4c00000) (1024K)]
  0x000001a2fa137e90 JavaThread "Signal Dispatcher"          daemon [_thread_blocked, id=32772, stack(0x00000038e4c00000,0x00000038e4d00000) (1024K)]
  0x000001a2fa13ad20 JavaThread "Attach Listener"            daemon [_thread_blocked, id=24544, stack(0x00000038e4d00000,0x00000038e4e00000) (1024K)]
  0x000001a2fa13b920 JavaThread "Service Thread"             daemon [_thread_blocked, id=1816, stack(0x00000038e4e00000,0x00000038e4f00000) (1024K)]
  0x000001a2fa13d530 JavaThread "Monitor Deflation Thread"   daemon [_thread_blocked, id=30204, stack(0x00000038e4f00000,0x00000038e5000000) (1024K)]
  0x000001a2fa13e460 JavaThread "C2 CompilerThread0"         daemon [_thread_blocked, id=27860, stack(0x00000038e5000000,0x00000038e5100000) (1024K)]
  0x000001a2ff2a36b0 JavaThread "C1 CompilerThread0"         daemon [_thread_blocked, id=30184, stack(0x00000038e5100000,0x00000038e5200000) (1024K)]
  0x000001a2ff3adcc0 JavaThread "Common-Cleaner"             daemon [_thread_blocked, id=24840, stack(0x00000038e5200000,0x00000038e5300000) (1024K)]
  0x000001a2ff40c7f0 JavaThread "C2 CompilerThread1"         daemon [_thread_blocked, id=33340, stack(0x00000038e5600000,0x00000038e5700000) (1024K)]
  0x000001a2ff52ee50 JavaThread "Monitor Ctrl-Break"         daemon [_thread_in_native, id=13488, stack(0x00000038e5900000,0x00000038e5a00000) (1024K)]
  0x000001a2ff9b1c80 JavaThread "Notification Thread"        daemon [_thread_blocked, id=9040, stack(0x00000038e5a00000,0x00000038e5b00000) (1024K)]
  0x000001a346cd47b0 JavaThread "Catalina-utility-1"                [_thread_blocked, id=37588, stack(0x00000038e7000000,0x00000038e7100000) (1024K)]
  0x000001a348f274d0 JavaThread "Catalina-utility-2"                [_thread_blocked, id=9024, stack(0x00000038e7100000,0x00000038e7200000) (1024K)]
  0x000001a348e3a9c0 JavaThread "container-0"                       [_thread_blocked, id=31640, stack(0x00000038e7200000,0x00000038e7300000) (1024K)]
=>0x000001a347630a40 JavaThread "http-nio-8080-exec-1"       daemon [_thread_in_vm, id=33004, stack(0x00000038e7300000,0x00000038e7400000) (1024K)]
  0x000001a348870240 JavaThread "http-nio-8080-exec-2"       daemon [_thread_blocked, id=22600, stack(0x00000038e7400000,0x00000038e7500000) (1024K)]
  0x000001a348c40570 JavaThread "http-nio-8080-exec-3"       daemon [_thread_blocked, id=6848, stack(0x00000038e7500000,0x00000038e7600000) (1024K)]
  0x000001a347a55150 JavaThread "http-nio-8080-exec-4"       daemon [_thread_blocked, id=2768, stack(0x00000038e7600000,0x00000038e7700000) (1024K)]
  0x000001a346acf150 JavaThread "http-nio-8080-exec-5"       daemon [_thread_blocked, id=34984, stack(0x00000038e7700000,0x00000038e7800000) (1024K)]
  0x000001a3481f3fc0 JavaThread "http-nio-8080-exec-6"       daemon [_thread_blocked, id=23576, stack(0x00000038e7800000,0x00000038e7900000) (1024K)]
  0x000001a3481f5a00 JavaThread "http-nio-8080-exec-7"       daemon [_thread_blocked, id=31316, stack(0x00000038e7900000,0x00000038e7a00000) (1024K)]
  0x000001a3481f6720 JavaThread "http-nio-8080-exec-8"       daemon [_thread_blocked, id=17060, stack(0x00000038e7a00000,0x00000038e7b00000) (1024K)]
  0x000001a3481f5370 JavaThread "http-nio-8080-exec-9"       daemon [_thread_blocked, id=37680, stack(0x00000038e7b00000,0x00000038e7c00000) (1024K)]
  0x000001a3481f6db0 JavaThread "http-nio-8080-exec-10"      daemon [_thread_blocked, id=17596, stack(0x00000038e7c00000,0x00000038e7d00000) (1024K)]
  0x000001a3481f6090 JavaThread "http-nio-8080-Poller"       daemon [_thread_in_native, id=10508, stack(0x00000038e7d00000,0x00000038e7e00000) (1024K)]
  0x000001a3481f3930 JavaThread "http-nio-8080-Acceptor"     daemon [_thread_in_native, id=35848, stack(0x00000038e7e00000,0x00000038e7f00000) (1024K)]
  0x000001a34aa4fe80 JavaThread "DestroyJavaVM"                     [_thread_blocked, id=23448, stack(0x00000038e4200000,0x00000038e4300000) (1024K)]
  0x000001a346836f40 JavaThread "C2 CompilerThread2"         daemon [_thread_blocked, id=29040, stack(0x00000038e5300000,0x00000038e5400000) (1024K)]
  0x000001a2ff4b6fd0 JavaThread "C1 CompilerThread1"         daemon [_thread_blocked, id=23812, stack(0x00000038e5400000,0x00000038e5500000) (1024K)]
  0x000001a346777880 JavaThread "C2 CompilerThread3"         daemon [_thread_blocked, id=16980, stack(0x00000038e5500000,0x00000038e5600000) (1024K)]
  0x000001a2ff989a40 JavaThread "C2 CompilerThread4"         daemon [_thread_blocked, id=37120, stack(0x00000038e5700000,0x00000038e5800000) (1024K)]
Total: 32

Other Threads:
  0x000001a2df6d07e0 VMThread "VM Thread"                           [id=26096, stack(0x00000038e4900000,0x00000038e4a00000) (1024K)]
  0x000001a2ff290b10 WatcherThread "VM Periodic Task Thread"        [id=19308, stack(0x00000038e4800000,0x00000038e4900000) (1024K)]
  0x000001a2df6d12c0 WorkerThread "GC Thread#0"                     [id=31516, stack(0x00000038e4300000,0x00000038e4400000) (1024K)]
  0x000001a2df6cfd00 WorkerThread "GC Thread#1"                     [id=33784, stack(0x00000038e5800000,0x00000038e5900000) (1024K)]
  0x000001a2df6d00a0 WorkerThread "GC Thread#2"                     [id=22300, stack(0x00000038e5b00000,0x00000038e5c00000) (1024K)]
  0x000001a34560aaf0 WorkerThread "GC Thread#3"                     [id=19008, stack(0x00000038e5c00000,0x00000038e5d00000) (1024K)]
  0x000001a34560ae90 WorkerThread "GC Thread#4"                     [id=34156, stack(0x00000038e5d00000,0x00000038e5e00000) (1024K)]
  0x000001a345609530 WorkerThread "GC Thread#5"                     [id=18180, stack(0x00000038e5e00000,0x00000038e5f00000) (1024K)]
  0x000001a34560a010 WorkerThread "GC Thread#6"                     [id=30188, stack(0x00000038e5f00000,0x00000038e6000000) (1024K)]
  0x000001a34560a3b0 WorkerThread "GC Thread#7"                     [id=37188, stack(0x00000038e6000000,0x00000038e6100000) (1024K)]
  0x000001a345609c70 WorkerThread "GC Thread#8"                     [id=21028, stack(0x00000038e6100000,0x00000038e6200000) (1024K)]
  0x000001a3456098d0 WorkerThread "GC Thread#9"                     [id=36676, stack(0x00000038e6200000,0x00000038e6300000) (1024K)]
  0x000001a34560a750 WorkerThread "GC Thread#10"                    [id=37700, stack(0x00000038e6300000,0x00000038e6400000) (1024K)]
  0x000001a34560b540 WorkerThread "GC Thread#11"                    [id=24768, stack(0x00000038e6400000,0x00000038e6500000) (1024K)]
  0x000001a34560eba0 WorkerThread "GC Thread#12"                    [id=36012, stack(0x00000038e6500000,0x00000038e6600000) (1024K)]
  0x000001a34560ef40 WorkerThread "GC Thread#13"                    [id=36520, stack(0x00000038e6900000,0x00000038e6a00000) (1024K)]
  0x000001a34560c3c0 WorkerThread "GC Thread#14"                    [id=36444, stack(0x00000038e6a00000,0x00000038e6b00000) (1024K)]
  0x000001a2e01a2520 ConcurrentGCThread "G1 Main Marker"            [id=34020, stack(0x00000038e4400000,0x00000038e4500000) (1024K)]
  0x000001a2df6d1660 WorkerThread "G1 Conc#0"                       [id=28500, stack(0x00000038e4500000,0x00000038e4600000) (1024K)]
  0x000001a34560cb00 WorkerThread "G1 Conc#1"                       [id=2480, stack(0x00000038e6b00000,0x00000038e6c00000) (1024K)]
  0x000001a34560cea0 WorkerThread "G1 Conc#2"                       [id=15156, stack(0x00000038e6c00000,0x00000038e6d00000) (1024K)]
  0x000001a34560d240 WorkerThread "G1 Conc#3"                       [id=12104, stack(0x00000038e6d00000,0x00000038e6e00000) (1024K)]
  0x000001a2e01de590 ConcurrentGCThread "G1 Refine#0"               [id=36404, stack(0x00000038e4600000,0x00000038e4700000) (1024K)]
  0x000001a2fa051140 ConcurrentGCThread "G1 Service"                [id=16048, stack(0x00000038e4700000,0x00000038e4800000) (1024K)]
Total: 24

Threads with active compile tasks:
Total: 0

VM state: not at safepoint (normal execution)

VM Mutex/Monitor currently owned by a thread: None

Heap address: 0x0000000604c00000, size: 8116 MB, Compressed Oops mode: Zero based, Oop shift amount: 3

CDS archive(s) mapped at: [0x000001a300000000-0x000001a300c90000-0x000001a300c90000), size 13172736, SharedBaseAddress: 0x000001a300000000, ArchiveRelocationMode: 1.
Compressed class space mapped at: 0x000001a301000000-0x000001a341000000, reserved size: 1073741824
Narrow klass base: 0x000001a300000000, Narrow klass shift: 0, Narrow klass range: 0x100000000

GC Precious Log:
 CardTable entry size: 512
 Card Set container configuration: InlinePtr #cards 4 size 8 Array Of Cards #cards 32 size 80 Howl #buckets 8 coarsen threshold 7372 Howl Bitmap #cards 1024 size 144 coarsen threshold 921 Card regions per heap region 1 cards per card region 8192
 CPUs: 20 total, 20 available
 Memory: 32452M
 Large Page Support: Disabled
 NUMA Support: Disabled
 Compressed Oops: Enabled (Zero based)
 Heap Region Size: 4M
 Heap Min Capacity: 8M
 Heap Initial Capacity: 508M
 Heap Max Capacity: 8116M
 Pre-touch: Disabled
 Parallel Workers: 15
 Concurrent Workers: 4
 Concurrent Refinement Workers: 15
 Periodic GC: Disabled

Heap:
 garbage-first heap   total 81920K, used 34225K [0x0000000604c00000, 0x0000000800000000)
  region size 4096K, 7 young (28672K), 1 survivors (4096K)
 Metaspace       used 40760K, committed 41280K, reserved 1114112K
  class space    used 4601K, committed 4800K, reserved 1048576K

Heap Regions: E=young(eden), S=young(survivor), O=old, HS=humongous(starts), HC=humongous(continues), CS=collection set, F=free, TAMS=top-at-mark-start, PB=parsable bottom
|   0|0x0000000604c00000, 0x0000000605000000, 0x0000000605000000|100%| O|  |TAMS 0x0000000604c00000| PB 0x0000000604c00000| Untracked 
|   1|0x0000000605000000, 0x0000000605000000, 0x0000000605400000|  0%| F|  |TAMS 0x0000000605000000| PB 0x0000000605000000| Untracked 
|   2|0x0000000605400000, 0x0000000605800000, 0x0000000605800000|100%| O|  |TAMS 0x0000000605400000| PB 0x0000000605400000| Untracked 
|   3|0x0000000605800000, 0x0000000605c00000, 0x0000000605c00000|100%| O|  |TAMS 0x0000000605800000| PB 0x0000000605800000| Untracked 
|   4|0x0000000605c00000, 0x0000000605ed0948, 0x0000000606000000| 70%| O|Cm|TAMS 0x0000000605c00000| PB 0x0000000605c00000| Complete 
|   5|0x0000000606000000, 0x0000000606000000, 0x0000000606400000|  0%| F|  |TAMS 0x0000000606000000| PB 0x0000000606000000| Untracked 
|   6|0x0000000606400000, 0x0000000606400000, 0x0000000606800000|  0%| F|  |TAMS 0x0000000606400000| PB 0x0000000606400000| Untracked 
|   7|0x0000000606800000, 0x0000000606800000, 0x0000000606c00000|  0%| F|  |TAMS 0x0000000606800000| PB 0x0000000606800000| Untracked 
|   8|0x0000000606c00000, 0x0000000606c00000, 0x0000000607000000|  0%| F|  |TAMS 0x0000000606c00000| PB 0x0000000606c00000| Untracked 
|   9|0x0000000607000000, 0x0000000607000000, 0x0000000607400000|  0%| F|  |TAMS 0x0000000607000000| PB 0x0000000607000000| Untracked 
|  10|0x0000000607400000, 0x0000000607400000, 0x0000000607800000|  0%| F|  |TAMS 0x0000000607400000| PB 0x0000000607400000| Untracked 
|  11|0x0000000607800000, 0x0000000607800000, 0x0000000607c00000|  0%| F|  |TAMS 0x0000000607800000| PB 0x0000000607800000| Untracked 
|  12|0x0000000607c00000, 0x0000000607c00000, 0x0000000608000000|  0%| F|  |TAMS 0x0000000607c00000| PB 0x0000000607c00000| Untracked 
|  13|0x0000000608000000, 0x0000000608056f68, 0x0000000608400000|  8%| E|  |TAMS 0x0000000608000000| PB 0x0000000608000000| Complete 
|  14|0x0000000608400000, 0x0000000608800000, 0x0000000608800000|100%| E|CS|TAMS 0x0000000608400000| PB 0x0000000608400000| Complete 
|  15|0x0000000608800000, 0x0000000608c00000, 0x0000000608c00000|100%| E|CS|TAMS 0x0000000608800000| PB 0x0000000608800000| Complete 
|  16|0x0000000608c00000, 0x0000000609000000, 0x0000000609000000|100%| E|CS|TAMS 0x0000000608c00000| PB 0x0000000608c00000| Complete 
| 110|0x0000000620400000, 0x0000000620800000, 0x0000000620800000|100%| E|  |TAMS 0x0000000620400000| PB 0x0000000620400000| Complete 
| 111|0x0000000620800000, 0x0000000620a9bb28, 0x0000000620c00000| 65%| S|CS|TAMS 0x0000000620800000| PB 0x0000000620800000| Complete 
| 126|0x0000000624400000, 0x0000000624800000, 0x0000000624800000|100%| E|CS|TAMS 0x0000000624400000| PB 0x0000000624400000| Complete 

Card table byte_map: [0x000001a2fb120000,0x000001a2fc100000] _byte_map_base: 0x000001a2f80fa000

Marking Bits: (CMBitMap*) 0x000001a2f9fc0720
 Bits: [0x000001a280000000, 0x000001a287ed0000)

Polling page: 0x000001a2df690000

Metaspace:

Usage:
  Non-class:     35.31 MB used.
      Class:      4.49 MB used.
       Both:     39.81 MB used.

Virtual space:
  Non-class space:       64.00 MB reserved,      35.62 MB ( 56%) committed,  1 nodes.
      Class space:        1.00 GB reserved,       4.69 MB ( <1%) committed,  1 nodes.
             Both:        1.06 GB reserved,      40.31 MB (  4%) committed. 

Chunk freelists:
   Non-Class:  12.04 MB
       Class:  11.32 MB
        Both:  23.35 MB

MaxMetaspaceSize: unlimited
CompressedClassSpaceSize: 1.00 GB
Initial GC threshold: 21.00 MB
Current GC threshold: 59.19 MB
CDS: on
 - commit_granule_bytes: 65536.
 - commit_granule_words: 8192.
 - virtual_space_node_default_size: 8388608.
 - enlarge_chunks_in_place: 1.
 - use_allocation_guard: 0.


Internal statistics:

num_allocs_failed_limit: 9.
num_arena_births: 692.
num_arena_deaths: 0.
num_vsnodes_births: 2.
num_vsnodes_deaths: 0.
num_space_committed: 645.
num_space_uncommitted: 0.
num_chunks_returned_to_freelist: 9.
num_chunks_taken_from_freelist: 2067.
num_chunk_merges: 9.
num_chunk_splits: 1435.
num_chunks_enlarged: 1042.
num_inconsistent_stats: 0.

CodeHeap 'non-profiled nmethods': size=119168Kb used=3033Kb max_used=3252Kb free=116134Kb
 bounds [0x000001a2f1900000, 0x000001a2f1c30000, 0x000001a2f8d60000]
CodeHeap 'profiled nmethods': size=119104Kb used=10448Kb max_used=10448Kb free=108655Kb
 bounds [0x000001a2e9d60000, 0x000001a2ea800000, 0x000001a2f11b0000]
CodeHeap 'non-nmethods': size=7488Kb used=2120Kb max_used=3294Kb free=5367Kb
 bounds [0x000001a2f11b0000, 0x000001a2f14f0000, 0x000001a2f1900000]
 total_blobs=5327 nmethods=4709 adapters=520
 compilation: enabled
              stopped_count=0, restarted_count=0
 full_count=0

Compilation events (20 events):
Event: 15.113 Thread 0x000001a2ff2a36b0 nmethod 5171 0x000001a2e9d91090 code [0x000001a2e9d91240, 0x000001a2e9d91400]
Event: 15.113 Thread 0x000001a2ff2a36b0 5172       3       java.lang.invoke.LambdaFormBuffer::<init> (89 bytes)
Event: 15.114 Thread 0x000001a2ff2a36b0 nmethod 5172 0x000001a2e9d90910 code [0x000001a2e9d90ae0, 0x000001a2e9d90ee0]
Event: 15.114 Thread 0x000001a2ff4b6fd0 nmethod 5173 0x000001a2e9d9e690 code [0x000001a2e9d9e900, 0x000001a2e9d9f728]
Event: 15.115 Thread 0x000001a2ff2a36b0 5177       3       org.apache.jasper.compiler.SmapUtil$SDEInstaller::readU1 (21 bytes)
Event: 15.115 Thread 0x000001a2ff4b6fd0 5178       3       org.apache.jasper.compiler.SmapUtil$SDEInstaller::writeU1 (19 bytes)
Event: 15.116 Thread 0x000001a2ff2a36b0 nmethod 5177 0x000001a2e9d90510 code [0x000001a2e9d906c0, 0x000001a2e9d90808]
Event: 15.116 Thread 0x000001a2ff2a36b0 5179       3       org.apache.jasper.compiler.SmapUtil$SDEInstaller::readBytes (38 bytes)
Event: 15.116 Thread 0x000001a2ff4b6fd0 nmethod 5178 0x000001a2e9d90010 code [0x000001a2e9d901c0, 0x000001a2e9d90308]
Event: 15.116 Thread 0x000001a2ff4b6fd0 5180       3       org.apache.jasper.compiler.SmapUtil$SDEInstaller::writeBytes (45 bytes)
Event: 15.116 Thread 0x000001a2ff2a36b0 nmethod 5179 0x000001a2e9d9e110 code [0x000001a2e9d9e2c0, 0x000001a2e9d9e570]
Event: 15.116 Thread 0x000001a2ff4b6fd0 nmethod 5180 0x000001a2e9d9dc10 code [0x000001a2e9d9ddc0, 0x000001a2e9d9dfc0]
Event: 15.116 Thread 0x000001a2ff4b6fd0 5181       3       org.apache.jasper.compiler.SmapUtil$SDEInstaller::writeU2 (18 bytes)
Event: 15.116 Thread 0x000001a2ff2a36b0 5182       3       org.apache.jasper.compiler.SmapUtil$SDEInstaller::readU2 (15 bytes)
Event: 15.116 Thread 0x000001a2ff4b6fd0 nmethod 5181 0x000001a2e9d9d790 code [0x000001a2e9d9d940, 0x000001a2e9d9db08]
Event: 15.116 Thread 0x000001a2ff4b6fd0 5183       3       org.apache.jasper.compiler.SmapUtil$SDEInstaller::copy (46 bytes)
Event: 15.116 Thread 0x000001a2ff2a36b0 nmethod 5182 0x000001a2e9d9d310 code [0x000001a2e9d9d4c0, 0x000001a2e9d9d680]
Event: 15.116 Thread 0x000001a2ff4b6fd0 nmethod 5183 0x000001a2e9d9cd90 code [0x000001a2e9d9cf40, 0x000001a2e9d9d170]
Event: 15.120 Thread 0x000001a2fa13e460 nmethod 5174 0x000001a2f1932c10 code [0x000001a2f1932e60, 0x000001a2f1933a58]
Event: 15.123 Thread 0x000001a2ff4b6fd0 5184       3       org.apache.catalina.core.DefaultInstanceManager::findLifecycleCallback (112 bytes)

GC Heap History (12 events):
Event: 0.552 GC heap before
{Heap before GC invocations=0 (full 0):
 garbage-first heap   total 520192K, used 24576K [0x0000000604c00000, 0x0000000800000000)
  region size 4096K, 6 young (24576K), 0 survivors (0K)
 Metaspace       used 5895K, committed 6144K, reserved 1114112K
  class space    used 647K, committed 768K, reserved 1048576K
}
Event: 0.556 GC heap after
{Heap after GC invocations=1 (full 0):
 garbage-first heap   total 520192K, used 4821K [0x0000000604c00000, 0x0000000800000000)
  region size 4096K, 1 young (4096K), 1 survivors (4096K)
 Metaspace       used 5895K, committed 6144K, reserved 1114112K
  class space    used 647K, committed 768K, reserved 1048576K
}
Event: 0.914 GC heap before
{Heap before GC invocations=1 (full 0):
 garbage-first heap   total 520192K, used 25301K [0x0000000604c00000, 0x0000000800000000)
  region size 4096K, 7 young (28672K), 1 survivors (4096K)
 Metaspace       used 11280K, committed 11584K, reserved 1114112K
  class space    used 1327K, committed 1472K, reserved 1048576K
}
Event: 0.916 GC heap after
{Heap after GC invocations=2 (full 0):
 garbage-first heap   total 520192K, used 7208K [0x0000000604c00000, 0x0000000800000000)
  region size 4096K, 1 young (4096K), 1 survivors (4096K)
 Metaspace       used 11280K, committed 11584K, reserved 1114112K
  class space    used 1327K, committed 1472K, reserved 1048576K
}
Event: 1.768 GC heap before
{Heap before GC invocations=2 (full 0):
 garbage-first heap   total 520192K, used 56360K [0x0000000604c00000, 0x0000000800000000)
  region size 4096K, 15 young (61440K), 1 survivors (4096K)
 Metaspace       used 21233K, committed 21504K, reserved 1114112K
  class space    used 2559K, committed 2688K, reserved 1048576K
}
Event: 1.773 GC heap after
{Heap after GC invocations=3 (full 0):
 garbage-first heap   total 520192K, used 11862K [0x0000000604c00000, 0x0000000800000000)
  region size 4096K, 2 young (8192K), 2 survivors (8192K)
 Metaspace       used 21233K, committed 21504K, reserved 1114112K
  class space    used 2559K, committed 2688K, reserved 1048576K
}
Event: 2.731 GC heap before
{Heap before GC invocations=4 (full 0):
 garbage-first heap   total 69632K, used 65110K [0x0000000604c00000, 0x0000000800000000)
  region size 4096K, 15 young (61440K), 2 survivors (8192K)
 Metaspace       used 29891K, committed 30400K, reserved 1114112K
  class space    used 3626K, committed 3904K, reserved 1048576K
}
Event: 2.736 GC heap after
{Heap after GC invocations=5 (full 0):
 garbage-first heap   total 81920K, used 16139K [0x0000000604c00000, 0x0000000800000000)
  region size 4096K, 3 young (12288K), 3 survivors (12288K)
 Metaspace       used 29891K, committed 30400K, reserved 1114112K
  class space    used 3626K, committed 3904K, reserved 1048576K
}
Event: 14.790 GC heap before
{Heap before GC invocations=5 (full 0):
 garbage-first heap   total 81920K, used 44811K [0x0000000604c00000, 0x0000000800000000)
  region size 4096K, 11 young (45056K), 3 survivors (12288K)
 Metaspace       used 35537K, committed 35968K, reserved 1114112K
  class space    used 4153K, committed 4352K, reserved 1048576K
}
Event: 14.794 GC heap after
{Heap after GC invocations=6 (full 0):
 garbage-first heap   total 81920K, used 18838K [0x0000000604c00000, 0x0000000800000000)
  region size 4096K, 1 young (4096K), 1 survivors (4096K)
 Metaspace       used 35537K, committed 35968K, reserved 1114112K
  class space    used 4153K, committed 4352K, reserved 1048576K
}
Event: 14.805 GC heap before
{Heap before GC invocations=6 (full 0):
 garbage-first heap   total 81920K, used 18838K [0x0000000604c00000, 0x0000000800000000)
  region size 4096K, 2 young (8192K), 1 survivors (4096K)
 Metaspace       used 35825K, committed 36288K, reserved 1114112K
  class space    used 4186K, committed 4416K, reserved 1048576K
}
Event: 14.806 GC heap after
{Heap after GC invocations=7 (full 0):
 garbage-first heap   total 81920K, used 17841K [0x0000000604c00000, 0x0000000800000000)
  region size 4096K, 1 young (4096K), 1 survivors (4096K)
 Metaspace       used 35825K, committed 36288K, reserved 1114112K
  class space    used 4186K, committed 4416K, reserved 1048576K
}

Dll operation events (13 events):
Event: 0.010 Loaded shared library C:\Program Files\Java\jdk-21\bin\java.dll
Event: 0.033 Loaded shared library C:\Program Files\Java\jdk-21\bin\jsvml.dll
Event: 0.087 Loaded shared library C:\Program Files\Java\jdk-21\bin\zip.dll
Event: 0.089 Loaded shared library C:\Program Files\Java\jdk-21\bin\instrument.dll
Event: 0.093 Loaded shared library C:\Program Files\Java\jdk-21\bin\net.dll
Event: 0.095 Loaded shared library C:\Program Files\Java\jdk-21\bin\nio.dll
Event: 0.097 Loaded shared library C:\Program Files\Java\jdk-21\bin\zip.dll
Event: 0.138 Loaded shared library C:\Program Files\JetBrains\IntelliJ IDEA Community Edition 2024.1.3\bin\breakgen64.dll
Event: 0.143 Loaded shared library C:\Program Files\Java\jdk-21\bin\extnet.dll
Event: 0.144 Loaded shared library C:\Program Files\Java\jdk-21\bin\jimage.dll
Event: 1.166 Loaded shared library C:\Program Files\Java\jdk-21\bin\sunmscapi.dll
Event: 2.082 Loaded shared library C:\Program Files\Java\jdk-21\bin\management.dll
Event: 2.084 Loaded shared library C:\Program Files\Java\jdk-21\bin\management_ext.dll

Deoptimization events (20 events):
Event: 15.052 Thread 0x000001a347630a40 Uncommon trap: trap_request=0xffffff45 fr.pc=0x000001a2f1976274 relative=0x00000000000001d4
Event: 15.052 Thread 0x000001a347630a40 Uncommon trap: reason=unstable_if action=reinterpret pc=0x000001a2f1976274 method=jdk.internal.util.ArraysSupport.mismatch([C[CI)I @ 59 c2
Event: 15.052 Thread 0x000001a347630a40 DEOPT PACKING pc=0x000001a2f1976274 sp=0x00000038e73fb780
Event: 15.052 Thread 0x000001a347630a40 DEOPT UNPACKING pc=0x000001a2f12046a2 sp=0x00000038e73fb6c8 mode 2
Event: 15.096 Thread 0x000001a347630a40 Uncommon trap: trap_request=0xffffff45 fr.pc=0x000001a2f1b31c90 relative=0x0000000000000810
Event: 15.096 Thread 0x000001a347630a40 Uncommon trap: reason=unstable_if action=reinterpret pc=0x000001a2f1b31c90 method=java.util.HashMap$HashIterator.<init>(Ljava/util/HashMap;)V @ 45 c2
Event: 15.096 Thread 0x000001a347630a40 DEOPT PACKING pc=0x000001a2f1b31c90 sp=0x00000038e73fbb70
Event: 15.096 Thread 0x000001a347630a40 DEOPT UNPACKING pc=0x000001a2f12046a2 sp=0x00000038e73fba20 mode 2
Event: 15.111 Thread 0x000001a347630a40 Uncommon trap: trap_request=0xffffffc6 fr.pc=0x000001a2f1a7da60 relative=0x0000000000000aa0
Event: 15.111 Thread 0x000001a347630a40 Uncommon trap: reason=bimorphic_or_optimized_type_check action=maybe_recompile pc=0x000001a2f1a7da60 method=java.util.HashMap.putVal(ILjava/lang/Object;Ljava/lang/Object;ZZ)Ljava/lang/Object; @ 203 c2
Event: 15.111 Thread 0x000001a347630a40 DEOPT PACKING pc=0x000001a2f1a7da60 sp=0x00000038e73fbce0
Event: 15.111 Thread 0x000001a347630a40 DEOPT UNPACKING pc=0x000001a2f12046a2 sp=0x00000038e73fbc80 mode 2
Event: 15.119 Thread 0x000001a347630a40 Uncommon trap: trap_request=0xffffff54 fr.pc=0x000001a2f19ce0b0 relative=0x0000000000002510
Event: 15.119 Thread 0x000001a347630a40 Uncommon trap: reason=speculate_null_assert action=make_not_entrant pc=0x000001a2f19ce0b0 method=jdk.internal.loader.URLClassPath.getLoader(I)Ljdk/internal/loader/URLClassPath$Loader; @ 41 c2
Event: 15.119 Thread 0x000001a347630a40 DEOPT PACKING pc=0x000001a2f19ce0b0 sp=0x00000038e73fc510
Event: 15.119 Thread 0x000001a347630a40 DEOPT UNPACKING pc=0x000001a2f12046a2 sp=0x00000038e73fc4e0 mode 2
Event: 15.119 Thread 0x000001a347630a40 Uncommon trap: trap_request=0xffffff45 fr.pc=0x000001a2f199760c relative=0x000000000000034c
Event: 15.119 Thread 0x000001a347630a40 Uncommon trap: reason=unstable_if action=reinterpret pc=0x000001a2f199760c method=java.lang.String.regionMatches(ZILjava/lang/String;II)Z @ 36 c2
Event: 15.119 Thread 0x000001a347630a40 DEOPT PACKING pc=0x000001a2f199760c sp=0x00000038e73fbfa0
Event: 15.119 Thread 0x000001a347630a40 DEOPT UNPACKING pc=0x000001a2f12046a2 sp=0x00000038e73fbf48 mode 2

Classes loaded (20 events):
Event: 14.998 Loading class jdk/internal/jimage/ImageBufferCache$1
Event: 14.998 Loading class jdk/internal/jimage/ImageBufferCache$1 done
Event: 14.998 Loading class jdk/internal/jimage/ImageBufferCache$2
Event: 14.998 Loading class jdk/internal/jimage/ImageBufferCache$2 done
Event: 14.998 Loading class java/util/AbstractMap$SimpleEntry
Event: 14.998 Loading class java/util/AbstractMap$SimpleEntry done
Event: 15.003 Loading class java/text/MessageFormat$Field
Event: 15.003 Loading class java/text/MessageFormat$Field done
Event: 15.015 Loading class java/util/stream/Nodes$IntFixedNodeBuilder
Event: 15.015 Loading class java/util/stream/Node$Builder$OfInt
Event: 15.015 Loading class java/util/stream/Node$Builder$OfInt done
Event: 15.015 Loading class java/util/stream/Nodes$IntArrayNode
Event: 15.015 Loading class java/util/stream/Nodes$IntArrayNode done
Event: 15.015 Loading class java/util/stream/Nodes$IntFixedNodeBuilder done
Event: 15.107 Loading class java/util/DualPivotQuicksort
Event: 15.107 Loading class java/util/DualPivotQuicksort done
Event: 15.112 Loading class java/util/Hashtable$ValueCollection
Event: 15.112 Loading class java/util/Hashtable$ValueCollection done
Event: 15.119 Loading class java/net/URLClassLoader$1
Event: 15.119 Loading class java/net/URLClassLoader$1 done

Classes unloaded (0 events):
No events

Classes redefined (0 events):
No events

Internal exceptions (20 events):
Event: 2.065 Thread 0x000001a2e0168960 Exception <a 'java/lang/NoSuchMethodError'{0x0000000607906b38}: 'int java.lang.invoke.DirectMethodHandle$Holder.invokeVirtual(java.lang.Object, java.lang.Object, java.lang.Object, java.lang.Object)'> (0x0000000607906b38) 
thrown [s\open\src\hotspot\share\interpreter\linkResolver.cpp, line 773]
Event: 2.065 Thread 0x000001a2e0168960 Exception <a 'java/lang/NoSuchMethodError'{0x000000060790a5b0}: 'int java.lang.invoke.DelegatingMethodHandle$Holder.reinvoke_L(java.lang.Object, java.lang.Object, java.lang.Object, java.lang.Object)'> (0x000000060790a5b0) 
thrown [s\open\src\hotspot\share\interpreter\linkResolver.cpp, line 773]
Event: 2.093 Thread 0x000001a2e0168960 Exception <a 'java/io/FileNotFoundException'{0x0000000607a6ab10}> (0x0000000607a6ab10) 
thrown [s\open\src\hotspot\share\prims\jni.cpp, line 520]
Event: 2.180 Thread 0x000001a2e0168960 Implicit null exception at 0x000001a2f1a9ec1d to 0x000001a2f1a9fb34
Event: 2.234 Thread 0x000001a2e0168960 Exception <a 'java/lang/NoSuchMethodError'{0x000000060713a710}: 'void java.lang.invoke.DirectMethodHandle$Holder.invokeVirtual(java.lang.Object, java.lang.Object, java.lang.Object, java.lang.Object, java.lang.Object)'> (0x000000060713a710) 
thrown [s\open\src\hotspot\share\interpreter\linkResolver.cpp, line 773]
Event: 2.300 Thread 0x000001a2e0168960 Exception <a 'java/lang/NoSuchMethodError'{0x0000000606958c48}: 'int java.lang.invoke.DirectMethodHandle$Holder.invokeInterface(java.lang.Object, java.lang.Object, java.lang.Object, java.lang.Object)'> (0x0000000606958c48) 
thrown [s\open\src\hotspot\share\interpreter\linkResolver.cpp, line 773]
Event: 2.350 Thread 0x000001a2e0168960 Exception <a 'java/lang/NoSuchMethodError'{0x0000000606b3eef0}: 'long java.lang.invoke.DirectMethodHandle$Holder.invokeVirtual(java.lang.Object, java.lang.Object)'> (0x0000000606b3eef0) 
thrown [s\open\src\hotspot\share\interpreter\linkResolver.cpp, line 773]
Event: 2.443 Thread 0x000001a2e0168960 Exception <a 'java/lang/NoSuchMethodError'{0x0000000606037b70}: 'java.lang.Object java.lang.invoke.DirectMethodHandle$Holder.newInvokeSpecial(java.lang.Object, java.lang.Object, java.lang.Object, java.lang.Object, java.lang.Object, java.lang.Object, java.lang.Object, java.lang.Object)'> (0x0000000606037b70) 
thrown [s\open\src\hotspot\share\interpreter\linkResolver.cpp, line 773]
Event: 2.583 Thread 0x000001a2e0168960 Exception <a 'java/lang/IncompatibleClassChangeError'{0x0000000605f90dc8}: Found class java.lang.Object, but interface was expected> (0x0000000605f90dc8) 
thrown [s\open\src\hotspot\share\interpreter\linkResolver.cpp, line 840]
Event: 2.614 Thread 0x000001a2e0168960 Exception <a 'java/lang/NoSuchMethodError'{0x00000006058f3430}: 'void java.lang.invoke.DirectMethodHandle$Holder.invokeVirtual(java.lang.Object, java.lang.Object, long)'> (0x00000006058f3430) 
thrown [s\open\src\hotspot\share\interpreter\linkResolver.cpp, line 773]
Event: 2.650 Thread 0x000001a2e0168960 Exception <a 'java/lang/NoSuchMethodError'{0x0000000605b8c930}: 'int java.lang.invoke.DirectMethodHandle$Holder.invokeStaticInit(java.lang.Object, java.lang.Object, java.lang.Object, java.lang.Object)'> (0x0000000605b8c930) 
thrown [s\open\src\hotspot\share\interpreter\linkResolver.cpp, line 773]
Event: 2.715 Thread 0x000001a2e0168960 Exception <a 'java/lang/NoSuchMethodError'{0x00000006056a0188}: 'java.lang.Object java.lang.invoke.DirectMethodHandle$Holder.newInvokeSpecial(java.lang.Object, java.lang.Object, int, java.lang.Object, java.lang.Object)'> (0x00000006056a0188) 
thrown [s\open\src\hotspot\share\interpreter\linkResolver.cpp, line 773]
Event: 2.768 Thread 0x000001a2e0168960 Implicit null exception at 0x000001a2f1b52962 to 0x000001a2f1b53c08
Event: 14.483 Thread 0x000001a3481f3930 Exception <a 'java/lang/NoSuchMethodError'{0x000000062041e290}: 'java.lang.Object java.lang.invoke.DirectMethodHandle$Holder.invokeStatic(java.lang.Object, java.lang.Object, java.lang.Object, int, int)'> (0x000000062041e290) 
thrown [s\open\src\hotspot\share\interpreter\linkResolver.cpp, line 773]
Event: 14.484 Thread 0x000001a3481f3930 Exception <a 'java/lang/NoSuchMethodError'{0x0000000620421a40}: 'java.lang.Object java.lang.invoke.DirectMethodHandle$Holder.invokeStaticInit(java.lang.Object, java.lang.Object, java.lang.Object, int, int)'> (0x0000000620421a40) 
thrown [s\open\src\hotspot\share\interpreter\linkResolver.cpp, line 773]
Event: 14.514 Thread 0x000001a347630a40 Exception <a 'java/lang/NoSuchMethodError'{0x00000006205aa710}: 'java.lang.Object java.lang.invoke.DirectMethodHandle$Holder.invokeSpecial(java.lang.Object, java.lang.Object, java.lang.Object, java.lang.Object, java.lang.Object, long)'> (0x00000006205aa710) 
thrown [s\open\src\hotspot\share\interpreter\linkResolver.cpp, line 773]
Event: 14.514 Thread 0x000001a347630a40 Exception <a 'java/lang/NoSuchMethodError'{0x00000006205adee0}: 'java.lang.Object java.lang.invoke.Invokers$Holder.linkToTargetMethod(java.lang.Object, java.lang.Object, java.lang.Object, long, java.lang.Object)'> (0x00000006205adee0) 
thrown [s\open\src\hotspot\share\interpreter\linkResolver.cpp, line 773]
Event: 14.533 Thread 0x000001a347630a40 Exception <a 'java/lang/NoSuchMethodError'{0x00000006206cf118}: getSession> (0x00000006206cf118) 
thrown [s\open\src\hotspot\share\prims\jni.cpp, line 1077]
Event: 14.573 Thread 0x000001a347630a40 Exception <a 'java/lang/NoSuchMethodError'{0x00000006080f8f48}: 'int java.lang.invoke.DirectMethodHandle$Holder.invokeVirtual(java.lang.Object, java.lang.Object, java.lang.Object)'> (0x00000006080f8f48) 
thrown [s\open\src\hotspot\share\interpreter\linkResolver.cpp, line 773]
Event: 14.921 Thread 0x000001a347630a40 Exception <a 'java/lang/NoSuchMethodError'{0x0000000608de3cc0}: 'void java.lang.invoke.Invokers$Holder.invokeExact_MT(java.lang.Object, java.lang.Object, java.lang.Object)'> (0x0000000608de3cc0) 
thrown [s\open\src\hotspot\share\interpreter\linkResolver.cpp, line 773]

ZGC Phase Switch (0 events):
No events

VM Operations (20 events):
Event: 14.695 Executing VM operation: HandshakeAllThreads (Deoptimize)
Event: 14.695 Executing VM operation: HandshakeAllThreads (Deoptimize) done
Event: 14.790 Executing VM operation: CollectForMetadataAllocation (Metadata GC Threshold)
Event: 14.794 Executing VM operation: CollectForMetadataAllocation (Metadata GC Threshold) done
Event: 14.804 Executing VM operation: CollectForMetadataAllocation (Metadata GC Threshold)
Event: 14.806 Executing VM operation: CollectForMetadataAllocation (Metadata GC Threshold) done
Event: 14.811 Executing VM operation: G1PauseRemark
Event: 14.813 Executing VM operation: G1PauseRemark done
Event: 14.815 Executing VM operation: G1PauseCleanup
Event: 14.815 Executing VM operation: G1PauseCleanup done
Event: 15.010 Executing VM operation: HandshakeAllThreads (Deoptimize)
Event: 15.010 Executing VM operation: HandshakeAllThreads (Deoptimize) done
Event: 15.121 Executing VM operation: ChangeBreakpoints
Event: 15.122 Executing VM operation: ChangeBreakpoints done
Event: 15.122 Executing VM operation: ChangeBreakpoints
Event: 15.123 Executing VM operation: ChangeBreakpoints done
Event: 15.123 Executing VM operation: get/set locals
Event: 15.123 Executing VM operation: get/set locals done
Event: 15.123 Executing VM operation: get/set locals
Event: 15.123 Executing VM operation: get/set locals done

Events (20 events):
Event: 14.813 Thread 0x000001a2df6d07e0 flushing nmethod 0x000001a2e9f86110
Event: 14.813 Thread 0x000001a2df6d07e0 flushing nmethod 0x000001a2e9f87f90
Event: 14.813 Thread 0x000001a2df6d07e0 flushing nmethod 0x000001a2e9f88490
Event: 14.813 Thread 0x000001a2df6d07e0 flushing nmethod 0x000001a2e9f89210
Event: 14.813 Thread 0x000001a2df6d07e0 flushing nmethod 0x000001a2e9fb1b90
Event: 14.813 Thread 0x000001a2df6d07e0 flushing nmethod 0x000001a2ea008490
Event: 14.813 Thread 0x000001a2df6d07e0 flushing nmethod 0x000001a2ea0db590
Event: 14.813 Thread 0x000001a2df6d07e0 flushing nmethod 0x000001a2ea0dcb90
Event: 14.813 Thread 0x000001a2df6d07e0 flushing nmethod 0x000001a2ea0dd310
Event: 14.813 Thread 0x000001a2df6d07e0 flushing nmethod 0x000001a2ea123710
Event: 14.813 Thread 0x000001a2df6d07e0 flushing nmethod 0x000001a2ea124d10
Event: 14.813 Thread 0x000001a2df6d07e0 flushing nmethod 0x000001a2ea172010
Event: 14.813 Thread 0x000001a2df6d07e0 flushing nmethod 0x000001a2ea173090
Event: 14.813 Thread 0x000001a2df6d07e0 flushing nmethod 0x000001a2ea173d10
Event: 14.813 Thread 0x000001a2df6d07e0 flushing nmethod 0x000001a2ea174d90
Event: 14.813 Thread 0x000001a2df6d07e0 flushing nmethod 0x000001a2ea1b5010
Event: 14.813 Thread 0x000001a2df6d07e0 flushing nmethod 0x000001a2ea1b6790
Event: 14.813 Thread 0x000001a2df6d07e0 flushing nmethod 0x000001a2ea1b7e10
Event: 14.813 Thread 0x000001a2df6d07e0 flushing nmethod 0x000001a2ea3e2910
Event: 14.842 Thread 0x000001a346e0e040 Thread exited: 0x000001a346e0e040


Dynamic libraries:
0x00007ff720720000 - 0x00007ff720730000 	C:\Program Files\Java\jdk-21\bin\java.exe
0x000001a2dfe10000 - 0x000001a2e0008000 	C:\Windows\SYSTEM32\ntd1l.dll
0x000001a2e0010000 - 0x000001a2e00d2000 	C:\Windows\System32\kern3l32.dll
0x00007ffa6f790000 - 0x00007ffa6f988000 	C:\Windows\SYSTEM32\ntdll.dll
0x00007ffa6e440000 - 0x00007ffa6e502000 	C:\Windows\System32\KERNEL32.DLL
0x00007ffa6cec0000 - 0x00007ffa6d1bf000 	C:\Windows\System32\KERNELBASE.dll
0x00007ffa6b1b0000 - 0x00007ffa6b4e1000 	C:\Program Files\SentinelOne\Sentinel Agent 23.4.4.223\InProcessClient64.dll
0x00007ffa6dff0000 - 0x00007ffa6e09f000 	C:\Windows\System32\ADVAPI32.dll
0x00007ffa6daf0000 - 0x00007ffa6db8e000 	C:\Windows\System32\msvcrt.dll
0x00007ffa6e3a0000 - 0x00007ffa6e43f000 	C:\Windows\System32\sechost.dll
0x00007ffa6dd80000 - 0x00007ffa6dea3000 	C:\Windows\System32\RPCRT4.dll
0x00007ffa6d440000 - 0x00007ffa6d467000 	C:\Windows\System32\bcrypt.dll
0x00007ffa6d470000 - 0x00007ffa6d570000 	C:\Windows\System32\ucrtbase.dll
0x00007ffa5e440000 - 0x00007ffa5e459000 	C:\Program Files\Java\jdk-21\bin\jli.dll
0x00007ffa3a550000 - 0x00007ffa3a56b000 	C:\Program Files\Java\jdk-21\bin\VCRUNTIME140.dll
0x00007ffa6e580000 - 0x00007ffa6e71d000 	C:\Windows\System32\USER32.dll
0x00007ffa6d660000 - 0x00007ffa6d682000 	C:\Windows\System32\win32u.dll
0x00007ffa586e0000 - 0x00007ffa5897a000 	C:\Windows\WinSxS\amd64_microsoft.windows.common-controls_6595b64144ccf1df_6.0.19041.4355_none_60b8b9eb71f62e16\COMCTL32.dll
0x00007ffa6d9a0000 - 0x00007ffa6d9cb000 	C:\Windows\System32\GDI32.dll
0x00007ffa6d690000 - 0x00007ffa6d7aa000 	C:\Windows\System32\gdi32full.dll
0x00007ffa6d570000 - 0x00007ffa6d60d000 	C:\Windows\System32\msvcp_win.dll
0x00007ffa6ba30000 - 0x00007ffa6ba3a000 	C:\Windows\SYSTEM32\VERSION.dll
0x00007ffa6b090000 - 0x00007ffa6b09b000 	C:\Windows\SYSTEM32\FLTLIB.DLL
0x00007ffa6d830000 - 0x00007ffa6d85f000 	C:\Windows\System32\IMM32.DLL
0x00007ffa434a0000 - 0x00007ffa434ac000 	C:\Program Files\Java\jdk-21\bin\vcruntime140_1.dll
0x00007ffa201c0000 - 0x00007ffa2024e000 	C:\Program Files\Java\jdk-21\bin\msvcp140.dll
0x00007ff9c0fb0000 - 0x00007ff9c1cca000 	C:\Program Files\Java\jdk-21\bin\server\jvm.dll
0x00007ffa6f6e0000 - 0x00007ffa6f74b000 	C:\Windows\System32\WS2_32.dll
0x00007ffa6c380000 - 0x00007ffa6c3cb000 	C:\Windows\SYSTEM32\POWRPROF.dll
0x00007ffa5b1c0000 - 0x00007ffa5b1e7000 	C:\Windows\SYSTEM32\WINMM.dll
0x00007ffa6c1f0000 - 0x00007ffa6c202000 	C:\Windows\SYSTEM32\UMPDC.dll
0x00007ffa6b990000 - 0x00007ffa6b9a2000 	C:\Windows\SYSTEM32\kernel.appcore.dll
0x00007ffa3a540000 - 0x00007ffa3a54a000 	C:\Program Files\Java\jdk-21\bin\jimage.dll
0x00007ffa6a9e0000 - 0x00007ffa6abc4000 	C:\Windows\SYSTEM32\DBGHELP.DLL
0x00007ffa42160000 - 0x00007ffa42194000 	C:\Windows\SYSTEM32\dbgcore.DLL
0x00007ffa6ce30000 - 0x00007ffa6ceb2000 	C:\Windows\System32\bcryptPrimitives.dll
0x00007ffa3a490000 - 0x00007ffa3a49f000 	C:\Program Files\Java\jdk-21\bin\instrument.dll
0x00007ffa3a520000 - 0x00007ffa3a53f000 	C:\Program Files\Java\jdk-21\bin\java.dll
0x00007ffa32af0000 - 0x00007ffa32b9d000 	C:\Program Files\SentinelOne\Sentinel Agent 23.4.4.223\SentinelJava64.dll
0x00007ffa6dd20000 - 0x00007ffa6dd75000 	C:\Windows\System32\SHLWAPI.dll
0x00007ffa6d870000 - 0x00007ffa6d99b000 	C:\Windows\System32\ole32.dll
0x00007ffa6ee90000 - 0x00007ffa6f1e5000 	C:\Windows\System32\combase.dll
0x00007ffa6e720000 - 0x00007ffa6ee8d000 	C:\Windows\System32\SHELL32.dll
0x00007ffa6a170000 - 0x00007ffa6a914000 	C:\Windows\SYSTEM32\windows.storage.dll
0x00007ffa6c780000 - 0x00007ffa6c7af000 	C:\Windows\SYSTEM32\Wldp.dll
0x00007ffa6e2d0000 - 0x00007ffa6e39d000 	C:\Windows\System32\OLEAUT32.dll
0x00007ffa6db90000 - 0x00007ffa6dc3d000 	C:\Windows\System32\SHCORE.dll
0x00007ffa6cd60000 - 0x00007ffa6cd84000 	C:\Windows\SYSTEM32\profapi.dll
0x00007ffa1fe60000 - 0x00007ffa1ff37000 	C:\Program Files\Java\jdk-21\bin\jsvml.dll
0x00007ffa37930000 - 0x00007ffa37948000 	C:\Program Files\Java\jdk-21\bin\zip.dll
0x00007ffa38b60000 - 0x00007ffa38b70000 	C:\Program Files\Java\jdk-21\bin\net.dll
0x00007ffa6bdb0000 - 0x00007ffa6beba000 	C:\Windows\SYSTEM32\WINHTTP.dll
0x00007ffa6c560000 - 0x00007ffa6c5cc000 	C:\Windows\system32\mswsock.dll
0x00007ffa37950000 - 0x00007ffa37966000 	C:\Program Files\Java\jdk-21\bin\nio.dll
0x00007ffa37370000 - 0x00007ffa3738a000 	C:\Program Files\JetBrains\IntelliJ IDEA Community Edition 2024.1.3\bin\breakgen64.dll
0x00007ffa38b50000 - 0x00007ffa38b59000 	C:\Program Files\Java\jdk-21\bin\extnet.dll
0x00007ffa37530000 - 0x00007ffa3753e000 	C:\Program Files\Java\jdk-21\bin\sunmscapi.dll
0x00007ffa6d270000 - 0x00007ffa6d3cc000 	C:\Windows\System32\CRYPT32.dll
0x00007ffa6c8d0000 - 0x00007ffa6c8f7000 	C:\Windows\SYSTEM32\ncrypt.dll
0x00007ffa6c890000 - 0x00007ffa6c8cb000 	C:\Windows\SYSTEM32\NTASN1.dll
0x00007ffa6c7c0000 - 0x00007ffa6c7d8000 	C:\Windows\SYSTEM32\CRYPTSP.dll
0x00007ffa6bd20000 - 0x00007ffa6bd54000 	C:\Windows\system32\rsaenh.dll
0x00007ffa6cd20000 - 0x00007ffa6cd4e000 	C:\Windows\SYSTEM32\USERENV.dll
0x00007ffa6c6f0000 - 0x00007ffa6c6fc000 	C:\Windows\SYSTEM32\CRYPTBASE.dll
0x00007ffa6c210000 - 0x00007ffa6c24b000 	C:\Windows\SYSTEM32\IPHLPAPI.DLL
0x000001a2dfa70000 - 0x000001a2dfa78000 	C:\Windows\System32\NSI.dll
0x00007ffa37920000 - 0x00007ffa3792a000 	C:\Program Files\Java\jdk-21\bin\management.dll
0x00007ffa37610000 - 0x00007ffa3761b000 	C:\Program Files\Java\jdk-21\bin\management_ext.dll
0x00007ffa6f6d0000 - 0x00007ffa6f6d8000 	C:\Windows\System32\PSAPI.DLL
0x00007ffa128b0000 - 0x00007ffa128b7000 	C:\Windows\system32\wshunix.dll

dbghelp: loaded successfully - version: 4.0.5 - missing functions: none
symbol engine: initialized successfully - sym options: 0x614 - pdb path: .;C:\Program Files\Java\jdk-21\bin;C:\Windows\SYSTEM32;C:\Program Files\SentinelOne\Sentinel Agent 23.4.4.223;C:\Windows\WinSxS\amd64_microsoft.windows.common-controls_6595b64144ccf1df_6.0.19041.4355_none_60b8b9eb71f62e16;C:\Program Files\Java\jdk-21\bin\server;C:\Program Files\JetBrains\IntelliJ IDEA Community Edition 2024.1.3\bin

VM Arguments:
jvm_args: -javaagent:C:\Program Files\JetBrains\IntelliJ IDEA Community Edition 2024.1.3\lib\idea_rt.jar=5816:C:\Program Files\JetBrains\IntelliJ IDEA Community Edition 2024.1.3\bin -Dfile.encoding=UTF-8 -Dsun.stdout.encoding=UTF-8 -Dsun.stderr.encoding=UTF-8 -agentpath:C:\Program Files\SentinelOne\Sentinel Agent 23.4.4.223\SentinelJava64.dll=extendedCapabilities 
java_command: com.luka.JobAppProject.JobAppProjectApplication
java_class_path (initial): C:\Users\lmekudishvili\Desktop\Spring\SpringTelusko\Section 14 Building a project\JobAppProject\target\classes;C:\Users\lmekudishvili\.m2\repository\org\springframework\boot\spring-boot-starter-web\3.4.5\spring-boot-starter-web-3.4.5.jar;C:\Users\lmekudishvili\.m2\repository\org\springframework\boot\spring-boot-starter\3.4.5\spring-boot-starter-3.4.5.jar;C:\Users\lmekudishvili\.m2\repository\org\springframework\boot\spring-boot\3.4.5\spring-boot-3.4.5.jar;C:\Users\lmekudishvili\.m2\repository\org\springframework\boot\spring-boot-autoconfigure\3.4.5\spring-boot-autoconfigure-3.4.5.jar;C:\Users\lmekudishvili\.m2\repository\org\springframework\boot\spring-boot-starter-logging\3.4.5\spring-boot-starter-logging-3.4.5.jar;C:\Users\lmekudishvili\.m2\repository\ch\qos\logback\logback-classic\1.5.18\logback-classic-1.5.18.jar;C:\Users\lmekudishvili\.m2\repository\ch\qos\logback\logback-core\1.5.18\logback-core-1.5.18.jar;C:\Users\lmekudishvili\.m2\repository\org\apache\logging\log4j\log4j-to-slf4j\2.24.3\log4j-to-slf4j-2.24.3.jar;C:\Users\lmekudishvili\.m2\repository\org\apache\logging\log4j\log4j-api\2.24.3\log4j-api-2.24.3.jar;C:\Users\lmekudishvili\.m2\repository\org\slf4j\jul-to-slf4j\2.0.17\jul-to-slf4j-2.0.17.jar;C:\Users\lmekudishvili\.m2\repository\jakarta\annotation\jakarta.annotation-api\2.1.1\jakarta.annotation-api-2.1.1.jar;C:\Users\lmekudishvili\.m2\repository\org\yaml\snakeyaml\2.3\snakeyaml-2.3.jar;C:\Users\lmekudishvili\.m2\repository\org\springframework\boot\spring-boot-starter-json\3.4.5\spring-boot-starter-json-3.4.5.jar;C:\Users\lmekudishvili\.m2\repository\com\fasterxml\jackson\core\jackson-databind\2.18.3\jackson-databind-2.18.3.jar;C:\Users\lmekudishvili\.m2\repository\com\fasterxml\jackson\core\jackson-annotations\2.18.3\jackson-annotations-2.18.3.jar;C:\Users\lmekudishvili\.m2\repository\com\fasterxml\jackson\core\jackson-core\2.18.3\jackson-core-2.18.3.jar;C:\Users\lmekudishvili\.m2\repository\com\fasterxml\jackson\datatype\jackson-datatype-jdk8\2.18.3\jackson-datatype-jdk8-2.18.3.jar;C:\Users\lmekudishvili\.m2\repository\com\fasterxml\jackson\datatype\jackson-datatype-jsr310\2.18.3\jackson-datatype-jsr310-2.18.3.jar;C:\Users\lmekudishvili\.m2\repository\com\fasterxml\jackson\module\jackson-module-parameter-names\2.18.3\jackson-module-parameter-names-2.18.3.jar;C:\Users\lmekudishvili\.m2\repository\org\springframework\boot\spring-boot-starter-tomcat\3.4.5\spring-boot-starter-tomcat-3.4.5.jar;C:\Users\lmekudishvili\.m2\repository\org\apache\tomcat\embed\tomcat-embed-core\10.1.40\tomcat-embed-core-10.1.40.jar;C:\Users\lmekudishvili\.m2\repository\org\apache\tomcat\embed\tomcat-embed-el\10.1.40\tomcat-embed-el-10.1.40.jar;C:\Users\lmekudishvili\.m2\repository\org\apache\tomcat\embed\tomcat-embed-websocket\10.1.40\tomcat-embed-websocket-10.1.40.jar;C:\Users\lmekudishvili\.m2\repository\org\springframework\spring-web\6.2.6\spring-web-6.2.6.jar;C:\Users\lmekudishvili\.m2\repository\org\springframework\spring-beans\6.2.6\spring-beans-6.2.6.jar;C:\Users\lmekudishvili\.m2\repository\io\micrometer\micrometer-observation\1.14.6\micrometer-observation-1.14.6.jar;C:\Users\lmekudishvili\.m2\repository\io\micrometer\micrometer-commons\1.14.6\micrometer-commons-1.14.6.jar;C:\Users\lmekudishvili\.m2\repository\org\springframework\spring-webmvc\6.2.6\spring-webmvc-6.2.6.jar;C:\Users\lmekudishvili\.m2\repository\org\springframework\spring-aop\6.2.6\spring-aop-6.2.6.jar;C:\Users\lmekudishvili\.m2\repository\org\springframework\spring-context\6.2.6\spring-context-6.2.6.jar;C:\Users\lmekudishvili\.m2\repository\org\springframework\spring-expression\6.2.6\spring-expression-6.2.6.jar;C:\Users\lmekudishvili\.m2\repository\org\projectlombok\lombok\1.18.38\lombok-1.18.38.jar;C:\Users\lmekudishvili\.m2\repository\org\apache\tomcat\tomcat-jasper\10.1.16\tomcat-jasper-10.1.16.jar;C:\Users\lmekudishvili\.m2\repository\org\apache\tomcat\tomcat-servlet-api\10.1.16\tomcat-servlet-api-10.1.16.jar;C:\Users\lmekudishvili\.m2\repository\org\apache\tomcat\tomcat-juli\10.1.16\tomcat-juli-10.1.16.jar;C:\Users\lmekudishvili\.m2\repository\org\apache\tomcat\tomcat-jsp-api\10.1.40\tomcat-jsp-api-10.1.40.jar;C:\Users\lmekudishvili\.m2\repository\org\apache\tomcat\tomcat-el-api\10.1.16\tomcat-el-api-10.1.16.jar;C:\Users\lmekudishvili\.m2\repository\org\eclipse\jdt\ecj\3.33.0\ecj-3.33.0.jar;C:\Users\lmekudishvili\.m2\repository\org\apache\tomcat\tomcat-jasper-el\10.1.16\tomcat-jasper-el-10.1.16.jar;C:\Users\lmekudishvili\.m2\repository\org\apache\tomcat\tomcat-api\10.1.16\tomcat-api-10.1.16.jar;C:\Users\lmekudishvili\.m2\repository\org\apache\tomcat\tomcat-util-scan\10.1.16\tomcat-util-scan-10.1.16.jar;C:\Users\lmekudishvili\.m2\repository\org\apache\tomcat\tomcat-util\10.1.16\tomcat-util-10.1.16.jar;C:\Users\lmekudishvili\.m2\repository\jakarta\servlet\jsp\jstl\jakarta.servlet.jsp.jstl-api\3.0.0\jakarta.servlet.jsp.jstl-api-3.0.0.jar;C:\Users\lmekudishvili\.m2\repository\jakarta\servlet\jakarta.servlet-api\6.0.0\jakarta.servlet-api-6.0.0.jar;C:\Users\lmekudishvili\.m2\repository\jakarta\el\jakarta.el-api\5.0.0\jakarta.el-api-5.0.0.jar;C:\Users\lmekudishvili\.m2\repository\org\glassfish\web\jakarta.servlet.jsp.jstl\3.0.0\jakarta.servlet.jsp.jstl-3.0.0.jar;C:\Users\lmekudishvili\.m2\repository\org\slf4j\slf4j-api\2.0.17\slf4j-api-2.0.17.jar;C:\Users\lmekudishvili\.m2\repository\org\springframework\spring-core\6.2.6\spring-core-6.2.6.jar;C:\Users\lmekudishvili\.m2\repository\org\springframework\spring-jcl\6.2.6\spring-jcl-6.2.6.jar
Launcher Type: SUN_STANDARD

[Global flags]
     intx CICompilerCount                          = 12                                        {product} {ergonomic}
     uint ConcGCThreads                            = 4                                         {product} {ergonomic}
     uint G1ConcRefinementThreads                  = 15                                        {product} {ergonomic}
   size_t G1HeapRegionSize                         = 4194304                                   {product} {ergonomic}
    uintx GCDrainStackTargetSize                   = 64                                        {product} {ergonomic}
   size_t InitialHeapSize                          = 532676608                                 {product} {ergonomic}
   size_t MarkStackSize                            = 4194304                                   {product} {ergonomic}
   size_t MaxHeapSize                              = 8510242816                                {product} {ergonomic}
   size_t MaxNewSize                               = 5104467968                                {product} {ergonomic}
   size_t MinHeapDeltaBytes                        = 4194304                                   {product} {ergonomic}
   size_t MinHeapSize                              = 8388608                                   {product} {ergonomic}
    uintx NonNMethodCodeHeapSize                   = 7602480                                {pd product} {ergonomic}
    uintx NonProfiledCodeHeapSize                  = 122027880                              {pd product} {ergonomic}
    uintx ProfiledCodeHeapSize                     = 122027880                              {pd product} {ergonomic}
    uintx ReservedCodeCacheSize                    = 251658240                              {pd product} {ergonomic}
     bool SegmentedCodeCache                       = true                                      {product} {ergonomic}
   size_t SoftMaxHeapSize                          = 8510242816                             {manageable} {ergonomic}
     bool UseCompressedOops                        = true                           {product lp64_product} {ergonomic}
     bool UseG1GC                                  = true                                      {product} {ergonomic}
     bool UseLargePagesIndividualAllocation        = false                                  {pd product} {ergonomic}

Logging:
Log output configuration:
 #0: stdout all=warning uptime,level,tags foldmultilines=false
 #1: stderr all=off uptime,level,tags foldmultilines=false

Environment Variables:
JAVA_HOME=C:\Program Files\Java\jdk-21
PATH=C:\Program Files\Java\jdk-21\bin;C:\Program Files\Common Files\Oracle\Java\javapath;C:\ODACForCRIF\product\12.2.0\client_1;C:\ODACForCRIF\product\12.2.0\client_1\bin;C:\app\product\19.0.0\client_1\bin;C:\Program Files (x86)\Common Files\Oracle\Java\javapath;C:\Program Files\CollabNet\Subversion Client;C:\Windows\system32;C:\Windows;C:\Windows\System32\Wbem;C:\Windows\System32\WindowsPowerShell\v1.0\;C:\Windows\System32\OpenSSH\;C:\Program Files\Java\jdk-21\bin;C:\Program Files (x86)\Sennheiser\SenncomSDK\;C:\Program Files\dotnet\;C:\Program Files (x86)\Java\jre6\bin;C:\Program Files\TortoiseSVN\bin;C:\Program Files\Microsoft SQL Server\130\Tools\Binn\;C:\Program Files\Microsoft SQL Server\Client SDK\ODBC\170\Tools\Binn\;C:\Program Files\PuTTY\;C:\Program Files\Git\cmd;C:\Program Files\Microsoft VS Code\bin;C:\Program Files\nodejs\;C:\apache-maven-3.8.6\bin;C:\Program Files (x86)\Java\jdk1.8.0_202\bin;C:\Program Files\Docker\Docker\resources\bin;C:\Program Files\apache-maven-3.9.9\bin;C:\Users\lmekudishvili\AppData\Local\Microsoft\WindowsApps;C:\Program Files\TortoiseSVN\bin;C:\Program Files\nodejs\node_modules\npm\bin;C:\Program Files\JetBrains\IntelliJ IDEA Community Edition 2025.1\bin;;C:\Program Files\Java\jdk-21\bin;C:\Users\lmekudishvili\AppData\Roaming\npm;C:\Program Files\apache-maven-3.9.9\bin;C:\Users\lmekudishvili\AppData\Local\GitHubDesktop\bin;C:\Program Files\JetBrains\IntelliJ IDEA 2025.1\bin;
USERNAME=lmekudishvili
OS=Windows_NT
PROCESSOR_IDENTIFIER=Intel64 Family 6 Model 151 Stepping 2, GenuineIntel
TMP=C:\Users\LMEKUD~1\AppData\Local\Temp
TEMP=C:\Users\LMEKUD~1\AppData\Local\Temp




Periodic native trim disabled

---------------  S Y S T E M  ---------------

OS:
 Windows 10 , 64 bit Build 19041 (10.0.19041.5438)
OS uptime: 8 days 2:16 hours
Hyper-V role detected

CPU: total 20 (initial active 20) (10 cores per cpu, 2 threads per core) family 6 model 151 stepping 2 microcode 0x2e, cx8, cmov, fxsr, ht, mmx, 3dnowpref, sse, sse2, sse3, ssse3, sse4.1, sse4.2, popcnt, lzcnt, tsc, tscinvbit, avx, avx2, aes, erms, clmul, bmi1, bmi2, adx, sha, fma, vzeroupper, clflush, clflushopt, clwb, hv, rdtscp, rdpid, fsrm, f16c, cet_ibt, cet_ss
Processor Information for processor 0
  Max Mhz: 2100, Current Mhz: 2100, Mhz Limit: 2100
Processor Information for processor 1
  Max Mhz: 2100, Current Mhz: 2100, Mhz Limit: 2100
Processor Information for processor 2
  Max Mhz: 2100, Current Mhz: 2100, Mhz Limit: 2100
Processor Information for processor 3
  Max Mhz: 2100, Current Mhz: 2100, Mhz Limit: 2100
Processor Information for processor 4
  Max Mhz: 2100, Current Mhz: 2100, Mhz Limit: 2100
Processor Information for processor 5
  Max Mhz: 2100, Current Mhz: 2100, Mhz Limit: 2100
Processor Information for processor 6
  Max Mhz: 2100, Current Mhz: 2100, Mhz Limit: 2100
Processor Information for processor 7
  Max Mhz: 2100, Current Mhz: 2100, Mhz Limit: 2100
Processor Information for processor 8
  Max Mhz: 2100, Current Mhz: 2100, Mhz Limit: 2100
Processor Information for processor 9
  Max Mhz: 2100, Current Mhz: 2100, Mhz Limit: 2100
Processor Information for processor 10
  Max Mhz: 2100, Current Mhz: 2100, Mhz Limit: 2100
Processor Information for processor 11
  Max Mhz: 2100, Current Mhz: 2100, Mhz Limit: 2100
Processor Information for processor 12
  Max Mhz: 2100, Current Mhz: 2100, Mhz Limit: 2100
Processor Information for processor 13
  Max Mhz: 2100, Current Mhz: 2100, Mhz Limit: 2100
Processor Information for processor 14
  Max Mhz: 2100, Current Mhz: 2100, Mhz Limit: 2100
Processor Information for processor 15
  Max Mhz: 2100, Current Mhz: 2100, Mhz Limit: 2100
Processor Information for processor 16
  Max Mhz: 2100, Current Mhz: 1600, Mhz Limit: 1596
Processor Information for processor 17
  Max Mhz: 2100, Current Mhz: 1600, Mhz Limit: 1596
Processor Information for processor 18
  Max Mhz: 2100, Current Mhz: 1600, Mhz Limit: 1596
Processor Information for processor 19
  Max Mhz: 2100, Current Mhz: 1600, Mhz Limit: 1596

Memory: 4k page, system-wide physical 32452M (14186M free)
TotalPageFile size 37316M (AvailPageFile size 10335M)
current process WorkingSet (physical memory assigned to process): 219M, peak: 281M
current process commit charge ("private bytes"): 272M, peak: 707M

vm_info: Java HotSpot(TM) 64-Bit Server VM (21.0.6+8-LTS-188) for windows-amd64 JRE (21.0.6+8-LTS-188), built on 2024-12-03T10:50:54Z by "mach5one" with MS VC++ 17.6 (VS2022)

END.
