#
# A fatal error has been detected by the Java Runtime Environment:
#
#  EXCEPTION_ACCESS_VIOLATION (0xc0000005) at pc=0x00007ff9c1583471, pid=33400, tid=1900
#
# JRE version: Java(TM) SE Runtime Environment (21.0.6+8) (build 21.0.6+8-LTS-188)
# Java VM: Java HotSpot(TM) 64-Bit Server VM (21.0.6+8-LTS-188, mixed mode, sharing, tiered, compressed oops, compressed class ptrs, g1 gc, windows-amd64)
# Problematic frame:
# V  [jvm.dll+0x5d3471]
#
# No core dump will be written. Minidumps are not enabled by default on client versions of Windows
#
# If you would like to submit a bug report, please visit:
#   https://bugreport.java.com/bugreport/crash.jsp
#

---------------  S U M M A R Y ------------

Command Line: -javaagent:C:\Program Files\JetBrains\IntelliJ IDEA Community Edition 2024.1.3\lib\idea_rt.jar=5777:C:\Program Files\JetBrains\IntelliJ IDEA Community Edition 2024.1.3\bin -Dfile.encoding=UTF-8 -Dsun.stdout.encoding=UTF-8 -Dsun.stderr.encoding=UTF-8 -agentpath:C:\Program Files\SentinelOne\Sentinel Agent 23.4.4.223\SentinelJava64.dll=extendedCapabilities com.luka.JobAppProject.JobAppProjectApplication

Host: 12th Gen Intel(R) Core(TM) i7-12700, 20 cores, 31G,  Windows 10 , 64 bit Build 19041 (10.0.19041.5438)
Time: Wed May 14 19:18:40 2025 Georgian Standard Time elapsed time: 11.303824 seconds (0d 0h 0m 11s)

---------------  T H R E A D  ---------------

Current thread (0x000002d713666ae0):  JavaThread "http-nio-8080-exec-1" daemon [_thread_in_vm, id=1900, stack(0x000000fe17f00000,0x000000fe18000000) (1024K)]

Stack: [0x000000fe17f00000,0x000000fe18000000],  sp=0x000000fe17ffbb90,  free space=1006k
Native frames: (J=compiled Java code, j=interpreted, Vv=VM code, C=native code)
V  [jvm.dll+0x5d3471]
V  [jvm.dll+0x3d68e5]
V  [jvm.dll+0x3d5f5d]
C  0x000002d6b42ea3a0

The last pc belongs to invokevirtual (printed below).
Java frames: (J=compiled Java code, j=interpreted, Vv=VM code)
j  org.apache.catalina.core.ApplicationHttpRequest.getParameterValues(Ljava/lang/String;)[Ljava/lang/String;+1
v  ~StubRoutines::call_stub 0x000002d6b42d100d
j  org.apache.jasper.runtime.HttpJspBase.service(Ljakarta/servlet/http/HttpServletRequest;Ljakarta/servlet/http/HttpServletResponse;)V+0
j  jakarta.servlet.http.HttpServlet.service(Ljakarta/servlet/ServletRequest;Ljakarta/servlet/ServletResponse;)V+37
j  org.apache.jasper.servlet.JspServletWrapper.service(Ljakarta/servlet/http/HttpServletRequest;Ljakarta/servlet/http/HttpServletResponse;Z)V+372
j  org.apache.jasper.servlet.JspServlet.serviceJspFile(Ljakarta/servlet/http/HttpServletRequest;Ljakarta/servlet/http/HttpServletResponse;Ljava/lang/String;Z)V+112
j  org.apache.jasper.servlet.JspServlet.service(Ljakarta/servlet/http/HttpServletRequest;Ljakarta/servlet/http/HttpServletResponse;)V+230
j  jakarta.servlet.http.HttpServlet.service(Ljakarta/servlet/ServletRequest;Ljakarta/servlet/ServletResponse;)V+37
j  org.apache.catalina.core.ApplicationFilterChain.internalDoFilter(Ljakarta/servlet/ServletRequest;Ljakarta/servlet/ServletResponse;)V+300
j  org.apache.catalina.core.ApplicationFilterChain.doFilter(Ljakarta/servlet/ServletRequest;Ljakarta/servlet/ServletResponse;)V+99
j  org.apache.tomcat.websocket.server.WsFilter.doFilter(Ljakarta/servlet/ServletRequest;Ljakarta/servlet/ServletResponse;Ljakarta/servlet/FilterChain;)V+21
j  org.apache.catalina.core.ApplicationFilterChain.internalDoFilter(Ljakarta/servlet/ServletRequest;Ljakarta/servlet/ServletResponse;)V+130
j  org.apache.catalina.core.ApplicationFilterChain.doFilter(Ljakarta/servlet/ServletRequest;Ljakarta/servlet/ServletResponse;)V+99
j  org.springframework.web.filter.OncePerRequestFilter.doFilter(Ljakarta/servlet/ServletRequest;Ljakarta/servlet/ServletResponse;Ljakarta/servlet/FilterChain;)V+125
j  org.apache.catalina.core.ApplicationFilterChain.internalDoFilter(Ljakarta/servlet/ServletRequest;Ljakarta/servlet/ServletResponse;)V+130
j  org.apache.catalina.core.ApplicationFilterChain.doFilter(Ljakarta/servlet/ServletRequest;Ljakarta/servlet/ServletResponse;)V+99
j  org.springframework.web.filter.OncePerRequestFilter.doFilter(Ljakarta/servlet/ServletRequest;Ljakarta/servlet/ServletResponse;Ljakarta/servlet/FilterChain;)V+125
j  org.apache.catalina.core.ApplicationFilterChain.internalDoFilter(Ljakarta/servlet/ServletRequest;Ljakarta/servlet/ServletResponse;)V+130
j  org.apache.catalina.core.ApplicationFilterChain.doFilter(Ljakarta/servlet/ServletRequest;Ljakarta/servlet/ServletResponse;)V+99
j  org.springframework.web.filter.OncePerRequestFilter.doFilter(Ljakarta/servlet/ServletRequest;Ljakarta/servlet/ServletResponse;Ljakarta/servlet/FilterChain;)V+125
j  org.apache.catalina.core.ApplicationFilterChain.internalDoFilter(Ljakarta/servlet/ServletRequest;Ljakarta/servlet/ServletResponse;)V+130
j  org.apache.catalina.core.ApplicationFilterChain.doFilter(Ljakarta/servlet/ServletRequest;Ljakarta/servlet/ServletResponse;)V+99
j  org.apache.catalina.core.ApplicationDispatcher.invoke(Ljakarta/servlet/ServletRequest;Ljakarta/servlet/ServletResponse;Lorg/apache/catalina/core/ApplicationDispatcher$State;)V+344
j  org.apache.catalina.core.ApplicationDispatcher.processRequest(Ljakarta/servlet/ServletRequest;Ljakarta/servlet/ServletResponse;Lorg/apache/catalina/core/ApplicationDispatcher$State;)V+90
j  org.apache.catalina.core.ApplicationDispatcher.doForward(Ljakarta/servlet/ServletRequest;Ljakarta/servlet/ServletResponse;)V+334
j  org.apache.catalina.core.ApplicationDispatcher.forward(Ljakarta/servlet/ServletRequest;Ljakarta/servlet/ServletResponse;)V+55
j  org.springframework.web.servlet.view.InternalResourceView.renderMergedOutputModel(Ljava/util/Map;Ljakarta/servlet/http/HttpServletRequest;Ljakarta/servlet/http/HttpServletResponse;)V+145
j  org.springframework.web.servlet.view.AbstractView.render(Ljava/util/Map;Ljakarta/servlet/http/HttpServletRequest;Ljakarta/servlet/http/HttpServletResponse;)V+97
j  org.springframework.web.servlet.DispatcherServlet.render(Lorg/springframework/web/servlet/ModelAndView;Ljakarta/servlet/http/HttpServletRequest;Ljakarta/servlet/http/HttpServletResponse;)V+224
j  org.springframework.web.servlet.DispatcherServlet.processDispatchResult(Ljakarta/servlet/http/HttpServletRequest;Ljakarta/servlet/http/HttpServletResponse;Lorg/springframework/web/servlet/HandlerExecutionChain;Lorg/springframework/web/servlet/ModelAndView;Ljava/lang/Exception;)V+103
j  org.springframework.web.servlet.DispatcherServlet.doDispatch(Ljakarta/servlet/http/HttpServletRequest;Ljakarta/servlet/http/HttpServletResponse;)V+428
j  org.springframework.web.servlet.DispatcherServlet.doService(Ljakarta/servlet/http/HttpServletRequest;Ljakarta/servlet/http/HttpServletResponse;)V+242
j  org.springframework.web.servlet.FrameworkServlet.processRequest(Ljakarta/servlet/http/HttpServletRequest;Ljakarta/servlet/http/HttpServletResponse;)V+70
j  org.springframework.web.servlet.FrameworkServlet.doGet(Ljakarta/servlet/http/HttpServletRequest;Ljakarta/servlet/http/HttpServletResponse;)V+3
j  jakarta.servlet.http.HttpServlet.service(Ljakarta/servlet/http/HttpServletRequest;Ljakarta/servlet/http/HttpServletResponse;)V+35
j  org.springframework.web.servlet.FrameworkServlet.service(Ljakarta/servlet/http/HttpServletRequest;Ljakarta/servlet/http/HttpServletResponse;)V+20
j  jakarta.servlet.http.HttpServlet.service(Ljakarta/servlet/ServletRequest;Ljakarta/servlet/ServletResponse;)V+37
j  org.apache.catalina.core.ApplicationFilterChain.internalDoFilter(Ljakarta/servlet/ServletRequest;Ljakarta/servlet/ServletResponse;)V+300
j  org.apache.catalina.core.ApplicationFilterChain.doFilter(Ljakarta/servlet/ServletRequest;Ljakarta/servlet/ServletResponse;)V+99
j  org.apache.tomcat.websocket.server.WsFilter.doFilter(Ljakarta/servlet/ServletRequest;Ljakarta/servlet/ServletResponse;Ljakarta/servlet/FilterChain;)V+21
j  org.apache.catalina.core.ApplicationFilterChain.internalDoFilter(Ljakarta/servlet/ServletRequest;Ljakarta/servlet/ServletResponse;)V+130
j  org.apache.catalina.core.ApplicationFilterChain.doFilter(Ljakarta/servlet/ServletRequest;Ljakarta/servlet/ServletResponse;)V+99
j  org.springframework.web.filter.RequestContextFilter.doFilterInternal(Ljakarta/servlet/http/HttpServletRequest;Ljakarta/servlet/http/HttpServletResponse;Ljakarta/servlet/FilterChain;)V+21
j  org.springframework.web.filter.OncePerRequestFilter.doFilter(Ljakarta/servlet/ServletRequest;Ljakarta/servlet/ServletResponse;Ljakarta/servlet/FilterChain;)V+150
j  org.apache.catalina.core.ApplicationFilterChain.internalDoFilter(Ljakarta/servlet/ServletRequest;Ljakarta/servlet/ServletResponse;)V+130
j  org.apache.catalina.core.ApplicationFilterChain.doFilter(Ljakarta/servlet/ServletRequest;Ljakarta/servlet/ServletResponse;)V+99
j  org.springframework.web.filter.FormContentFilter.doFilterInternal(Ljakarta/servlet/http/HttpServletRequest;Ljakarta/servlet/http/HttpServletResponse;Ljakarta/servlet/FilterChain;)V+38
j  org.springframework.web.filter.OncePerRequestFilter.doFilter(Ljakarta/servlet/ServletRequest;Ljakarta/servlet/ServletResponse;Ljakarta/servlet/FilterChain;)V+150
j  org.apache.catalina.core.ApplicationFilterChain.internalDoFilter(Ljakarta/servlet/ServletRequest;Ljakarta/servlet/ServletResponse;)V+130
j  org.apache.catalina.core.ApplicationFilterChain.doFilter(Ljakarta/servlet/ServletRequest;Ljakarta/servlet/ServletResponse;)V+99
j  org.springframework.web.filter.CharacterEncodingFilter.doFilterInternal(Ljakarta/servlet/http/HttpServletRequest;Ljakarta/servlet/http/HttpServletResponse;Ljakarta/servlet/FilterChain;)V+53
j  org.springframework.web.filter.OncePerRequestFilter.doFilter(Ljakarta/servlet/ServletRequest;Ljakarta/servlet/ServletResponse;Ljakarta/servlet/FilterChain;)V+150
j  org.apache.catalina.core.ApplicationFilterChain.internalDoFilter(Ljakarta/servlet/ServletRequest;Ljakarta/servlet/ServletResponse;)V+130
j  org.apache.catalina.core.ApplicationFilterChain.doFilter(Ljakarta/servlet/ServletRequest;Ljakarta/servlet/ServletResponse;)V+99
j  org.apache.catalina.core.StandardWrapperValve.invoke(Lorg/apache/catalina/connector/Request;Lorg/apache/catalina/connector/Response;)V+511
j  org.apache.catalina.core.StandardContextValve.invoke(Lorg/apache/catalina/connector/Request;Lorg/apache/catalina/connector/Response;)V+169
j  org.apache.catalina.authenticator.AuthenticatorBase.invoke(Lorg/apache/catalina/connector/Request;Lorg/apache/catalina/connector/Response;)V+221
j  org.apache.catalina.core.StandardHostValve.invoke(Lorg/apache/catalina/connector/Request;Lorg/apache/catalina/connector/Response;)V+131
j  org.apache.catalina.valves.ErrorReportValve.invoke(Lorg/apache/catalina/connector/Request;Lorg/apache/catalina/connector/Response;)V+6
j  org.apache.catalina.core.StandardEngineValve.invoke(Lorg/apache/catalina/connector/Request;Lorg/apache/catalina/connector/Response;)V+59
j  org.apache.catalina.connector.CoyoteAdapter.service(Lorg/apache/coyote/Request;Lorg/apache/coyote/Response;)V+188
j  org.apache.coyote.http11.Http11Processor.service(Lorg/apache/tomcat/util/net/SocketWrapperBase;)Lorg/apache/tomcat/util/net/AbstractEndpoint$Handler$SocketState;+796
j  org.apache.coyote.AbstractProcessorLight.process(Lorg/apache/tomcat/util/net/SocketWrapperBase;Lorg/apache/tomcat/util/net/SocketEvent;)Lorg/apache/tomcat/util/net/AbstractEndpoint$Handler$SocketState;+155
j  org.apache.coyote.AbstractProtocol$ConnectionHandler.process(Lorg/apache/tomcat/util/net/SocketWrapperBase;Lorg/apache/tomcat/util/net/SocketEvent;)Lorg/apache/tomcat/util/net/AbstractEndpoint$Handler$SocketState;+477
j  org.apache.tomcat.util.net.NioEndpoint$SocketProcessor.doRun()V+222
j  org.apache.tomcat.util.net.SocketProcessorBase.run()V+32
j  org.apache.tomcat.util.threads.ThreadPoolExecutor.runWorker(Lorg/apache/tomcat/util/threads/ThreadPoolExecutor$Worker;)V+92
j  org.apache.tomcat.util.threads.ThreadPoolExecutor$Worker.run()V+5
j  org.apache.tomcat.util.threads.TaskThread$WrappingRunnable.run()V+4
j  java.lang.Thread.runWith(Ljava/lang/Object;Ljava/lang/Runnable;)V+5 java.base@21.0.6
j  java.lang.Thread.run()V+19 java.base@21.0.6
v  ~StubRoutines::call_stub 0x000002d6b42d100d

siginfo: EXCEPTION_ACCESS_VIOLATION (0xc0000005), reading address 0x000000000000000b


Registers:
RAX=0x000000fe17ffbbd8, RBX=0x000002d7147e0e80, RCX=0x000000fe17ffbb60, RDX=0x000000fe17ffbb60
RSP=0x000000fe17ffbb90, RBP=0x000000fe17ffbd20, RSI=0x000000fe17ffbcf0, RDI=0x000002d713666ae0
R8 =0x0000000000000003, R9 =0x000002d70dc452f8, R10=0x000002d712976180, R11=0x0000000000000000
R12=0x0000000000000000, R13=0x000002d70dc47629, R14=0x00000000000000b6, R15=0x000002d70dc47629
RIP=0x00007ff9c1583471, EFLAGS=0x0000000000010202


Register to memory mapping:

RAX=0x000000fe17ffbbd8 is pointing into the stack for thread: 0x000002d713666ae0
RBX=0x000002d7147e0e80 points into unknown readable memory: 0x0000000000000003 | 03 00 00 00 00 00 00 00
RCX=0x000000fe17ffbb60 is pointing into the stack for thread: 0x000002d713666ae0
RDX=0x000000fe17ffbb60 is pointing into the stack for thread: 0x000002d713666ae0
RSP=0x000000fe17ffbb90 is pointing into the stack for thread: 0x000002d713666ae0
RBP=0x000000fe17ffbd20 is pointing into the stack for thread: 0x000002d713666ae0
RSI=0x000000fe17ffbcf0 is pointing into the stack for thread: 0x000002d713666ae0
RDI=0x000002d713666ae0 is a thread
R8 =0x0000000000000003 is an unknown value
R9 =0x000002d70dc452f8 is pointing into metadata
R10=0x000002d712976180 points into unknown readable memory: 0x0000002000000006 | 06 00 00 00 20 00 00 00
R11=0x0 is null
R12=0x0 is null
R13=0x000002d70dc47629 is pointing into metadata
R14=0x00000000000000b6 is an unknown value
R15=0x000002d70dc47629 is pointing into metadata

Top of Stack: (sp=0x000000fe17ffbb90)
0x000000fe17ffbb90:   000002d7147e0e80 000000fe17ffbd20
0x000000fe17ffbba0:   000000fe17ffbcf0 000000030000000e
0x000000fe17ffbbb0:   000002d713666a0a 0000000000000000
0x000000fe17ffbbc0:   00000000000000b6 00007ff9c12c191f
0x000000fe17ffbbd0:   0000000000000000 000002d6ca867ad8
0x000000fe17ffbbe0:   000002d6cb486678 000002d6cc416cb8
0x000000fe17ffbbf0:   000002d6cc416cb8 0000000000000000
0x000000fe17ffbc00:   0000000000000000 00000000000a0101
0x000000fe17ffbc10:   000002d711236000 00007ff9c13868e5
0x000000fe17ffbc20:   000002d713666ae0 000002d7147e0e80
0x000000fe17ffbc30:   0000000000000000 0000000000000000
0x000000fe17ffbc40:   00000000000000b6 000002d713666ae0
0x000000fe17ffbc50:   000002d70dc47660 000002d713666ae0
0x000000fe17ffbc60:   0000000000000000 0000000000000000
0x000000fe17ffbc70:   000002d70dc452f8 000002d713666ae0
0x000000fe17ffbc80:   000002d70dc47629 000002d6000000b6
0x000000fe17ffbc90:   000002d70dc47660 0000000000000000
0x000000fe17ffbca0:   0000000000000000 000000fe17ffbfd0
0x000000fe17ffbcb0:   000000fe17ffbf80 000000fe17ffbf80
0x000000fe17ffbcc0:   000002d6b42ea35d 000002d6b42d8190
0x000000fe17ffbcd0:   0000000000000000 0000000000000000
0x000000fe17ffbce0:   000000fe17ffbfd0 000000fe17ffbf80
0x000000fe17ffbcf0:   0000000000000000 0000000000000000
0x000000fe17ffbd00:   0000000000000000 0000000000000000
0x000000fe17ffbd10:   0000000000000000 0000000000000000
0x000000fe17ffbd20:   0000000000000000 0000000000000000
0x000000fe17ffbd30:   000002d713666ae0 000002d70dc47629
0x000000fe17ffbd40:   000000fe17ffbfe8 000002d713666ae0
0x000000fe17ffbd50:   000000fe17ffc3d0 00000000000000b6
0x000000fe17ffbd60:   000000fe17ffbe70 00007ff9c1385f5d
0x000000fe17ffbd70:   000002d70dc452f8 0000000000000000
0x000000fe17ffbd80:   00000000000003d8 000002d7117709f8 

Instructions: (pc=0x00007ff9c1583471)
0x00007ff9c1583371:   e8 ca cf ff ff 48 83 7b 08 00 0f 85 d0 01 00 00
0x00007ff9c1583381:   4c 8b cb 48 8d 54 24 48 41 b0 01 48 8b ce e8 1c
0x00007ff9c1583391:   10 00 00 e9 b8 01 00 00 48 8b bc 24 b8 00 00 00
0x00007ff9c15833a1:   48 8d 4c 24 48 41 b9 b7 00 00 00 48 89 7c 24 20
0x00007ff9c15833b1:   45 8b c2 49 8b d3 e8 84 cf ff ff 48 83 7f 08 00
0x00007ff9c15833c1:   0f 85 8a 01 00 00 48 8b d7 48 8d 4c 24 48 e8 5c
0x00007ff9c15833d1:   df ff ff 48 83 7f 08 00 0f 85 72 01 00 00 48 89
0x00007ff9c15833e1:   44 24 38 48 89 7c 24 40 48 85 c0 74 16 48 8b 8f
0x00007ff9c15833f1:   28 03 00 00 48 8d 54 24 30 48 89 44 24 30 e8 ac
0x00007ff9c1583401:   66 a3 ff 4c 8b cb 48 89 7c 24 20 4c 8d 44 24 38
0x00007ff9c1583411:   48 8b ce 48 8d 54 24 48 e8 42 19 00 00 48 8d 4c
0x00007ff9c1583421:   24 38 e8 c8 aa dc ff e9 24 01 00 00 48 8b bc 24
0x00007ff9c1583431:   b8 00 00 00 48 8d 4c 24 48 41 b9 b6 00 00 00 48
0x00007ff9c1583441:   89 7c 24 20 45 8b c2 49 8b d3 e8 f0 ce ff ff 48
0x00007ff9c1583451:   83 7f 08 00 0f 85 f6 00 00 00 48 85 db 75 05 45
0x00007ff9c1583461:   33 c0 eb 26 80 3d 2e b1 5e 00 00 4c 8b 03 74 16
0x00007ff9c1583471:   45 8b 40 08 8b 0d fd 9a 5e 00 49 d3 e0 4c 03 05
0x00007ff9c1583481:   eb 9a 5e 00 eb 04 4d 8b 40 08 48 89 7c 24 28 4c
0x00007ff9c1583491:   8d 4c 24 48 48 8b d3 c6 44 24 20 01 48 8b ce e8
0x00007ff9c15834a1:   7b 11 00 00 e9 a7 00 00 00 4c 8b 8c 24 b8 00 00
0x00007ff9c15834b1:   00 45 8b c2 49 8b d3 48 8b ce e8 20 03 00 00 e9
0x00007ff9c15834c1:   96 00 00 00 4c 8b 8c 24 b8 00 00 00 45 8b c2 49
0x00007ff9c15834d1:   8b d3 48 8b ce e8 f5 00 00 00 eb 7e 48 8b bc 24
0x00007ff9c15834e1:   b8 00 00 00 48 8d 4c 24 48 41 b9 b9 00 00 00 48
0x00007ff9c15834f1:   89 7c 24 20 45 8b c2 49 8b d3 e8 40 ce ff ff 48
0x00007ff9c1583501:   83 7f 08 00 75 4a 48 85 db 75 05 45 33 c0 eb 26
0x00007ff9c1583511:   80 3d 82 b0 5e 00 00 4c 8b 03 74 16 45 8b 40 08
0x00007ff9c1583521:   8b 0d 51 9a 5e 00 49 d3 e0 4c 03 05 3f 9a 5e 00
0x00007ff9c1583531:   eb 04 4d 8b 40 08 48 89 7c 24 28 4c 8d 4c 24 48
0x00007ff9c1583541:   48 8b d3 c6 44 24 20 01 48 8b ce e8 ff f4 ff ff
0x00007ff9c1583551:   48 8d 4c 24 68 e8 95 a9 dc ff 48 8b bc 24 90 00
0x00007ff9c1583561:   00 00 48 8b 9c 24 98 00 00 00 48 81 c4 80 00 00 


Stack slot to memory mapping:

stack at sp + 0 slots: 0x000002d7147e0e80 points into unknown readable memory: 0x0000000000000003 | 03 00 00 00 00 00 00 00
stack at sp + 1 slots: 0x000000fe17ffbd20 is pointing into the stack for thread: 0x000002d713666ae0
stack at sp + 2 slots: 0x000000fe17ffbcf0 is pointing into the stack for thread: 0x000002d713666ae0
stack at sp + 3 slots: 0x000000030000000e is an unknown value
stack at sp + 4 slots: 0x000002d713666a0a points into unknown readable memory: b0 00 00 00 02 00
stack at sp + 5 slots: 0x0 is null
stack at sp + 6 slots: 0x00000000000000b6 is an unknown value
stack at sp + 7 slots: 0x00007ff9c12c191f jvm.dll

invokevirtual  182 invokevirtual  [0x000002d6b42ea300, 0x000002d6b42ea7d0]  1232 bytes
[MachCode]
  0x000002d6b42ea300: 4883 ec08 | c5fa 1104 | 24eb 1f48 | 83ec 10c5 | fb11 0424 | eb14 4883 | ec10 4889 | 0424 48c7 
  0x000002d6b42ea320: 4424 0800 | 0000 00eb | 0150 4c89 | 6dc0 410f | b755 0148 | 8b4d d0c1 | e202 8b5c | d138 c1eb 
  0x000002d6b42ea340: 1881 e3ff | 0000 0081 | fbb6 0000 | 000f 84b4 | 0000 00bb | b600 0000 | e805 0000 | 00e9 9900 
  0x000002d6b42ea360: 0000 488b | d348 8d44 | 2408 4c89 | 6dc0 498b | cfc5 f877 | 4989 afa8 | 0300 0049 | 8987 9803 
  0x000002d6b42ea380: 0000 4883 | ec20 40f6 | c40f 0f84 | 1900 0000 | 4883 ec08 | 48b8 f05e | 38c1 f97f | 0000 ffd0 
  0x000002d6b42ea3a0: 4883 c408 | e90c 0000 | 0048 b8f0 | 5e38 c1f9 | 7f00 00ff | d048 83c4 | 2049 c787 | 9803 0000 
  0x000002d6b42ea3c0: 0000 0000 | 49c7 87a8 | 0300 0000 | 0000 0049 | c787 a003 | 0000 0000 | 0000 c5f8 | 7749 837f 
  0x000002d6b42ea3e0: 0800 0f84 | 0500 0000 | e913 6bfe | ff4c 8b6d | c04c 8b75 | c84e 8d74 | f500 c341 | 0fb7 5501 
  0x000002d6b42ea400: 488b 4dd0 | c1e2 0248 | 8b5c d148 | 8b54 d150 | 8bca 81e1 | ff00 0000 | 488b 4ccc | f844 8bea 
  0x000002d6b42ea420: c1ea 1c49 | ba20 dbbf | c1f9 7f00 | 0049 8b14 | d252 418b | d54c 8b6d | c08b c225 | 0000 1000 
  0x000002d6b42ea440: 0f84 7801 | 0000 483b | 0148 8b45 | d848 85c0 | 0f84 1200 | 0000 4883 | 4008 0148 | 8358 0800 
  0x000002d6b42ea460: 4883 c038 | 4889 45d8 | 488b 45d8 | 4885 c00f | 843d 0100 | 0080 78c8 | 0b0f 8533 | 0100 0048 
  0x000002d6b42ea480: 83c0 084c | 8b68 f841 | 83ed 0041 | 83fd 020f | 8c12 0100 | 004c 8b6b | 0845 0fb7 | 6d2e 4c2b 
  0x000002d6b42ea4a0: 2841 83ed | 014e 8b6c | ec08 4d85 | ed75 0ef6 | 4008 0175 | 58f0 4883 | 4808 01eb | 5045 8b6d 
  0x000002d6b42ea4c0: 0849 ba00 | 0000 cbd6 | 0200 004d | 03ea 4d8b | d54c 3368 | 0849 f7c5 | fcff ffff | 742f 41f6 
  0x000002d6b42ea4e0: c502 7529 | 4883 7808 | 0074 1e48 | 8378 0801 | 7417 4d8b | ea4c 3368 | 0849 f7c5 | fcff ffff 
  0x000002d6b42ea500: 740b 4883 | 4808 02eb | 044c 8968 | 0848 83c0 | 104c 8b68 | e841 83ed | 0241 83fd | 020f 8c84 
  0x000002d6b42ea520: 0000 004c | 8b6b 0845 | 0fb7 6d2e | 4c2b 2841 | 83ed 014e | 8b6c ec08 | 4d85 ed75 | 0ef6 4008 
  0x000002d6b42ea540: 0175 58f0 | 4883 4808 | 01eb 5045 | 8b6d 0849 | ba00 0000 | cbd6 0200 | 004d 03ea | 4d8b d54c 
  0x000002d6b42ea560: 3368 0849 | f7c5 fcff | ffff 742f | 41f6 c502 | 7529 4883 | 7808 0074 | 1e48 8378 | 0801 7417 
  0x000002d6b42ea580: 4d8b ea4c | 3368 0849 | f7c5 fcff | ffff 740b | 4883 4808 | 02eb 044c | 8968 0848 | 83c0 104c 
  0x000002d6b42ea5a0: 8b68 d841 | 83ed 0441 | c1e5 0349 | 03c5 4889 | 45d8 4c8d | 6c24 084c | 896d f0ff | 6350 8b41 
  0x000002d6b42ea5c0: 0849 ba00 | 0000 cbd6 | 0200 0049 | 03c2 4c8b | 75d8 4d85 | f60f 8495 | 0000 0049 | 8b56 1848 
  0x000002d6b42ea5e0: 3bd0 0f85 | 0f00 0000 | 4983 4620 | 0149 835e | 2000 e971 | 0000 0048 | 85d2 0f84 | 4200 0000 
  0x000002d6b42ea600: 498b 5628 | 483b d00f | 850f 0000 | 0049 8346 | 3001 4983 | 5e30 00e9 | 4c00 0000 | 4885 d274 
  0x000002d6b42ea620: 0f49 8346 | 0801 4983 | 5e08 00e9 | 3800 0000 | 4989 4628 | ba01 0000 | 0049 8956 | 30e9 2600 
  0x000002d6b42ea640: 0000 493b | 4628 0f85 | 0f00 0000 | 4983 4630 | 0149 835e | 3000 e90d | 0000 0049 | 8946 18ba 
  0x000002d6b42ea660: 0100 0000 | 4989 5620 | 4983 c638 | 4c89 75d8 | 488b 9cd8 | c001 0000 | 488b 55d8 | 4885 d20f 
  0x000002d6b42ea680: 843d 0100 | 0080 7ac8 | 0b0f 8533 | 0100 0048 | 83c2 084c | 8b6a f841 | 83ed 0041 | 83fd 020f 
  0x000002d6b42ea6a0: 8c12 0100 | 004c 8b6b | 0845 0fb7 | 6d2e 4c2b | 2a41 83ed | 014e 8b6c | ec08 4d85 | ed75 0ef6 
  0x000002d6b42ea6c0: 4208 0175 | 58f0 4883 | 4a08 01eb | 5045 8b6d | 0849 ba00 | 0000 cbd6 | 0200 004d | 03ea 4d8b 
  0x000002d6b42ea6e0: d54c 336a | 0849 f7c5 | fcff ffff | 742f 41f6 | c502 7529 | 4883 7a08 | 0074 1e48 | 837a 0801 
  0x000002d6b42ea700: 7417 4d8b | ea4c 336a | 0849 f7c5 | fcff ffff | 740b 4883 | 4a08 02eb | 044c 896a | 0848 83c2 
  0x000002d6b42ea720: 104c 8b6a | e841 83ed | 0241 83fd | 020f 8c84 | 0000 004c | 8b6b 0845 | 0fb7 6d2e | 4c2b 2a41 
  0x000002d6b42ea740: 83ed 014e | 8b6c ec08 | 4d85 ed75 | 0ef6 4208 | 0175 58f0 | 4883 4a08 | 01eb 5045 | 8b6d 0849 
  0x000002d6b42ea760: ba00 0000 | cbd6 0200 | 004d 03ea | 4d8b d54c | 336a 0849 | f7c5 fcff | ffff 742f | 41f6 c502 
  0x000002d6b42ea780: 7529 4883 | 7a08 0074 | 1e48 837a | 0801 7417 | 4d8b ea4c | 336a 0849 | f7c5 fcff | ffff 740b 
  0x000002d6b42ea7a0: 4883 4a08 | 02eb 044c | 896a 0848 | 83c2 104c | 8b6a d841 | 83ed 0441 | c1e5 0349 | 03d5 4889 
  0x000002d6b42ea7c0: 55d8 4c8d | 6c24 084c | 896d f0ff | 6350 6690 
[/MachCode]

---------------  P R O C E S S  ---------------

Threads class SMR info:
_java_thread_list=0x000002d7115afc30, length=33, elements={
0x000002d6bd247600, 0x000002d6bd2491c0, 0x000002d6bd24a220, 0x000002d6ca261f10,
0x000002d6ca262960, 0x000002d6ca273e70, 0x000002d6ca27cc00, 0x000002d6ca2836b0,
0x000002d6ca389340, 0x000002d6ca38ff40, 0x000002d6ca3905e0, 0x000002d6ca3e25d0,
0x000002d6ca4d4fb0, 0x000002d6ca9335a0, 0x000002d6ca886bb0, 0x000002d7115aa6f0,
0x000002d71128c010, 0x000002d71083d860, 0x000002d71182f4a0, 0x000002d7118a5430,
0x000002d713666ae0, 0x000002d711ef3550, 0x000002d711284020, 0x000002d711286770,
0x000002d71452dbf0, 0x000002d71452ae00, 0x000002d71452a770, 0x000002d71452b490,
0x000002d71452bb20, 0x000002d71452c1b0, 0x000002d71452c840, 0x000002d71452ced0,
0x000002d71452d560
}

Java Threads: ( => current thread )
  0x000002d6bd247600 JavaThread "Reference Handler"          daemon [_thread_blocked, id=30880, stack(0x000000fe15600000,0x000000fe15700000) (1024K)]
  0x000002d6bd2491c0 JavaThread "Finalizer"                  daemon [_thread_blocked, id=33756, stack(0x000000fe15700000,0x000000fe15800000) (1024K)]
  0x000002d6bd24a220 JavaThread "Signal Dispatcher"          daemon [_thread_blocked, id=27292, stack(0x000000fe15800000,0x000000fe15900000) (1024K)]
  0x000002d6ca261f10 JavaThread "Attach Listener"            daemon [_thread_blocked, id=12300, stack(0x000000fe15900000,0x000000fe15a00000) (1024K)]
  0x000002d6ca262960 JavaThread "Service Thread"             daemon [_thread_blocked, id=22136, stack(0x000000fe15a00000,0x000000fe15b00000) (1024K)]
  0x000002d6ca273e70 JavaThread "Monitor Deflation Thread"   daemon [_thread_blocked, id=37452, stack(0x000000fe15b00000,0x000000fe15c00000) (1024K)]
  0x000002d6ca27cc00 JavaThread "C2 CompilerThread0"         daemon [_thread_blocked, id=29412, stack(0x000000fe15c00000,0x000000fe15d00000) (1024K)]
  0x000002d6ca2836b0 JavaThread "C1 CompilerThread0"         daemon [_thread_blocked, id=27556, stack(0x000000fe15d00000,0x000000fe15e00000) (1024K)]
  0x000002d6ca389340 JavaThread "Common-Cleaner"             daemon [_thread_blocked, id=20844, stack(0x000000fe15e00000,0x000000fe15f00000) (1024K)]
  0x000002d6ca38ff40 JavaThread "C1 CompilerThread1"         daemon [_thread_blocked, id=35072, stack(0x000000fe15f00000,0x000000fe16000000) (1024K)]
  0x000002d6ca3905e0 JavaThread "C1 CompilerThread2"         daemon [_thread_blocked, id=4152, stack(0x000000fe16000000,0x000000fe16100000) (1024K)]
  0x000002d6ca3e25d0 JavaThread "C2 CompilerThread1"         daemon [_thread_blocked, id=21096, stack(0x000000fe16200000,0x000000fe16300000) (1024K)]
  0x000002d6ca4d4fb0 JavaThread "C2 CompilerThread2"         daemon [_thread_in_native, id=9944, stack(0x000000fe16300000,0x000000fe16400000) (1024K)]
  0x000002d6ca9335a0 JavaThread "Monitor Ctrl-Break"         daemon [_thread_in_native, id=37464, stack(0x000000fe16400000,0x000000fe16500000) (1024K)]
  0x000002d6ca886bb0 JavaThread "Notification Thread"        daemon [_thread_blocked, id=33332, stack(0x000000fe16500000,0x000000fe16600000) (1024K)]
  0x000002d7115aa6f0 JavaThread "C2 CompilerThread3"         daemon [_thread_blocked, id=24848, stack(0x000000fe17200000,0x000000fe17300000) (1024K)]
  0x000002d71128c010 JavaThread "C2 CompilerThread4"         daemon [_thread_blocked, id=34268, stack(0x000000fe17300000,0x000000fe17400000) (1024K)]
  0x000002d71083d860 JavaThread "Catalina-utility-1"                [_thread_blocked, id=12052, stack(0x000000fe17c00000,0x000000fe17d00000) (1024K)]
  0x000002d71182f4a0 JavaThread "Catalina-utility-2"                [_thread_blocked, id=36492, stack(0x000000fe17d00000,0x000000fe17e00000) (1024K)]
  0x000002d7118a5430 JavaThread "container-0"                       [_thread_blocked, id=35632, stack(0x000000fe17e00000,0x000000fe17f00000) (1024K)]
=>0x000002d713666ae0 JavaThread "http-nio-8080-exec-1"       daemon [_thread_in_vm, id=1900, stack(0x000000fe17f00000,0x000000fe18000000) (1024K)]
  0x000002d711ef3550 JavaThread "http-nio-8080-exec-2"       daemon [_thread_blocked, id=35000, stack(0x000000fe18000000,0x000000fe18100000) (1024K)]
  0x000002d711284020 JavaThread "http-nio-8080-exec-3"       daemon [_thread_blocked, id=12152, stack(0x000000fe18100000,0x000000fe18200000) (1024K)]
  0x000002d711286770 JavaThread "http-nio-8080-exec-4"       daemon [_thread_blocked, id=5204, stack(0x000000fe18200000,0x000000fe18300000) (1024K)]
  0x000002d71452dbf0 JavaThread "http-nio-8080-exec-5"       daemon [_thread_blocked, id=36852, stack(0x000000fe18300000,0x000000fe18400000) (1024K)]
  0x000002d71452ae00 JavaThread "http-nio-8080-exec-6"       daemon [_thread_blocked, id=5648, stack(0x000000fe18400000,0x000000fe18500000) (1024K)]
  0x000002d71452a770 JavaThread "http-nio-8080-exec-7"       daemon [_thread_blocked, id=4540, stack(0x000000fe18500000,0x000000fe18600000) (1024K)]
  0x000002d71452b490 JavaThread "http-nio-8080-exec-8"       daemon [_thread_blocked, id=1144, stack(0x000000fe18600000,0x000000fe18700000) (1024K)]
  0x000002d71452bb20 JavaThread "http-nio-8080-exec-9"       daemon [_thread_blocked, id=19408, stack(0x000000fe18700000,0x000000fe18800000) (1024K)]
  0x000002d71452c1b0 JavaThread "http-nio-8080-exec-10"      daemon [_thread_blocked, id=17272, stack(0x000000fe18800000,0x000000fe18900000) (1024K)]
  0x000002d71452c840 JavaThread "http-nio-8080-Poller"       daemon [_thread_in_native, id=30536, stack(0x000000fe18900000,0x000000fe18a00000) (1024K)]
  0x000002d71452ced0 JavaThread "http-nio-8080-Acceptor"     daemon [_thread_in_native, id=31720, stack(0x000000fe18a00000,0x000000fe18b00000) (1024K)]
  0x000002d71452d560 JavaThread "DestroyJavaVM"                     [_thread_blocked, id=15720, stack(0x000000fe14e00000,0x000000fe14f00000) (1024K)]
Total: 33

Other Threads:
  0x000002d6bd22c4c0 VMThread "VM Thread"                           [id=18500, stack(0x000000fe15500000,0x000000fe15600000) (1024K)]
  0x000002d6bd210430 WatcherThread "VM Periodic Task Thread"        [id=31864, stack(0x000000fe15400000,0x000000fe15500000) (1024K)]
  0x000002d6bd0d01b0 WorkerThread "GC Thread#0"                     [id=10196, stack(0x000000fe14f00000,0x000000fe15000000) (1024K)]
  0x000002d6bd22c860 WorkerThread "GC Thread#1"                     [id=5944, stack(0x000000fe16600000,0x000000fe16700000) (1024K)]
  0x000002d6bd22cc00 WorkerThread "GC Thread#2"                     [id=11640, stack(0x000000fe16700000,0x000000fe16800000) (1024K)]
  0x000002d6bd22d6e0 WorkerThread "GC Thread#3"                     [id=13348, stack(0x000000fe16800000,0x000000fe16900000) (1024K)]
  0x000002d6bd22bd80 WorkerThread "GC Thread#4"                     [id=36908, stack(0x000000fe16900000,0x000000fe16a00000) (1024K)]
  0x000002d6bd22d340 WorkerThread "GC Thread#5"                     [id=37328, stack(0x000000fe16a00000,0x000000fe16b00000) (1024K)]
  0x000002d6bd22c120 WorkerThread "GC Thread#6"                     [id=35636, stack(0x000000fe16b00000,0x000000fe16c00000) (1024K)]
  0x000002d7100a8a40 WorkerThread "GC Thread#7"                     [id=3396, stack(0x000000fe16c00000,0x000000fe16d00000) (1024K)]
  0x000002d7100aa740 WorkerThread "GC Thread#8"                     [id=22864, stack(0x000000fe16d00000,0x000000fe16e00000) (1024K)]
  0x000002d7100abd00 WorkerThread "GC Thread#9"                     [id=27592, stack(0x000000fe16e00000,0x000000fe16f00000) (1024K)]
  0x000002d7100a98c0 WorkerThread "GC Thread#10"                    [id=24428, stack(0x000000fe16f00000,0x000000fe17000000) (1024K)]
  0x000002d7100aaae0 WorkerThread "GC Thread#11"                    [id=19512, stack(0x000000fe17000000,0x000000fe17100000) (1024K)]
  0x000002d7100ab960 WorkerThread "GC Thread#12"                    [id=30412, stack(0x000000fe17100000,0x000000fe17200000) (1024K)]
  0x000002d7100a8de0 WorkerThread "GC Thread#13"                    [id=36176, stack(0x000000fe17400000,0x000000fe17500000) (1024K)]
  0x000002d7100a86a0 WorkerThread "GC Thread#14"                    [id=31628, stack(0x000000fe17500000,0x000000fe17600000) (1024K)]
  0x000002d6a325dca0 ConcurrentGCThread "G1 Main Marker"            [id=26136, stack(0x000000fe15000000,0x000000fe15100000) (1024K)]
  0x000002d6a3260130 WorkerThread "G1 Conc#0"                       [id=36812, stack(0x000000fe15100000,0x000000fe15200000) (1024K)]
  0x000002d7100a9180 WorkerThread "G1 Conc#1"                       [id=33320, stack(0x000000fe17600000,0x000000fe17700000) (1024K)]
  0x000002d7100a9520 WorkerThread "G1 Conc#2"                       [id=20884, stack(0x000000fe17700000,0x000000fe17800000) (1024K)]
  0x000002d7126006f0 WorkerThread "G1 Conc#3"                       [id=34456, stack(0x000000fe17800000,0x000000fe17900000) (1024K)]
  0x000002d6a329e480 ConcurrentGCThread "G1 Refine#0"               [id=31012, stack(0x000000fe15200000,0x000000fe15300000) (1024K)]
  0x000002d6bd162ea0 ConcurrentGCThread "G1 Service"                [id=14344, stack(0x000000fe15300000,0x000000fe15400000) (1024K)]
Total: 24

Threads with active compile tasks:
C2 CompilerThread2    11436 5235       4       org.eclipse.jdt.internal.compiler.lookup.BinaryTypeBinding::createMethod (1719 bytes)
Total: 1

VM state: not at safepoint (normal execution)

VM Mutex/Monitor currently owned by a thread: None

Heap address: 0x0000000604c00000, size: 8116 MB, Compressed Oops mode: Zero based, Oop shift amount: 3

CDS archive(s) mapped at: [0x000002d6cb000000-0x000002d6cbc90000-0x000002d6cbc90000), size 13172736, SharedBaseAddress: 0x000002d6cb000000, ArchiveRelocationMode: 1.
Compressed class space mapped at: 0x000002d6cc000000-0x000002d70c000000, reserved size: 1073741824
Narrow klass base: 0x000002d6cb000000, Narrow klass shift: 0, Narrow klass range: 0x100000000

GC Precious Log:
 CardTable entry size: 512
 Card Set container configuration: InlinePtr #cards 4 size 8 Array Of Cards #cards 32 size 80 Howl #buckets 8 coarsen threshold 7372 Howl Bitmap #cards 1024 size 144 coarsen threshold 921 Card regions per heap region 1 cards per card region 8192
 CPUs: 20 total, 20 available
 Memory: 32452M
 Large Page Support: Disabled
 NUMA Support: Disabled
 Compressed Oops: Enabled (Zero based)
 Heap Region Size: 4M
 Heap Min Capacity: 8M
 Heap Initial Capacity: 508M
 Heap Max Capacity: 8116M
 Pre-touch: Disabled
 Parallel Workers: 15
 Concurrent Workers: 4
 Concurrent Refinement Workers: 15
 Periodic GC: Disabled

Heap:
 garbage-first heap   total 81920K, used 42713K [0x0000000604c00000, 0x0000000800000000)
  region size 4096K, 8 young (32768K), 1 survivors (4096K)
 Metaspace       used 41872K, committed 42496K, reserved 1114112K
  class space    used 4715K, committed 4992K, reserved 1048576K

Heap Regions: E=young(eden), S=young(survivor), O=old, HS=humongous(starts), HC=humongous(continues), CS=collection set, F=free, TAMS=top-at-mark-start, PB=parsable bottom
|   0|0x0000000604c00000, 0x0000000605000000, 0x0000000605000000|100%| O|  |TAMS 0x0000000604c00000| PB 0x0000000604c00000| Untracked 
|   1|0x0000000605000000, 0x0000000605000000, 0x0000000605400000|  0%| F|  |TAMS 0x0000000605000000| PB 0x0000000605000000| Untracked 
|   2|0x0000000605400000, 0x0000000605800000, 0x0000000605800000|100%| O|  |TAMS 0x0000000605400000| PB 0x0000000605400000| Untracked 
|   3|0x0000000605800000, 0x0000000605c00000, 0x0000000605c00000|100%| O|  |TAMS 0x0000000605800000| PB 0x0000000605800000| Untracked 
|   4|0x0000000605c00000, 0x0000000605eac300, 0x0000000606000000| 66%| O|Cm|TAMS 0x0000000605c00000| PB 0x0000000605c00000| Complete 
|   5|0x0000000606000000, 0x0000000606000000, 0x0000000606400000|  0%| F|  |TAMS 0x0000000606000000| PB 0x0000000606000000| Untracked 
|   6|0x0000000606400000, 0x0000000606400000, 0x0000000606800000|  0%| F|  |TAMS 0x0000000606400000| PB 0x0000000606400000| Untracked 
|   7|0x0000000606800000, 0x0000000606800000, 0x0000000606c00000|  0%| F|  |TAMS 0x0000000606800000| PB 0x0000000606800000| Untracked 
|   8|0x0000000606c00000, 0x0000000606c00000, 0x0000000607000000|  0%| F|  |TAMS 0x0000000606c00000| PB 0x0000000606c00000| Untracked 
|   9|0x0000000607000000, 0x0000000607000000, 0x0000000607400000|  0%| F|  |TAMS 0x0000000607000000| PB 0x0000000607000000| Untracked 
|  10|0x0000000607400000, 0x0000000607400000, 0x0000000607800000|  0%| F|  |TAMS 0x0000000607400000| PB 0x0000000607400000| Untracked 
|  11|0x0000000607800000, 0x0000000607800000, 0x0000000607c00000|  0%| F|  |TAMS 0x0000000607800000| PB 0x0000000607800000| Untracked 
|  12|0x0000000607c00000, 0x0000000607e97b50, 0x0000000608000000| 64%| E|  |TAMS 0x0000000607c00000| PB 0x0000000607c00000| Complete 
|  13|0x0000000608000000, 0x0000000608400000, 0x0000000608400000|100%| E|CS|TAMS 0x0000000608000000| PB 0x0000000608000000| Complete 
|  14|0x0000000608400000, 0x0000000608800000, 0x0000000608800000|100%| E|CS|TAMS 0x0000000608400000| PB 0x0000000608400000| Complete 
|  15|0x0000000608800000, 0x0000000608c00000, 0x0000000608c00000|100%| E|CS|TAMS 0x0000000608800000| PB 0x0000000608800000| Complete 
|  16|0x0000000608c00000, 0x0000000609000000, 0x0000000609000000|100%| E|CS|TAMS 0x0000000608c00000| PB 0x0000000608c00000| Complete 
| 110|0x0000000620400000, 0x0000000620800000, 0x0000000620800000|100%| E|CS|TAMS 0x0000000620400000| PB 0x0000000620400000| Complete 
| 111|0x0000000620800000, 0x0000000620b0a480, 0x0000000620c00000| 76%| S|CS|TAMS 0x0000000620800000| PB 0x0000000620800000| Complete 
| 126|0x0000000624400000, 0x0000000624800000, 0x0000000624800000|100%| E|CS|TAMS 0x0000000624400000| PB 0x0000000624400000| Complete 

Card table byte_map: [0x000002d6be230000,0x000002d6bf210000] _byte_map_base: 0x000002d6bb20a000

Marking Bits: (CMBitMap*) 0x000002d6bd0d06c0
 Bits: [0x000002d6bf210000, 0x000002d6c70e0000)

Polling page: 0x000002d6a32c0000

Metaspace:

Usage:
  Non-class:     36.29 MB used.
      Class:      4.60 MB used.
       Both:     40.89 MB used.

Virtual space:
  Non-class space:       64.00 MB reserved,      36.62 MB ( 57%) committed,  1 nodes.
      Class space:        1.00 GB reserved,       4.88 MB ( <1%) committed,  1 nodes.
             Both:        1.06 GB reserved,      41.50 MB (  4%) committed. 

Chunk freelists:
   Non-Class:  11.23 MB
       Class:  10.97 MB
        Both:  22.20 MB

MaxMetaspaceSize: unlimited
CompressedClassSpaceSize: 1.00 GB
Initial GC threshold: 21.00 MB
Current GC threshold: 59.50 MB
CDS: on
 - commit_granule_bytes: 65536.
 - commit_granule_words: 8192.
 - virtual_space_node_default_size: 8388608.
 - enlarge_chunks_in_place: 1.
 - use_allocation_guard: 0.


Internal statistics:

num_allocs_failed_limit: 9.
num_arena_births: 760.
num_arena_deaths: 0.
num_vsnodes_births: 2.
num_vsnodes_deaths: 0.
num_space_committed: 664.
num_space_uncommitted: 0.
num_chunks_returned_to_freelist: 9.
num_chunks_taken_from_freelist: 2196.
num_chunk_merges: 9.
num_chunk_splits: 1513.
num_chunks_enlarged: 1071.
num_inconsistent_stats: 0.

CodeHeap 'non-profiled nmethods': size=119168Kb used=3152Kb max_used=3315Kb free=116015Kb
 bounds [0x000002d6b4a20000, 0x000002d6b4d60000, 0x000002d6bbe80000]
CodeHeap 'profiled nmethods': size=119104Kb used=11039Kb max_used=11039Kb free=108065Kb
 bounds [0x000002d6ace80000, 0x000002d6ad950000, 0x000002d6b42d0000]
CodeHeap 'non-nmethods': size=7488Kb used=2695Kb max_used=3255Kb free=4792Kb
 bounds [0x000002d6b42d0000, 0x000002d6b4610000, 0x000002d6b4a20000]
 total_blobs=5520 nmethods=4892 adapters=530
 compilation: enabled
              stopped_count=0, restarted_count=0
 full_count=0

Compilation events (20 events):
Event: 11.283 Thread 0x000002d6ca2836b0 nmethod 5347 0x000002d6acf42010 code [0x000002d6acf421c0, 0x000002d6acf423c0]
Event: 11.283 Thread 0x000002d6ca3905e0 nmethod 5346 0x000002d6acf41a90 code [0x000002d6acf41c40, 0x000002d6acf41ef0]
Event: 11.283 Thread 0x000002d6ca3905e0 5348       3       java.nio.charset.Charset::lookup (44 bytes)
Event: 11.283 Thread 0x000002d6ca2836b0 5349       3       java.nio.charset.Charset::forName (20 bytes)
Event: 11.283 Thread 0x000002d6ca38ff40 5350       3       org.apache.jasper.compiler.SmapUtil$SDEInstaller::readU2 (15 bytes)
Event: 11.283 Thread 0x000002d6ca2836b0 nmethod 5349 0x000002d6acf41590 code [0x000002d6acf41760, 0x000002d6acf419a8]
Event: 11.283 Thread 0x000002d6ca2836b0 5354       3       org.apache.jasper.compiler.SmapUtil$SDEInstaller::copy (46 bytes)
Event: 11.283 Thread 0x000002d6ca3905e0 nmethod 5348 0x000002d6acf40d90 code [0x000002d6acf40f80, 0x000002d6acf413e0]
Event: 11.283 Thread 0x000002d6ca38ff40 nmethod 5350 0x000002d6acf40910 code [0x000002d6acf40ac0, 0x000002d6acf40c80]
Event: 11.283 Thread 0x000002d6ca3905e0 5351       3       org.apache.jasper.compiler.SmapUtil$SDEInstaller::writeU2 (18 bytes)
Event: 11.283 Thread 0x000002d6ca38ff40 5352       3       java.lang.String::<init> (13 bytes)
Event: 11.283 Thread 0x000002d71128c010 5355       4       org.apache.jasper.compiler.SmapUtil$SDEInstaller::writeU1 (19 bytes)
Event: 11.283 Thread 0x000002d6ca2836b0 nmethod 5354 0x000002d6acf40390 code [0x000002d6acf40540, 0x000002d6acf40770]
Event: 11.283 Thread 0x000002d6ca3905e0 nmethod 5351 0x000002d6acf3ff10 code [0x000002d6acf400c0, 0x000002d6acf40288]
Event: 11.283 Thread 0x000002d6ca2836b0 5353   !   3       java.lang.String::lookupCharset (20 bytes)
Event: 11.283 Thread 0x000002d6ca38ff40 nmethod 5352 0x000002d6acf3f390 code [0x000002d6acf3f5c0, 0x000002d6acf3fbb0]
Event: 11.283 Thread 0x000002d6ca2836b0 nmethod 5353 0x000002d6acf3e990 code [0x000002d6acf3eba0, 0x000002d6acf3f0a0]
Event: 11.284 Thread 0x000002d71128c010 nmethod 5355 0x000002d6b4a55b90 code [0x000002d6b4a55d20, 0x000002d6b4a55e18]
Event: 11.293 Thread 0x000002d6ca3905e0 5356       3       org.apache.catalina.core.DefaultInstanceManager::findLifecycleCallback (112 bytes)
Event: 11.293 Thread 0x000002d6ca3905e0 nmethod 5356 0x000002d6acf3cb90 code [0x000002d6acf3cee0, 0x000002d6acf3e318]

GC Heap History (12 events):
Event: 0.545 GC heap before
{Heap before GC invocations=0 (full 0):
 garbage-first heap   total 520192K, used 20480K [0x0000000604c00000, 0x0000000800000000)
  region size 4096K, 6 young (24576K), 0 survivors (0K)
 Metaspace       used 5714K, committed 5888K, reserved 1114112K
  class space    used 627K, committed 704K, reserved 1048576K
}
Event: 0.549 GC heap after
{Heap after GC invocations=1 (full 0):
 garbage-first heap   total 520192K, used 4854K [0x0000000604c00000, 0x0000000800000000)
  region size 4096K, 1 young (4096K), 1 survivors (4096K)
 Metaspace       used 5714K, committed 5888K, reserved 1114112K
  class space    used 627K, committed 704K, reserved 1048576K
}
Event: 0.934 GC heap before
{Heap before GC invocations=1 (full 0):
 garbage-first heap   total 520192K, used 29430K [0x0000000604c00000, 0x0000000800000000)
  region size 4096K, 7 young (28672K), 1 survivors (4096K)
 Metaspace       used 11242K, committed 11520K, reserved 1114112K
  class space    used 1323K, committed 1472K, reserved 1048576K
}
Event: 0.936 GC heap after
{Heap after GC invocations=2 (full 0):
 garbage-first heap   total 520192K, used 7002K [0x0000000604c00000, 0x0000000800000000)
  region size 4096K, 1 young (4096K), 1 survivors (4096K)
 Metaspace       used 11242K, committed 11520K, reserved 1114112K
  class space    used 1323K, committed 1472K, reserved 1048576K
}
Event: 1.777 GC heap before
{Heap before GC invocations=2 (full 0):
 garbage-first heap   total 520192K, used 60250K [0x0000000604c00000, 0x0000000800000000)
  region size 4096K, 15 young (61440K), 1 survivors (4096K)
 Metaspace       used 21228K, committed 21504K, reserved 1114112K
  class space    used 2557K, committed 2688K, reserved 1048576K
}
Event: 1.781 GC heap after
{Heap after GC invocations=3 (full 0):
 garbage-first heap   total 520192K, used 11762K [0x0000000604c00000, 0x0000000800000000)
  region size 4096K, 2 young (8192K), 2 survivors (8192K)
 Metaspace       used 21228K, committed 21504K, reserved 1114112K
  class space    used 2557K, committed 2688K, reserved 1048576K
}
Event: 2.711 GC heap before
{Heap before GC invocations=4 (full 0):
 garbage-first heap   total 69632K, used 65010K [0x0000000604c00000, 0x0000000800000000)
  region size 4096K, 15 young (61440K), 2 survivors (8192K)
 Metaspace       used 29886K, committed 30464K, reserved 1114112K
  class space    used 3625K, committed 3904K, reserved 1048576K
}
Event: 2.716 GC heap after
{Heap after GC invocations=5 (full 0):
 garbage-first heap   total 81920K, used 16241K [0x0000000604c00000, 0x0000000800000000)
  region size 4096K, 3 young (12288K), 3 survivors (12288K)
 Metaspace       used 29886K, committed 30464K, reserved 1114112K
  class space    used 3625K, committed 3904K, reserved 1048576K
}
Event: 10.882 GC heap before
{Heap before GC invocations=5 (full 0):
 garbage-first heap   total 81920K, used 40817K [0x0000000604c00000, 0x0000000800000000)
  region size 4096K, 11 young (45056K), 3 survivors (12288K)
 Metaspace       used 35429K, committed 35968K, reserved 1114112K
  class space    used 4215K, committed 4480K, reserved 1048576K
}
Event: 10.887 GC heap after
{Heap after GC invocations=6 (full 0):
 garbage-first heap   total 81920K, used 18983K [0x0000000604c00000, 0x0000000800000000)
  region size 4096K, 1 young (4096K), 1 survivors (4096K)
 Metaspace       used 35429K, committed 35968K, reserved 1114112K
  class space    used 4215K, committed 4480K, reserved 1048576K
}
Event: 10.898 GC heap before
{Heap before GC invocations=6 (full 0):
 garbage-first heap   total 81920K, used 18983K [0x0000000604c00000, 0x0000000800000000)
  region size 4096K, 2 young (8192K), 1 survivors (4096K)
 Metaspace       used 35763K, committed 36288K, reserved 1114112K
  class space    used 4229K, committed 4480K, reserved 1048576K
}
Event: 10.900 GC heap after
{Heap after GC invocations=7 (full 0):
 garbage-first heap   total 81920K, used 18137K [0x0000000604c00000, 0x0000000800000000)
  region size 4096K, 1 young (4096K), 1 survivors (4096K)
 Metaspace       used 35763K, committed 36288K, reserved 1114112K
  class space    used 4229K, committed 4480K, reserved 1048576K
}

Dll operation events (13 events):
Event: 0.010 Loaded shared library C:\Program Files\Java\jdk-21\bin\java.dll
Event: 0.032 Loaded shared library C:\Program Files\Java\jdk-21\bin\jsvml.dll
Event: 0.087 Loaded shared library C:\Program Files\Java\jdk-21\bin\zip.dll
Event: 0.089 Loaded shared library C:\Program Files\Java\jdk-21\bin\instrument.dll
Event: 0.094 Loaded shared library C:\Program Files\Java\jdk-21\bin\net.dll
Event: 0.096 Loaded shared library C:\Program Files\Java\jdk-21\bin\nio.dll
Event: 0.098 Loaded shared library C:\Program Files\Java\jdk-21\bin\zip.dll
Event: 0.138 Loaded shared library C:\Program Files\JetBrains\IntelliJ IDEA Community Edition 2024.1.3\bin\breakgen64.dll
Event: 0.144 Loaded shared library C:\Program Files\Java\jdk-21\bin\extnet.dll
Event: 0.145 Loaded shared library C:\Program Files\Java\jdk-21\bin\jimage.dll
Event: 1.235 Loaded shared library C:\Program Files\Java\jdk-21\bin\sunmscapi.dll
Event: 2.045 Loaded shared library C:\Program Files\Java\jdk-21\bin\management.dll
Event: 2.046 Loaded shared library C:\Program Files\Java\jdk-21\bin\management_ext.dll

Deoptimization events (20 events):
Event: 11.184 Thread 0x000002d713666ae0 Uncommon trap: trap_request=0xffffff45 fr.pc=0x000002d6b4a531f4 relative=0x00000000000001d4
Event: 11.184 Thread 0x000002d713666ae0 Uncommon trap: reason=unstable_if action=reinterpret pc=0x000002d6b4a531f4 method=jdk.internal.util.ArraysSupport.mismatch([C[CI)I @ 59 c2
Event: 11.184 Thread 0x000002d713666ae0 DEOPT PACKING pc=0x000002d6b4a531f4 sp=0x000000fe17ffbb50
Event: 11.184 Thread 0x000002d713666ae0 DEOPT UNPACKING pc=0x000002d6b43246a2 sp=0x000000fe17ffba98 mode 2
Event: 11.257 Thread 0x000002d713666ae0 Uncommon trap: trap_request=0xffffff45 fr.pc=0x000002d6b4c49510 relative=0x0000000000000810
Event: 11.257 Thread 0x000002d713666ae0 Uncommon trap: reason=unstable_if action=reinterpret pc=0x000002d6b4c49510 method=java.util.HashMap$HashIterator.<init>(Ljava/util/HashMap;)V @ 45 c2
Event: 11.257 Thread 0x000002d713666ae0 DEOPT PACKING pc=0x000002d6b4c49510 sp=0x000000fe17ffc060
Event: 11.257 Thread 0x000002d713666ae0 DEOPT UNPACKING pc=0x000002d6b43246a2 sp=0x000000fe17ffbf10 mode 2
Event: 11.276 Thread 0x000002d713666ae0 Uncommon trap: trap_request=0xffffff45 fr.pc=0x000002d6b4a9acec relative=0x000000000000022c
Event: 11.276 Thread 0x000002d713666ae0 Uncommon trap: reason=unstable_if action=reinterpret pc=0x000002d6b4a9acec method=java.util.Arrays.hashCode([C)I @ 8 c2
Event: 11.277 Thread 0x000002d713666ae0 DEOPT PACKING pc=0x000002d6b4a9acec sp=0x000000fe17ffc2c0
Event: 11.277 Thread 0x000002d713666ae0 DEOPT UNPACKING pc=0x000002d6b43246a2 sp=0x000000fe17ffc258 mode 2
Event: 11.288 Thread 0x000002d713666ae0 Uncommon trap: trap_request=0xffffff54 fr.pc=0x000002d6b4ae1d20 relative=0x0000000000002500
Event: 11.288 Thread 0x000002d713666ae0 Uncommon trap: reason=speculate_null_assert action=make_not_entrant pc=0x000002d6b4ae1d20 method=jdk.internal.loader.URLClassPath.getLoader(I)Ljdk/internal/loader/URLClassPath$Loader; @ 41 c2
Event: 11.288 Thread 0x000002d713666ae0 DEOPT PACKING pc=0x000002d6b4ae1d20 sp=0x000000fe17ffc8e0
Event: 11.288 Thread 0x000002d713666ae0 DEOPT UNPACKING pc=0x000002d6b43246a2 sp=0x000000fe17ffc8b0 mode 2
Event: 11.288 Thread 0x000002d713666ae0 Uncommon trap: trap_request=0xffffff45 fr.pc=0x000002d6b4b9b0cc relative=0x00000000000017cc
Event: 11.288 Thread 0x000002d713666ae0 Uncommon trap: reason=unstable_if action=reinterpret pc=0x000002d6b4b9b0cc method=java.lang.String.regionMatches(ZILjava/lang/String;II)Z @ 36 c2
Event: 11.288 Thread 0x000002d713666ae0 DEOPT PACKING pc=0x000002d6b4b9b0cc sp=0x000000fe17ffc4f0
Event: 11.288 Thread 0x000002d713666ae0 DEOPT UNPACKING pc=0x000002d6b43246a2 sp=0x000000fe17ffc400 mode 2

Classes loaded (20 events):
Event: 11.123 Loading class jdk/internal/jimage/ImageBufferCache$1
Event: 11.123 Loading class jdk/internal/jimage/ImageBufferCache$1 done
Event: 11.123 Loading class jdk/internal/jimage/ImageBufferCache$2
Event: 11.123 Loading class jdk/internal/jimage/ImageBufferCache$2 done
Event: 11.123 Loading class java/util/AbstractMap$SimpleEntry
Event: 11.123 Loading class java/util/AbstractMap$SimpleEntry done
Event: 11.129 Loading class java/text/MessageFormat$Field
Event: 11.129 Loading class java/text/MessageFormat$Field done
Event: 11.141 Loading class java/util/stream/Nodes$IntFixedNodeBuilder
Event: 11.141 Loading class java/util/stream/Node$Builder$OfInt
Event: 11.141 Loading class java/util/stream/Node$Builder$OfInt done
Event: 11.141 Loading class java/util/stream/Nodes$IntArrayNode
Event: 11.141 Loading class java/util/stream/Nodes$IntArrayNode done
Event: 11.141 Loading class java/util/stream/Nodes$IntFixedNodeBuilder done
Event: 11.272 Loading class java/util/DualPivotQuicksort
Event: 11.272 Loading class java/util/DualPivotQuicksort done
Event: 11.280 Loading class java/util/Hashtable$ValueCollection
Event: 11.280 Loading class java/util/Hashtable$ValueCollection done
Event: 11.288 Loading class java/net/URLClassLoader$1
Event: 11.288 Loading class java/net/URLClassLoader$1 done

Classes unloaded (0 events):
No events

Classes redefined (0 events):
No events

Internal exceptions (20 events):
Event: 10.553 Thread 0x000002d713666ae0 Exception <a 'java/lang/NoSuchMethodError'{0x0000000620b67ae0}: getSession> (0x0000000620b67ae0) 
thrown [s\open\src\hotspot\share\prims\jni.cpp, line 1077]
Event: 10.601 Thread 0x000002d713666ae0 Exception <a 'java/lang/NoSuchMethodError'{0x00000006205a72a0}: 'int java.lang.invoke.DirectMethodHandle$Holder.invokeVirtual(java.lang.Object, java.lang.Object, java.lang.Object)'> (0x00000006205a72a0) 
thrown [s\open\src\hotspot\share\interpreter\linkResolver.cpp, line 773]
Event: 10.724 Thread 0x000002d713666ae0 Implicit null exception at 0x000002d6b4a58621 to 0x000002d6b4a58d48
Event: 10.724 Thread 0x000002d713666ae0 Implicit null exception at 0x000002d6b4a4cfa1 to 0x000002d6b4a4d6a4
Event: 10.797 Thread 0x000002d713666ae0 Exception <a 'java/lang/ClassNotFoundException'{0x00000006078aee78}: org/apache/taglibs/standard/tag/rt/core/ForEachTagBeanInfo> (0x00000006078aee78) 
thrown [s\open\src\hotspot\share\classfile\systemDictionary.cpp, line 312]
Event: 10.798 Thread 0x000002d713666ae0 Exception <a 'java/lang/ClassNotFoundException'{0x00000006078b4e28}: org/apache/taglibs/standard/tag/common/core/ForEachSupportBeanInfo> (0x00000006078b4e28) 
thrown [s\open\src\hotspot\share\classfile\systemDictionary.cpp, line 312]
Event: 10.799 Thread 0x000002d713666ae0 Exception <a 'java/lang/ClassNotFoundException'{0x00000006078ba988}: jakarta/servlet/jsp/jstl/core/LoopTagSupportBeanInfo> (0x00000006078ba988) 
thrown [s\open\src\hotspot\share\classfile\systemDictionary.cpp, line 312]
Event: 10.799 Thread 0x000002d713666ae0 Exception <a 'java/lang/ClassNotFoundException'{0x00000006078c0688}: jakarta/servlet/jsp/tagext/TagSupportBeanInfo> (0x00000006078c0688) 
thrown [s\open\src\hotspot\share\classfile\systemDictionary.cpp, line 312]
Event: 10.800 Thread 0x000002d713666ae0 Exception <a 'java/lang/ClassNotFoundException'{0x00000006078c3e80}: java/lang/ObjectBeanInfo> (0x00000006078c3e80) 
thrown [s\open\src\hotspot\share\classfile\systemDictionary.cpp, line 312]
Event: 10.801 Thread 0x000002d713666ae0 Exception <a 'java/lang/ClassNotFoundException'{0x00000006078c7d38}: java/lang/ObjectCustomizer> (0x00000006078c7d38) 
thrown [s\open\src\hotspot\share\classfile\systemDictionary.cpp, line 312]
Event: 10.802 Thread 0x000002d713666ae0 Exception <a 'java/lang/IncompatibleClassChangeError'{0x00000006078cbfb0}: Found class java.lang.Object, but interface was expected> (0x00000006078cbfb0) 
thrown [s\open\src\hotspot\share\interpreter\linkResolver.cpp, line 840]
Event: 10.805 Thread 0x000002d713666ae0 Exception <a 'java/lang/ClassNotFoundException'{0x00000006078dad28}: jakarta/servlet/jsp/tagext/TagSupportCustomizer> (0x00000006078dad28) 
thrown [s\open\src\hotspot\share\classfile\systemDictionary.cpp, line 312]
Event: 10.807 Thread 0x000002d713666ae0 Exception <a 'java/lang/ClassNotFoundException'{0x00000006078ecd00}: jakarta/servlet/jsp/jstl/core/LoopTagSupportCustomizer> (0x00000006078ecd00) 
thrown [s\open\src\hotspot\share\classfile\systemDictionary.cpp, line 312]
Event: 10.809 Thread 0x000002d713666ae0 Exception <a 'java/lang/ClassNotFoundException'{0x0000000607909d18}: org/apache/taglibs/standard/tag/common/core/ForEachSupportCustomizer> (0x0000000607909d18) 
thrown [s\open\src\hotspot\share\classfile\systemDictionary.cpp, line 312]
Event: 10.810 Thread 0x000002d713666ae0 Exception <a 'java/lang/ClassNotFoundException'{0x00000006079165a0}: org/apache/taglibs/standard/tag/rt/core/ForEachTagCustomizer> (0x00000006079165a0) 
thrown [s\open\src\hotspot\share\classfile\systemDictionary.cpp, line 312]
Event: 10.811 Thread 0x000002d713666ae0 Implicit null exception at 0x000002d6b4ac31ba to 0x000002d6b4ac31f4
Event: 10.812 Thread 0x000002d713666ae0 Implicit null exception at 0x000002d6b4b646b7 to 0x000002d6b4b64e48
Event: 10.819 Thread 0x000002d713666ae0 Exception <a 'java/lang/NoSuchMethodError'{0x0000000607a3d378}: 'java.lang.Object java.lang.invoke.DirectMethodHandle$Holder.invokeSpecial(java.lang.Object, java.lang.Object, java.lang.Object, int, int)'> (0x0000000607a3d378) 
thrown [s\open\src\hotspot\share\interpreter\linkResolver.cpp, line 773]
Event: 10.819 Thread 0x000002d713666ae0 Exception <a 'java/lang/NoSuchMethodError'{0x0000000607a40cd8}: 'java.lang.Object java.lang.invoke.Invokers$Holder.linkToTargetMethod(java.lang.Object, int, int, java.lang.Object)'> (0x0000000607a40cd8) 
thrown [s\open\src\hotspot\share\interpreter\linkResolver.cpp, line 773]
Event: 11.041 Thread 0x000002d713666ae0 Exception <a 'java/lang/NoSuchMethodError'{0x0000000608956cd8}: 'void java.lang.invoke.Invokers$Holder.invokeExact_MT(java.lang.Object, java.lang.Object, java.lang.Object)'> (0x0000000608956cd8) 
thrown [s\open\src\hotspot\share\interpreter\linkResolver.cpp, line 773]

ZGC Phase Switch (0 events):
No events

VM Operations (20 events):
Event: 10.776 Executing VM operation: HandshakeAllThreads (Deoptimize)
Event: 10.776 Executing VM operation: HandshakeAllThreads (Deoptimize) done
Event: 10.882 Executing VM operation: CollectForMetadataAllocation (Metadata GC Threshold)
Event: 10.887 Executing VM operation: CollectForMetadataAllocation (Metadata GC Threshold) done
Event: 10.898 Executing VM operation: CollectForMetadataAllocation (Metadata GC Threshold)
Event: 10.900 Executing VM operation: CollectForMetadataAllocation (Metadata GC Threshold) done
Event: 10.906 Executing VM operation: G1PauseRemark
Event: 10.908 Executing VM operation: G1PauseRemark done
Event: 10.910 Executing VM operation: G1PauseCleanup
Event: 10.910 Executing VM operation: G1PauseCleanup done
Event: 11.135 Executing VM operation: HandshakeAllThreads (Deoptimize)
Event: 11.135 Executing VM operation: HandshakeAllThreads (Deoptimize) done
Event: 11.291 Executing VM operation: ChangeBreakpoints
Event: 11.292 Executing VM operation: ChangeBreakpoints done
Event: 11.292 Executing VM operation: ChangeBreakpoints
Event: 11.292 Executing VM operation: ChangeBreakpoints done
Event: 11.294 Executing VM operation: get/set locals
Event: 11.294 Executing VM operation: get/set locals done
Event: 11.294 Executing VM operation: get/set locals
Event: 11.294 Executing VM operation: get/set locals done

Events (20 events):
Event: 10.908 Thread 0x000002d6bd22c4c0 flushing nmethod 0x000002d6ad0b5590
Event: 10.908 Thread 0x000002d6bd22c4c0 flushing nmethod 0x000002d6ad0b9f10
Event: 10.908 Thread 0x000002d6bd22c4c0 flushing nmethod 0x000002d6ad0fc310
Event: 10.908 Thread 0x000002d6bd22c4c0 flushing nmethod 0x000002d6ad137a10
Event: 10.908 Thread 0x000002d6bd22c4c0 flushing nmethod 0x000002d6ad1d4210
Event: 10.908 Thread 0x000002d6bd22c4c0 flushing nmethod 0x000002d6ad26aa90
Event: 10.908 Thread 0x000002d6bd22c4c0 flushing nmethod 0x000002d6ad26ae10
Event: 10.908 Thread 0x000002d6bd22c4c0 flushing nmethod 0x000002d6ad296190
Event: 10.908 Thread 0x000002d6bd22c4c0 flushing nmethod 0x000002d6ad297210
Event: 10.908 Thread 0x000002d6bd22c4c0 flushing nmethod 0x000002d6ad297e90
Event: 10.908 Thread 0x000002d6bd22c4c0 flushing nmethod 0x000002d6ad298f10
Event: 10.908 Thread 0x000002d6bd22c4c0 flushing nmethod 0x000002d6ad299b90
Event: 10.908 Thread 0x000002d6bd22c4c0 flushing nmethod 0x000002d6ad2ce890
Event: 10.908 Thread 0x000002d6bd22c4c0 flushing nmethod 0x000002d6ad2cff90
Event: 10.908 Thread 0x000002d6bd22c4c0 flushing nmethod 0x000002d6ad2d4a10
Event: 10.908 Thread 0x000002d6bd22c4c0 flushing nmethod 0x000002d6ad360c10
Event: 10.908 Thread 0x000002d6bd22c4c0 flushing nmethod 0x000002d6ad361490
Event: 10.908 Thread 0x000002d6bd22c4c0 flushing nmethod 0x000002d6ad362610
Event: 10.908 Thread 0x000002d6bd22c4c0 flushing nmethod 0x000002d6ad4d9b90
Event: 10.971 Thread 0x000002d710791220 Thread exited: 0x000002d710791220


Dynamic libraries:
0x00007ff720720000 - 0x00007ff720730000 	C:\Program Files\Java\jdk-21\bin\java.exe
0x000002d6a2fa0000 - 0x000002d6a3198000 	C:\Windows\SYSTEM32\ntd1l.dll
0x000002d6a2b30000 - 0x000002d6a2bf2000 	C:\Windows\System32\kern3l32.dll
0x00007ffa6f790000 - 0x00007ffa6f988000 	C:\Windows\SYSTEM32\ntdll.dll
0x00007ffa6e440000 - 0x00007ffa6e502000 	C:\Windows\System32\KERNEL32.DLL
0x00007ffa6cec0000 - 0x00007ffa6d1bf000 	C:\Windows\System32\KERNELBASE.dll
0x00007ffa6b1b0000 - 0x00007ffa6b4e1000 	C:\Program Files\SentinelOne\Sentinel Agent 23.4.4.223\InProcessClient64.dll
0x00007ffa6dff0000 - 0x00007ffa6e09f000 	C:\Windows\System32\ADVAPI32.dll
0x00007ffa6daf0000 - 0x00007ffa6db8e000 	C:\Windows\System32\msvcrt.dll
0x00007ffa6e3a0000 - 0x00007ffa6e43f000 	C:\Windows\System32\sechost.dll
0x00007ffa6dd80000 - 0x00007ffa6dea3000 	C:\Windows\System32\RPCRT4.dll
0x00007ffa6d440000 - 0x00007ffa6d467000 	C:\Windows\System32\bcrypt.dll
0x00007ffa6d470000 - 0x00007ffa6d570000 	C:\Windows\System32\ucrtbase.dll
0x00007ffa3a550000 - 0x00007ffa3a56b000 	C:\Program Files\Java\jdk-21\bin\VCRUNTIME140.dll
0x00007ffa5e440000 - 0x00007ffa5e459000 	C:\Program Files\Java\jdk-21\bin\jli.dll
0x00007ffa6e580000 - 0x00007ffa6e71d000 	C:\Windows\System32\USER32.dll
0x00007ffa6d660000 - 0x00007ffa6d682000 	C:\Windows\System32\win32u.dll
0x00007ffa586e0000 - 0x00007ffa5897a000 	C:\Windows\WinSxS\amd64_microsoft.windows.common-controls_6595b64144ccf1df_6.0.19041.4355_none_60b8b9eb71f62e16\COMCTL32.dll
0x00007ffa6d9a0000 - 0x00007ffa6d9cb000 	C:\Windows\System32\GDI32.dll
0x00007ffa6d690000 - 0x00007ffa6d7aa000 	C:\Windows\System32\gdi32full.dll
0x00007ffa6d570000 - 0x00007ffa6d60d000 	C:\Windows\System32\msvcp_win.dll
0x00007ffa6ba30000 - 0x00007ffa6ba3a000 	C:\Windows\SYSTEM32\VERSION.dll
0x00007ffa6b090000 - 0x00007ffa6b09b000 	C:\Windows\SYSTEM32\FLTLIB.DLL
0x00007ffa6d830000 - 0x00007ffa6d85f000 	C:\Windows\System32\IMM32.DLL
0x00007ffa434a0000 - 0x00007ffa434ac000 	C:\Program Files\Java\jdk-21\bin\vcruntime140_1.dll
0x00007ffa201c0000 - 0x00007ffa2024e000 	C:\Program Files\Java\jdk-21\bin\msvcp140.dll
0x00007ff9c0fb0000 - 0x00007ff9c1cca000 	C:\Program Files\Java\jdk-21\bin\server\jvm.dll
0x00007ffa6f6e0000 - 0x00007ffa6f74b000 	C:\Windows\System32\WS2_32.dll
0x00007ffa6c380000 - 0x00007ffa6c3cb000 	C:\Windows\SYSTEM32\POWRPROF.dll
0x00007ffa5b1c0000 - 0x00007ffa5b1e7000 	C:\Windows\SYSTEM32\WINMM.dll
0x00007ffa6c1f0000 - 0x00007ffa6c202000 	C:\Windows\SYSTEM32\UMPDC.dll
0x00007ffa6b990000 - 0x00007ffa6b9a2000 	C:\Windows\SYSTEM32\kernel.appcore.dll
0x00007ffa3a540000 - 0x00007ffa3a54a000 	C:\Program Files\Java\jdk-21\bin\jimage.dll
0x00007ffa6a9e0000 - 0x00007ffa6abc4000 	C:\Windows\SYSTEM32\DBGHELP.DLL
0x00007ffa42160000 - 0x00007ffa42194000 	C:\Windows\SYSTEM32\dbgcore.DLL
0x00007ffa6ce30000 - 0x00007ffa6ceb2000 	C:\Windows\System32\bcryptPrimitives.dll
0x00007ffa3a490000 - 0x00007ffa3a49f000 	C:\Program Files\Java\jdk-21\bin\instrument.dll
0x00007ffa3a520000 - 0x00007ffa3a53f000 	C:\Program Files\Java\jdk-21\bin\java.dll
0x00007ffa32af0000 - 0x00007ffa32b9d000 	C:\Program Files\SentinelOne\Sentinel Agent 23.4.4.223\SentinelJava64.dll
0x00007ffa6dd20000 - 0x00007ffa6dd75000 	C:\Windows\System32\SHLWAPI.dll
0x00007ffa6d870000 - 0x00007ffa6d99b000 	C:\Windows\System32\ole32.dll
0x00007ffa6ee90000 - 0x00007ffa6f1e5000 	C:\Windows\System32\combase.dll
0x00007ffa6e720000 - 0x00007ffa6ee8d000 	C:\Windows\System32\SHELL32.dll
0x00007ffa6a170000 - 0x00007ffa6a914000 	C:\Windows\SYSTEM32\windows.storage.dll
0x00007ffa6c780000 - 0x00007ffa6c7af000 	C:\Windows\SYSTEM32\Wldp.dll
0x00007ffa6e2d0000 - 0x00007ffa6e39d000 	C:\Windows\System32\OLEAUT32.dll
0x00007ffa6db90000 - 0x00007ffa6dc3d000 	C:\Windows\System32\SHCORE.dll
0x00007ffa6cd60000 - 0x00007ffa6cd84000 	C:\Windows\SYSTEM32\profapi.dll
0x00007ffa1fe60000 - 0x00007ffa1ff37000 	C:\Program Files\Java\jdk-21\bin\jsvml.dll
0x00007ffa37930000 - 0x00007ffa37948000 	C:\Program Files\Java\jdk-21\bin\zip.dll
0x00007ffa38b60000 - 0x00007ffa38b70000 	C:\Program Files\Java\jdk-21\bin\net.dll
0x00007ffa6bdb0000 - 0x00007ffa6beba000 	C:\Windows\SYSTEM32\WINHTTP.dll
0x00007ffa6c560000 - 0x00007ffa6c5cc000 	C:\Windows\system32\mswsock.dll
0x00007ffa37950000 - 0x00007ffa37966000 	C:\Program Files\Java\jdk-21\bin\nio.dll
0x00007ffa37620000 - 0x00007ffa3763a000 	C:\Program Files\JetBrains\IntelliJ IDEA Community Edition 2024.1.3\bin\breakgen64.dll
0x00007ffa38b50000 - 0x00007ffa38b59000 	C:\Program Files\Java\jdk-21\bin\extnet.dll
0x00007ffa37530000 - 0x00007ffa3753e000 	C:\Program Files\Java\jdk-21\bin\sunmscapi.dll
0x00007ffa6d270000 - 0x00007ffa6d3cc000 	C:\Windows\System32\CRYPT32.dll
0x00007ffa6c8d0000 - 0x00007ffa6c8f7000 	C:\Windows\SYSTEM32\ncrypt.dll
0x00007ffa6c890000 - 0x00007ffa6c8cb000 	C:\Windows\SYSTEM32\NTASN1.dll
0x00007ffa6c7c0000 - 0x00007ffa6c7d8000 	C:\Windows\SYSTEM32\CRYPTSP.dll
0x00007ffa6bd20000 - 0x00007ffa6bd54000 	C:\Windows\system32\rsaenh.dll
0x00007ffa6cd20000 - 0x00007ffa6cd4e000 	C:\Windows\SYSTEM32\USERENV.dll
0x00007ffa6c6f0000 - 0x00007ffa6c6fc000 	C:\Windows\SYSTEM32\CRYPTBASE.dll
0x00007ffa6c210000 - 0x00007ffa6c24b000 	C:\Windows\SYSTEM32\IPHLPAPI.DLL
0x000002d712f70000 - 0x000002d712f78000 	C:\Windows\System32\NSI.dll
0x00007ffa37920000 - 0x00007ffa3792a000 	C:\Program Files\Java\jdk-21\bin\management.dll
0x00007ffa37610000 - 0x00007ffa3761b000 	C:\Program Files\Java\jdk-21\bin\management_ext.dll
0x00007ffa6f6d0000 - 0x00007ffa6f6d8000 	C:\Windows\System32\PSAPI.DLL
0x00007ffa128b0000 - 0x00007ffa128b7000 	C:\Windows\system32\wshunix.dll

dbghelp: loaded successfully - version: 4.0.5 - missing functions: none
symbol engine: initialized successfully - sym options: 0x614 - pdb path: .;C:\Program Files\Java\jdk-21\bin;C:\Windows\SYSTEM32;C:\Program Files\SentinelOne\Sentinel Agent 23.4.4.223;C:\Windows\WinSxS\amd64_microsoft.windows.common-controls_6595b64144ccf1df_6.0.19041.4355_none_60b8b9eb71f62e16;C:\Program Files\Java\jdk-21\bin\server;C:\Program Files\JetBrains\IntelliJ IDEA Community Edition 2024.1.3\bin

VM Arguments:
jvm_args: -javaagent:C:\Program Files\JetBrains\IntelliJ IDEA Community Edition 2024.1.3\lib\idea_rt.jar=5777:C:\Program Files\JetBrains\IntelliJ IDEA Community Edition 2024.1.3\bin -Dfile.encoding=UTF-8 -Dsun.stdout.encoding=UTF-8 -Dsun.stderr.encoding=UTF-8 -agentpath:C:\Program Files\SentinelOne\Sentinel Agent 23.4.4.223\SentinelJava64.dll=extendedCapabilities 
java_command: com.luka.JobAppProject.JobAppProjectApplication
java_class_path (initial): C:\Users\lmekudishvili\Desktop\Spring\SpringTelusko\Section 14 Building a project\JobAppProject\target\classes;C:\Users\lmekudishvili\.m2\repository\org\springframework\boot\spring-boot-starter-web\3.4.5\spring-boot-starter-web-3.4.5.jar;C:\Users\lmekudishvili\.m2\repository\org\springframework\boot\spring-boot-starter\3.4.5\spring-boot-starter-3.4.5.jar;C:\Users\lmekudishvili\.m2\repository\org\springframework\boot\spring-boot\3.4.5\spring-boot-3.4.5.jar;C:\Users\lmekudishvili\.m2\repository\org\springframework\boot\spring-boot-autoconfigure\3.4.5\spring-boot-autoconfigure-3.4.5.jar;C:\Users\lmekudishvili\.m2\repository\org\springframework\boot\spring-boot-starter-logging\3.4.5\spring-boot-starter-logging-3.4.5.jar;C:\Users\lmekudishvili\.m2\repository\ch\qos\logback\logback-classic\1.5.18\logback-classic-1.5.18.jar;C:\Users\lmekudishvili\.m2\repository\ch\qos\logback\logback-core\1.5.18\logback-core-1.5.18.jar;C:\Users\lmekudishvili\.m2\repository\org\apache\logging\log4j\log4j-to-slf4j\2.24.3\log4j-to-slf4j-2.24.3.jar;C:\Users\lmekudishvili\.m2\repository\org\apache\logging\log4j\log4j-api\2.24.3\log4j-api-2.24.3.jar;C:\Users\lmekudishvili\.m2\repository\org\slf4j\jul-to-slf4j\2.0.17\jul-to-slf4j-2.0.17.jar;C:\Users\lmekudishvili\.m2\repository\jakarta\annotation\jakarta.annotation-api\2.1.1\jakarta.annotation-api-2.1.1.jar;C:\Users\lmekudishvili\.m2\repository\org\yaml\snakeyaml\2.3\snakeyaml-2.3.jar;C:\Users\lmekudishvili\.m2\repository\org\springframework\boot\spring-boot-starter-json\3.4.5\spring-boot-starter-json-3.4.5.jar;C:\Users\lmekudishvili\.m2\repository\com\fasterxml\jackson\core\jackson-databind\2.18.3\jackson-databind-2.18.3.jar;C:\Users\lmekudishvili\.m2\repository\com\fasterxml\jackson\core\jackson-annotations\2.18.3\jackson-annotations-2.18.3.jar;C:\Users\lmekudishvili\.m2\repository\com\fasterxml\jackson\core\jackson-core\2.18.3\jackson-core-2.18.3.jar;C:\Users\lmekudishvili\.m2\repository\com\fasterxml\jackson\datatype\jackson-datatype-jdk8\2.18.3\jackson-datatype-jdk8-2.18.3.jar;C:\Users\lmekudishvili\.m2\repository\com\fasterxml\jackson\datatype\jackson-datatype-jsr310\2.18.3\jackson-datatype-jsr310-2.18.3.jar;C:\Users\lmekudishvili\.m2\repository\com\fasterxml\jackson\module\jackson-module-parameter-names\2.18.3\jackson-module-parameter-names-2.18.3.jar;C:\Users\lmekudishvili\.m2\repository\org\springframework\boot\spring-boot-starter-tomcat\3.4.5\spring-boot-starter-tomcat-3.4.5.jar;C:\Users\lmekudishvili\.m2\repository\org\apache\tomcat\embed\tomcat-embed-core\10.1.40\tomcat-embed-core-10.1.40.jar;C:\Users\lmekudishvili\.m2\repository\org\apache\tomcat\embed\tomcat-embed-el\10.1.40\tomcat-embed-el-10.1.40.jar;C:\Users\lmekudishvili\.m2\repository\org\apache\tomcat\embed\tomcat-embed-websocket\10.1.40\tomcat-embed-websocket-10.1.40.jar;C:\Users\lmekudishvili\.m2\repository\org\springframework\spring-web\6.2.6\spring-web-6.2.6.jar;C:\Users\lmekudishvili\.m2\repository\org\springframework\spring-beans\6.2.6\spring-beans-6.2.6.jar;C:\Users\lmekudishvili\.m2\repository\io\micrometer\micrometer-observation\1.14.6\micrometer-observation-1.14.6.jar;C:\Users\lmekudishvili\.m2\repository\io\micrometer\micrometer-commons\1.14.6\micrometer-commons-1.14.6.jar;C:\Users\lmekudishvili\.m2\repository\org\springframework\spring-webmvc\6.2.6\spring-webmvc-6.2.6.jar;C:\Users\lmekudishvili\.m2\repository\org\springframework\spring-aop\6.2.6\spring-aop-6.2.6.jar;C:\Users\lmekudishvili\.m2\repository\org\springframework\spring-context\6.2.6\spring-context-6.2.6.jar;C:\Users\lmekudishvili\.m2\repository\org\springframework\spring-expression\6.2.6\spring-expression-6.2.6.jar;C:\Users\lmekudishvili\.m2\repository\org\projectlombok\lombok\1.18.38\lombok-1.18.38.jar;C:\Users\lmekudishvili\.m2\repository\org\apache\tomcat\tomcat-jasper\10.1.16\tomcat-jasper-10.1.16.jar;C:\Users\lmekudishvili\.m2\repository\org\apache\tomcat\tomcat-servlet-api\10.1.16\tomcat-servlet-api-10.1.16.jar;C:\Users\lmekudishvili\.m2\repository\org\apache\tomcat\tomcat-juli\10.1.16\tomcat-juli-10.1.16.jar;C:\Users\lmekudishvili\.m2\repository\org\apache\tomcat\tomcat-jsp-api\10.1.40\tomcat-jsp-api-10.1.40.jar;C:\Users\lmekudishvili\.m2\repository\org\apache\tomcat\tomcat-el-api\10.1.16\tomcat-el-api-10.1.16.jar;C:\Users\lmekudishvili\.m2\repository\org\eclipse\jdt\ecj\3.33.0\ecj-3.33.0.jar;C:\Users\lmekudishvili\.m2\repository\org\apache\tomcat\tomcat-jasper-el\10.1.16\tomcat-jasper-el-10.1.16.jar;C:\Users\lmekudishvili\.m2\repository\org\apache\tomcat\tomcat-api\10.1.16\tomcat-api-10.1.16.jar;C:\Users\lmekudishvili\.m2\repository\org\apache\tomcat\tomcat-util-scan\10.1.16\tomcat-util-scan-10.1.16.jar;C:\Users\lmekudishvili\.m2\repository\org\apache\tomcat\tomcat-util\10.1.16\tomcat-util-10.1.16.jar;C:\Users\lmekudishvili\.m2\repository\jakarta\servlet\jsp\jstl\jakarta.servlet.jsp.jstl-api\3.0.0\jakarta.servlet.jsp.jstl-api-3.0.0.jar;C:\Users\lmekudishvili\.m2\repository\jakarta\servlet\jakarta.servlet-api\6.0.0\jakarta.servlet-api-6.0.0.jar;C:\Users\lmekudishvili\.m2\repository\jakarta\el\jakarta.el-api\5.0.0\jakarta.el-api-5.0.0.jar;C:\Users\lmekudishvili\.m2\repository\org\glassfish\web\jakarta.servlet.jsp.jstl\3.0.0\jakarta.servlet.jsp.jstl-3.0.0.jar;C:\Users\lmekudishvili\.m2\repository\org\slf4j\slf4j-api\2.0.17\slf4j-api-2.0.17.jar;C:\Users\lmekudishvili\.m2\repository\org\springframework\spring-core\6.2.6\spring-core-6.2.6.jar;C:\Users\lmekudishvili\.m2\repository\org\springframework\spring-jcl\6.2.6\spring-jcl-6.2.6.jar
Launcher Type: SUN_STANDARD

[Global flags]
     intx CICompilerCount                          = 12                                        {product} {ergonomic}
     uint ConcGCThreads                            = 4                                         {product} {ergonomic}
     uint G1ConcRefinementThreads                  = 15                                        {product} {ergonomic}
   size_t G1HeapRegionSize                         = 4194304                                   {product} {ergonomic}
    uintx GCDrainStackTargetSize                   = 64                                        {product} {ergonomic}
   size_t InitialHeapSize                          = 532676608                                 {product} {ergonomic}
   size_t MarkStackSize                            = 4194304                                   {product} {ergonomic}
   size_t MaxHeapSize                              = 8510242816                                {product} {ergonomic}
   size_t MaxNewSize                               = 5104467968                                {product} {ergonomic}
   size_t MinHeapDeltaBytes                        = 4194304                                   {product} {ergonomic}
   size_t MinHeapSize                              = 8388608                                   {product} {ergonomic}
    uintx NonNMethodCodeHeapSize                   = 7602480                                {pd product} {ergonomic}
    uintx NonProfiledCodeHeapSize                  = 122027880                              {pd product} {ergonomic}
    uintx ProfiledCodeHeapSize                     = 122027880                              {pd product} {ergonomic}
    uintx ReservedCodeCacheSize                    = 251658240                              {pd product} {ergonomic}
     bool SegmentedCodeCache                       = true                                      {product} {ergonomic}
   size_t SoftMaxHeapSize                          = 8510242816                             {manageable} {ergonomic}
     bool UseCompressedOops                        = true                           {product lp64_product} {ergonomic}
     bool UseG1GC                                  = true                                      {product} {ergonomic}
     bool UseLargePagesIndividualAllocation        = false                                  {pd product} {ergonomic}

Logging:
Log output configuration:
 #0: stdout all=warning uptime,level,tags foldmultilines=false
 #1: stderr all=off uptime,level,tags foldmultilines=false

Environment Variables:
JAVA_HOME=C:\Program Files\Java\jdk-21
PATH=C:\Program Files\Java\jdk-21\bin;C:\Program Files\Common Files\Oracle\Java\javapath;C:\ODACForCRIF\product\12.2.0\client_1;C:\ODACForCRIF\product\12.2.0\client_1\bin;C:\app\product\19.0.0\client_1\bin;C:\Program Files (x86)\Common Files\Oracle\Java\javapath;C:\Program Files\CollabNet\Subversion Client;C:\Windows\system32;C:\Windows;C:\Windows\System32\Wbem;C:\Windows\System32\WindowsPowerShell\v1.0\;C:\Windows\System32\OpenSSH\;C:\Program Files\Java\jdk-21\bin;C:\Program Files (x86)\Sennheiser\SenncomSDK\;C:\Program Files\dotnet\;C:\Program Files (x86)\Java\jre6\bin;C:\Program Files\TortoiseSVN\bin;C:\Program Files\Microsoft SQL Server\130\Tools\Binn\;C:\Program Files\Microsoft SQL Server\Client SDK\ODBC\170\Tools\Binn\;C:\Program Files\PuTTY\;C:\Program Files\Git\cmd;C:\Program Files\Microsoft VS Code\bin;C:\Program Files\nodejs\;C:\apache-maven-3.8.6\bin;C:\Program Files (x86)\Java\jdk1.8.0_202\bin;C:\Program Files\Docker\Docker\resources\bin;C:\Program Files\apache-maven-3.9.9\bin;C:\Users\lmekudishvili\AppData\Local\Microsoft\WindowsApps;C:\Program Files\TortoiseSVN\bin;C:\Program Files\nodejs\node_modules\npm\bin;C:\Program Files\JetBrains\IntelliJ IDEA Community Edition 2025.1\bin;;C:\Program Files\Java\jdk-21\bin;C:\Users\lmekudishvili\AppData\Roaming\npm;C:\Program Files\apache-maven-3.9.9\bin;C:\Users\lmekudishvili\AppData\Local\GitHubDesktop\bin;C:\Program Files\JetBrains\IntelliJ IDEA 2025.1\bin;
USERNAME=lmekudishvili
OS=Windows_NT
PROCESSOR_IDENTIFIER=Intel64 Family 6 Model 151 Stepping 2, GenuineIntel
TMP=C:\Users\LMEKUD~1\AppData\Local\Temp
TEMP=C:\Users\LMEKUD~1\AppData\Local\Temp




Periodic native trim disabled

---------------  S Y S T E M  ---------------

OS:
 Windows 10 , 64 bit Build 19041 (10.0.19041.5438)
OS uptime: 8 days 2:16 hours
Hyper-V role detected

CPU: total 20 (initial active 20) (10 cores per cpu, 2 threads per core) family 6 model 151 stepping 2 microcode 0x2e, cx8, cmov, fxsr, ht, mmx, 3dnowpref, sse, sse2, sse3, ssse3, sse4.1, sse4.2, popcnt, lzcnt, tsc, tscinvbit, avx, avx2, aes, erms, clmul, bmi1, bmi2, adx, sha, fma, vzeroupper, clflush, clflushopt, clwb, hv, rdtscp, rdpid, fsrm, f16c, cet_ibt, cet_ss
Processor Information for processor 0
  Max Mhz: 2100, Current Mhz: 2100, Mhz Limit: 1596
Processor Information for processor 1
  Max Mhz: 2100, Current Mhz: 2100, Mhz Limit: 2100
Processor Information for processor 2
  Max Mhz: 2100, Current Mhz: 2100, Mhz Limit: 2100
Processor Information for processor 3
  Max Mhz: 2100, Current Mhz: 2100, Mhz Limit: 2100
Processor Information for processor 4
  Max Mhz: 2100, Current Mhz: 2100, Mhz Limit: 2100
Processor Information for processor 5
  Max Mhz: 2100, Current Mhz: 2100, Mhz Limit: 2100
Processor Information for processor 6
  Max Mhz: 2100, Current Mhz: 2100, Mhz Limit: 2100
Processor Information for processor 7
  Max Mhz: 2100, Current Mhz: 2100, Mhz Limit: 2100
Processor Information for processor 8
  Max Mhz: 2100, Current Mhz: 2100, Mhz Limit: 2100
Processor Information for processor 9
  Max Mhz: 2100, Current Mhz: 2100, Mhz Limit: 2100
Processor Information for processor 10
  Max Mhz: 2100, Current Mhz: 2100, Mhz Limit: 2100
Processor Information for processor 11
  Max Mhz: 2100, Current Mhz: 2100, Mhz Limit: 2100
Processor Information for processor 12
  Max Mhz: 2100, Current Mhz: 2100, Mhz Limit: 2100
Processor Information for processor 13
  Max Mhz: 2100, Current Mhz: 2100, Mhz Limit: 2100
Processor Information for processor 14
  Max Mhz: 2100, Current Mhz: 2100, Mhz Limit: 2100
Processor Information for processor 15
  Max Mhz: 2100, Current Mhz: 2100, Mhz Limit: 2100
Processor Information for processor 16
  Max Mhz: 2100, Current Mhz: 1600, Mhz Limit: 1596
Processor Information for processor 17
  Max Mhz: 2100, Current Mhz: 1600, Mhz Limit: 1596
Processor Information for processor 18
  Max Mhz: 2100, Current Mhz: 1600, Mhz Limit: 1596
Processor Information for processor 19
  Max Mhz: 2100, Current Mhz: 1600, Mhz Limit: 1596

Memory: 4k page, system-wide physical 32452M (14237M free)
TotalPageFile size 37316M (AvailPageFile size 10354M)
current process WorkingSet (physical memory assigned to process): 245M, peak: 281M
current process commit charge ("private bytes"): 299M, peak: 704M

vm_info: Java HotSpot(TM) 64-Bit Server VM (21.0.6+8-LTS-188) for windows-amd64 JRE (21.0.6+8-LTS-188), built on 2024-12-03T10:50:54Z by "mach5one" with MS VC++ 17.6 (VS2022)

END.
