#
# A fatal error has been detected by the Java Runtime Environment:
#
#  EXCEPTION_ACCESS_VIOLATION (0xc0000005) at pc=0x000002773611dca6, pid=11000, tid=6288
#
# JRE version: Java(TM) SE Runtime Environment (21.0.6+8) (build 21.0.6+8-LTS-188)
# Java VM: Java HotSpot(TM) 64-Bit Server VM (21.0.6+8-LTS-188, mixed mode, sharing, tiered, compressed oops, compressed class ptrs, g1 gc, windows-amd64)
# Problematic frame:
# j  jakarta.servlet.ServletRequestWrapper.setRequest(Ljakarta/servlet/ServletRequest;)V+0
#
# No core dump will be written. Minidumps are not enabled by default on client versions of Windows
#
# If you would like to submit a bug report, please visit:
#   https://bugreport.java.com/bugreport/crash.jsp
#

---------------  S U M M A R Y ------------

Command Line: -javaagent:C:\Program Files\JetBrains\IntelliJ IDEA Community Edition 2024.1.3\lib\idea_rt.jar=5678:C:\Program Files\JetBrains\IntelliJ IDEA Community Edition 2024.1.3\bin -Dfile.encoding=UTF-8 -Dsun.stdout.encoding=UTF-8 -Dsun.stderr.encoding=UTF-8 -agentpath:C:\Program Files\SentinelOne\Sentinel Agent 23.4.4.223\SentinelJava64.dll=extendedCapabilities com.luka.JobAppProject.JobAppProjectApplication

Host: 12th Gen Intel(R) Core(TM) i7-12700, 20 cores, 31G,  Windows 10 , 64 bit Build 19041 (10.0.19041.5438)
Time: Wed May 14 19:16:30 2025 Georgian Standard Time elapsed time: 8.711253 seconds (0d 0h 0m 8s)

---------------  T H R E A D  ---------------

Current thread (0x0000027793db0d60):  JavaThread "http-nio-8080-exec-1" daemon [_thread_in_Java, id=6288, stack(0x0000009ca0900000,0x0000009ca0a00000) (1024K)]

Stack: [0x0000009ca0900000,0x0000009ca0a00000],  sp=0x0000009ca09fbe98,  free space=1007k
Native frames: (J=compiled Java code, j=interpreted, Vv=VM code, C=native code)
C  0x000002773611dca6

The last pc belongs to fast_aputfield (printed below).

siginfo: EXCEPTION_ACCESS_VIOLATION (0xc0000005), writing address 0x00007ff9c11f1d77


Registers:
RAX=0x00000000c4189e0b, RBX=0x000000000000000c, RCX=0x00007ff9c11f1d6b, RDX=0x0000000000000000
RSP=0x0000009ca09fbe98, RBP=0x0000009ca09fbee0, RSI=0x0000009ca09fc2e0, RDI=0x0000009ca09fc2e8
R8 =0x0000009ca09fc2f0, R9 =0x0000000620c4f058, R10=0x00007ff9c1c01c10, R11=0x00007ff9c11f1d77
R12=0x0000000000000000, R13=0x000002778fc443d6, R14=0x0000009ca09fbef8, R15=0x0000027793db0d60
RIP=0x000002773611dca6, EFLAGS=0x0000000000010202


Register to memory mapping:

RAX=3289947659 is a compressed pointer to object: org.apache.catalina.core.ApplicationHttpRequest 
{0x0000000620c4f058} - klass: 'org/apache/catalina/core/ApplicationHttpRequest'
 - ---- fields (total size 10 words):
 - private 'request' 'Ljakarta/servlet/ServletRequest;' @12  a 'org/apache/catalina/connector/RequestFacade'{0x0000000620c4f2c8} (0xc4189e59)
 - protected final 'crossContext' 'Z' @16  false (0x00)
 - private 'parsedParams' 'Z' @17  false (0x00)
 - protected final 'context' 'Lorg/apache/catalina/Context;' @20  a 'org/springframework/boot/web/embedded/tomcat/TomcatEmbeddedContext'{0x0000000605433300} (0xc0a86660)
 - protected 'contextPath' 'Ljava/lang/String;' @24  ""{0x00000006054005a8} (0xc0a800b5)
 - protected 'dispatcherType' 'Ljakarta/servlet/DispatcherType;' @28  a 'jakarta/servlet/DispatcherType'{0x00000006054005d0} (0xc0a800ba)
 - protected 'parameters' 'Ljava/util/Map;' @32  null (0x00000000)
 - protected 'pathInfo' 'Ljava/lang/String;' @36  null (0x00000000)
 - private 'queryParamString' 'Ljava/lang/String;' @40  null (0x00000000)
 - protected 'queryString' 'Ljava/lang/String;' @44  null (0x00000000)
 - protected 'requestDispatcherPath' 'Ljava/lang/Object;' @48  "/views/viewalljobs.jsp"{0x0000000620c4f0f0} (0xc4189e1e)
 - protected 'requestURI' 'Ljava/lang/String;' @52  "/views/viewalljobs.jsp"{0x0000000620cf18a8} (0xc419e315)
 - protected 'servletPath' 'Ljava/lang/String;' @56  "/views/viewalljobs.jsp"{0x0000000620c4f0f0} (0xc4189e1e)
 - private 'mapping' 'Ljakarta/servlet/http/HttpServletMapping;' @60  a 'org/apache/catalina/core/ApplicationMapping$MappingImpl'{0x0000000620cf18c0} (0xc419e318)
 - protected 'session' 'Lorg/apache/catalina/Session;' @64  null (0x00000000)
 - protected final 'specialAttributes' '[Ljava/lang/Object;' @68  a 'java/lang/Object'[12] {0x0000000620cf4160} (0xc419e82c)
 - private 'wrappedApplicationHttpRequest' 'Lorg/apache/catalina/core/ApplicationHttpRequest;' @72  null (0x00000000)
RBX=0x000000000000000c is an unknown value
RCX=0x00007ff9c11f1d6b jvm.dll
RDX=0x0 is null
RSP=0x0000009ca09fbe98 is pointing into the stack for thread: 0x0000027793db0d60
RBP=0x0000009ca09fbee0 is pointing into the stack for thread: 0x0000027793db0d60
RSI=0x0000009ca09fc2e0 is pointing into the stack for thread: 0x0000027793db0d60
RDI=0x0000009ca09fc2e8 is pointing into the stack for thread: 0x0000027793db0d60
R8 =0x0000009ca09fc2f0 is pointing into the stack for thread: 0x0000027793db0d60
R9 =0x0000000620c4f058 is an oop: org.apache.catalina.core.ApplicationHttpRequest 
{0x0000000620c4f058} - klass: 'org/apache/catalina/core/ApplicationHttpRequest'
 - ---- fields (total size 10 words):
 - private 'request' 'Ljakarta/servlet/ServletRequest;' @12  a 'org/apache/catalina/connector/RequestFacade'{0x0000000620c4f2c8} (0xc4189e59)
 - protected final 'crossContext' 'Z' @16  false (0x00)
 - private 'parsedParams' 'Z' @17  false (0x00)
 - protected final 'context' 'Lorg/apache/catalina/Context;' @20  a 'org/springframework/boot/web/embedded/tomcat/TomcatEmbeddedContext'{0x0000000605433300} (0xc0a86660)
 - protected 'contextPath' 'Ljava/lang/String;' @24  ""{0x00000006054005a8} (0xc0a800b5)
 - protected 'dispatcherType' 'Ljakarta/servlet/DispatcherType;' @28  a 'jakarta/servlet/DispatcherType'{0x00000006054005d0} (0xc0a800ba)
 - protected 'parameters' 'Ljava/util/Map;' @32  null (0x00000000)
 - protected 'pathInfo' 'Ljava/lang/String;' @36  null (0x00000000)
 - private 'queryParamString' 'Ljava/lang/String;' @40  null (0x00000000)
 - protected 'queryString' 'Ljava/lang/String;' @44  null (0x00000000)
 - protected 'requestDispatcherPath' 'Ljava/lang/Object;' @48  "/views/viewalljobs.jsp"{0x0000000620c4f0f0} (0xc4189e1e)
 - protected 'requestURI' 'Ljava/lang/String;' @52  "/views/viewalljobs.jsp"{0x0000000620cf18a8} (0xc419e315)
 - protected 'servletPath' 'Ljava/lang/String;' @56  "/views/viewalljobs.jsp"{0x0000000620c4f0f0} (0xc4189e1e)
 - private 'mapping' 'Ljakarta/servlet/http/HttpServletMapping;' @60  a 'org/apache/catalina/core/ApplicationMapping$MappingImpl'{0x0000000620cf18c0} (0xc419e318)
 - protected 'session' 'Lorg/apache/catalina/Session;' @64  null (0x00000000)
 - protected final 'specialAttributes' '[Ljava/lang/Object;' @68  a 'java/lang/Object'[12] {0x0000000620cf4160} (0xc419e82c)
 - private 'wrappedApplicationHttpRequest' 'Lorg/apache/catalina/core/ApplicationHttpRequest;' @72  null (0x00000000)
R10=0x00007ff9c1c01c10 jvm.dll
R11=0x00007ff9c11f1d77 jvm.dll
R12=0x0 is null
R13=0x000002778fc443d6 is pointing into metadata
R14=0x0000009ca09fbef8 is pointing into the stack for thread: 0x0000027793db0d60
R15=0x0000027793db0d60 is a thread

Top of Stack: (sp=0x0000009ca09fbe98)
0x0000009ca09fbe98:   0000009ca09fbe98 000002778fc443c0
0x0000009ca09fbea8:   0000000000000003 000002778fc4c6a0
0x0000009ca09fbeb8:   00000277904c4868 0000000620d622a0
0x0000009ca09fbec8:   000002778fc44400 0000000000000000
0x0000009ca09fbed8:   0000009ca09fbef0 0000009ca09fc0d0
0x0000009ca09fbee8:   000002773610100d 0000000620c4f058
0x0000009ca09fbef8:   00007ff9c11f1d6b 0000027792e356f0
0x0000009ca09fbf08:   0000027793db0d60 0000000000000000
0x0000009ca09fbf18:   000002774d483f68 000002774d054b70
0x0000009ca09fbf28:   00007ff9c11f2178 000002774d0541f8
0x0000009ca09fbf38:   000002774d4cfe20 0000000000000000
0x0000009ca09fbf48:   000002774d695460 0000009ca09fbff8
0x0000009ca09fbf58:   00007ff9c11f2855 0000009ca09fc450
0x0000009ca09fbf68:   000002774d0c59f8 000002774d483f68
0x0000009ca09fbf78:   00007ff9c1581b71 0000009ca09fc338
0x0000009ca09fbf88:   00007ff9c134df82 000002774d0541f8
0x0000009ca09fbf98:   0000000000000000 00005748b3620661
0x0000009ca09fbfa8:   00007ff9c13d5225 0000027793db0d60
0x0000009ca09fbfb8:   00007ff9c15852e1 0000027793b38238
0x0000009ca09fbfc8:   0000027793b38238 0000009ca09fc338
0x0000009ca09fbfd8:   00007ff9c12b4b69 0000027792e35ad8
0x0000009ca09fbfe8:   00000000000003d8 000002774d054b70
0x0000009ca09fbff8:   0000000000000000 0000000000000000
0x0000009ca09fc008:   0000000000000000 0000000000000000
0x0000009ca09fc018:   0000000000000000 0000000000000000
0x0000009ca09fc028:   000000008f3f89a6 0000000000000000
0x0000009ca09fc038:   557f1050e4be99f6 557f1050557f1050
0x0000009ca09fc048:   0000000086e91c85 0000000000000000
0x0000009ca09fc058:   08566d218f3f89a6 08566d2108566d21
0x0000009ca09fc068:   24b9ec707283a190 05c7a3e9b84b6314
0x0000009ca09fc078:   5d90bb336665de56 db8b2b2ed1083590
0x0000009ca09fc088:   459176a534b32e2d ce812976e78d1ace 

Instructions: (pc=0x000002773611dca6)
0x000002773611dba6:   7b 11 bc 24 c8 00 00 00 49 8b d7 49 8b c9 48 83
0x000002773611dbb6:   ec 20 40 f6 c4 0f 0f 84 19 00 00 00 48 83 ec 08
0x000002773611dbc6:   48 b8 90 f1 2c c1 f9 7f 00 00 ff d0 48 83 c4 08
0x000002773611dbd6:   e9 0c 00 00 00 48 b8 90 f1 2c c1 f9 7f 00 00 ff
0x000002773611dbe6:   d0 48 83 c4 20 c5 7b 10 bc 24 c8 00 00 00 c5 7b
0x000002773611dbf6:   10 b4 24 c0 00 00 00 c5 7b 10 ac 24 b8 00 00 00
0x000002773611dc06:   c5 7b 10 a4 24 b0 00 00 00 c5 7b 10 9c 24 a8 00
0x000002773611dc16:   00 00 c5 7b 10 94 24 a0 00 00 00 c5 7b 10 8c 24
0x000002773611dc26:   98 00 00 00 c5 7b 10 84 24 90 00 00 00 c5 fb 10
0x000002773611dc36:   bc 24 88 00 00 00 c5 fb 10 b4 24 80 00 00 00 c5
0x000002773611dc46:   fb 10 6c 24 78 c5 fb 10 64 24 70 c5 fb 10 5c 24
0x000002773611dc56:   68 c5 fb 10 54 24 60 c5 fb 10 4c 24 58 c5 fb 10
0x000002773611dc66:   44 24 50 4c 8b 5c 24 40 4c 8b 54 24 38 4c 8b 4c
0x000002773611dc76:   24 30 4c 8b 44 24 28 48 8b 7c 24 20 48 8b 74 24
0x000002773611dc86:   18 48 8b 54 24 10 48 8b 4c 24 08 48 8b 04 24 48
0x000002773611dc96:   81 c4 d0 00 00 00 c5 f8 77 4c 8b c8 48 c1 e8 03
0x000002773611dca6:   41 89 03 4d 8b c3 4d 33 c1 49 c1 e8 16 0f 84 aa
0x000002773611dcb6:   00 00 00 49 83 f9 00 0f 84 a0 00 00 00 4d 8b c3
0x000002773611dcc6:   49 c1 e8 09 49 b9 00 a0 05 3d 77 02 00 00 4d 03
0x000002773611dcd6:   c1 41 80 38 02 0f 84 82 00 00 00 f0 83 44 24 c0
0x000002773611dce6:   00 41 80 38 00 0f 84 72 00 00 00 41 c6 00 00 4d
0x000002773611dcf6:   8b 4f 48 4d 85 c9 0f 84 14 00 00 00 49 83 e9 08
0x000002773611dd06:   4d 89 4f 48 4d 03 4f 58 4d 89 01 e9 4d 00 00 00
0x000002773611dd16:   48 83 ec 10 4c 89 1c 24 49 8b d7 49 8b c8 48 83
0x000002773611dd26:   ec 20 40 f6 c4 0f 0f 84 19 00 00 00 48 83 ec 08
0x000002773611dd36:   48 b8 70 f1 2c c1 f9 7f 00 00 ff d0 48 83 c4 08
0x000002773611dd46:   e9 0c 00 00 00 48 b8 70 f1 2c c1 f9 7f 00 00 ff
0x000002773611dd56:   d0 48 83 c4 20 4c 8b 1c 24 48 83 c4 10 41 0f b6
0x000002773611dd66:   5d 03 49 83 c5 03 49 ba 10 24 c0 c1 f9 7f 00 00
0x000002773611dd76:   41 ff 24 da 66 0f 1f 44 00 00 f8 87 94 c1 f9 7f
0x000002773611dd86:   00 00 78 00 00 00 d4 00 00 00 00 00 00 00 00 00
0x000002773611dd96:   00 00 00 00 00 00 00 00 00 00 8b 04 24 48 83 c4 


Stack slot to memory mapping:

stack at sp + 0 slots: 0x0000009ca09fbe98 is pointing into the stack for thread: 0x0000027793db0d60
stack at sp + 1 slots: 0x000002778fc443c0 is pointing into metadata
stack at sp + 2 slots: 0x0000000000000003 is an unknown value
stack at sp + 3 slots: 0x000002778fc4c6a0 is pointing into metadata
stack at sp + 4 slots: 0x00000277904c4868 is pointing into metadata
stack at sp + 5 slots: 0x0000000620d622a0 is an oop: java.lang.Class 
{0x0000000620d622a0} - klass: 'java/lang/Class'
 - ---- fields (total size 15 words):
 - private volatile transient 'classRedefinedCount' 'I' @12  0 (0x00000000)
 - injected 'klass' 'J' @16  2711437258568 (0x000002774e412f48)
 - injected 'array_klass' 'J' @24  0 (0x0000000000000000)
 - injected 'oop_size' 'I' @32  15 (0x0000000f)
 - injected 'static_oop_field_count' 'I' @36  2 (0x00000002)
 - private volatile transient 'cachedConstructor' 'Ljava/lang/reflect/Constructor;' @40  null (0x00000000)
 - private transient 'name' 'Ljava/lang/String;' @44  "jakarta.servlet.ServletRequestWrapper"{0x0000000620d628c8} (0xc41ac519)
 - private transient 'module' 'Ljava/lang/Module;' @48  a 'java/lang/Module'{0x0000000604ce93e0} (0xc099d27c)
 - private final 'classLoader' 'Ljava/lang/ClassLoader;' @52  a 'jdk/internal/loader/ClassLoaders$AppClassLoader'{0x0000000604cbe090} (0xc0997c12)
 - private transient 'classData' 'Ljava/lang/Object;' @56  null (0x00000000)
 - private transient 'packageName' 'Ljava/lang/String;' @60  "jakarta.servlet"{0x000000060552e4b0} (0xc0aa5c96)
 - private final 'componentType' 'Ljava/lang/Class;' @64  null (0x00000000)
 - private volatile transient 'reflectionData' 'Ljava/lang/ref/SoftReference;' @68  null (0x00000000)
 - private volatile transient 'genericInfo' 'Lsun/reflect/generics/repository/ClassRepository;' @72  null (0x00000000)
 - private volatile transient 'enumConstants' '[Ljava/lang/Object;' @76  null (0x00000000)
 - private volatile transient 'enumConstantDirectory' 'Ljava/util/Map;' @80  null (0x00000000)
 - private volatile transient 'annotationData' 'Ljava/lang/Class$AnnotationData;' @84  null (0x00000000)
 - private volatile transient 'annotationType' 'Lsun/reflect/annotation/AnnotationType;' @88  null (0x00000000)
 - transient 'classValueMap' 'Ljava/lang/ClassValue$ClassValueMap;' @92  null (0x00000000)
 - injected 'protection_domain' 'Ljava/lang/Object;' @96  a 'java/security/ProtectionDomain'{0x0000000605432c10} (0xc0a86582)
 - injected 'signers_name' 'Ljava/lang/Object;' @100  null (0x00000000)
 - injected 'source_file' 'Ljava/lang/Object;' @104  null (0x00000000)
 - injected '<init_lock>' 'Ljava/lang/Object;' @108  null (0x00000000)
 - signature: Ljakarta/servlet/ServletRequestWrapper;
 - ---- static fields (2):
 - private static final 'LSTRING_FILE' 'Ljava/lang/String;' @112  "jakarta.servlet.LocalStrings"{0x00000006056de6e0} (0xc0adbcdc)
 - private static final 'lStrings' 'Ljava/util/ResourceBundle;' @116  a 'java/util/PropertyResourceBundle'{0x0000000620d62318} (0xc41ac463)
stack at sp + 6 slots: {method} {0x000002778fc44408} 'setRequest' '(Ljakarta/servlet/ServletRequest;)V' in 'jakarta/servlet/ServletRequestWrapper'
stack at sp + 7 slots: 0x0 is null

fast_aputfield  211 fast_aputfield  [0x000002773611d7e0, 0x000002773611dd80]  1440 bytes
[MachCode]
  0x000002773611d7e0: 5841 0fb7 | 5d01 488b | 4dd0 c1e3 | 028b 54d9 | 5048 8b5c | d948 c1ea | 1583 e201 | 5948 3b01 
  0x000002773611d800: 85d2 0f84 | b302 0000 | 4c8d 1c19 | 4180 7f40 | 000f 84d5 | 0100 0045 | 8b0b 49c1 | e103 4983 
  0x000002773611d820: f900 0f84 | c401 0000 | 4d8b 4728 | 4983 f800 | 0f84 1400 | 0000 4983 | e808 4d89 | 4728 4d03 
  0x000002773611d840: 4738 4d89 | 08e9 a201 | 0000 4881 | ecd0 0000 | 0048 8904 | 2448 894c | 2408 4889 | 5424 1048 
  0x000002773611d860: 8974 2418 | 4889 7c24 | 204c 8944 | 2428 4c89 | 4c24 304c | 8954 2438 | 4c89 5c24 | 40c5 fb11 
  0x000002773611d880: 4424 50c5 | fb11 4c24 | 58c5 fb11 | 5424 60c5 | fb11 5c24 | 68c5 fb11 | 6424 70c5 | fb11 6c24 
  0x000002773611d8a0: 78c5 fb11 | b424 8000 | 0000 c5fb | 11bc 2488 | 0000 00c5 | 7b11 8424 | 9000 0000 | c57b 118c 
  0x000002773611d8c0: 2498 0000 | 00c5 7b11 | 9424 a000 | 0000 c57b | 119c 24a8 | 0000 00c5 | 7b11 a424 | b000 0000 
  0x000002773611d8e0: c57b 11ac | 24b8 0000 | 00c5 7b11 | b424 c000 | 0000 c57b | 11bc 24c8 | 0000 0049 | 8bd7 498b 
  0x000002773611d900: c948 83ec | 2040 f6c4 | 0f0f 8419 | 0000 0048 | 83ec 0848 | b890 f12c | c1f9 7f00 | 00ff d048 
  0x000002773611d920: 83c4 08e9 | 0c00 0000 | 48b8 90f1 | 2cc1 f97f | 0000 ffd0 | 4883 c420 | c57b 10bc | 24c8 0000 
  0x000002773611d940: 00c5 7b10 | b424 c000 | 0000 c57b | 10ac 24b8 | 0000 00c5 | 7b10 a424 | b000 0000 | c57b 109c 
  0x000002773611d960: 24a8 0000 | 00c5 7b10 | 9424 a000 | 0000 c57b | 108c 2498 | 0000 00c5 | 7b10 8424 | 9000 0000 
  0x000002773611d980: c5fb 10bc | 2488 0000 | 00c5 fb10 | b424 8000 | 0000 c5fb | 106c 2478 | c5fb 1064 | 2470 c5fb 
  0x000002773611d9a0: 105c 2468 | c5fb 1054 | 2460 c5fb | 104c 2458 | c5fb 1044 | 2450 4c8b | 5c24 404c | 8b54 2438 
  0x000002773611d9c0: 4c8b 4c24 | 304c 8b44 | 2428 488b | 7c24 2048 | 8b74 2418 | 488b 5424 | 1048 8b4c | 2408 488b 
  0x000002773611d9e0: 0424 4881 | c4d0 0000 | 00c5 f877 | 4c8b c848 | c1e8 0341 | 8903 4d8b | c34d 33c1 | 49c1 e816 
  0x000002773611da00: 0f84 aa00 | 0000 4983 | f900 0f84 | a000 0000 | 4d8b c349 | c1e8 0949 | b900 a005 | 3d77 0200 
  0x000002773611da20: 004d 03c1 | 4180 3802 | 0f84 8200 | 0000 f083 | 4424 c000 | 4180 3800 | 0f84 7200 | 0000 41c6 
  0x000002773611da40: 0000 4d8b | 4f48 4d85 | c90f 8414 | 0000 0049 | 83e9 084d | 894f 484d | 034f 584d | 8901 e94d 
  0x000002773611da60: 0000 0048 | 83ec 104c | 891c 2449 | 8bd7 498b | c848 83ec | 2040 f6c4 | 0f0f 8419 | 0000 0048 
  0x000002773611da80: 83ec 0848 | b870 f12c | c1f9 7f00 | 00ff d048 | 83c4 08e9 | 0c00 0000 | 48b8 70f1 | 2cc1 f97f 
  0x000002773611daa0: 0000 ffd0 | 4883 c420 | 4c8b 1c24 | 4883 c410 | f083 4424 | c000 e9a8 | 0200 004c | 8d1c 1941 
  0x000002773611dac0: 807f 4000 | 0f84 d501 | 0000 458b | 0b49 c1e1 | 0349 83f9 | 000f 84c4 | 0100 004d | 8b47 2849 
  0x000002773611dae0: 83f8 000f | 8414 0000 | 0049 83e8 | 084d 8947 | 284d 0347 | 384d 8908 | e9a2 0100 | 0048 81ec 
  0x000002773611db00: d000 0000 | 4889 0424 | 4889 4c24 | 0848 8954 | 2410 4889 | 7424 1848 | 897c 2420 | 4c89 4424 
  0x000002773611db20: 284c 894c | 2430 4c89 | 5424 384c | 895c 2440 | c5fb 1144 | 2450 c5fb | 114c 2458 | c5fb 1154 
  0x000002773611db40: 2460 c5fb | 115c 2468 | c5fb 1164 | 2470 c5fb | 116c 2478 | c5fb 11b4 | 2480 0000 | 00c5 fb11 
  0x000002773611db60: bc24 8800 | 0000 c57b | 1184 2490 | 0000 00c5 | 7b11 8c24 | 9800 0000 | c57b 1194 | 24a0 0000 
  0x000002773611db80: 00c5 7b11 | 9c24 a800 | 0000 c57b | 11a4 24b0 | 0000 00c5 | 7b11 ac24 | b800 0000 | c57b 11b4 
  0x000002773611dba0: 24c0 0000 | 00c5 7b11 | bc24 c800 | 0000 498b | d749 8bc9 | 4883 ec20 | 40f6 c40f | 0f84 1900 
  0x000002773611dbc0: 0000 4883 | ec08 48b8 | 90f1 2cc1 | f97f 0000 | ffd0 4883 | c408 e90c | 0000 0048 | b890 f12c 
  0x000002773611dbe0: c1f9 7f00 | 00ff d048 | 83c4 20c5 | 7b10 bc24 | c800 0000 | c57b 10b4 | 24c0 0000 | 00c5 7b10 
  0x000002773611dc00: ac24 b800 | 0000 c57b | 10a4 24b0 | 0000 00c5 | 7b10 9c24 | a800 0000 | c57b 1094 | 24a0 0000 
  0x000002773611dc20: 00c5 7b10 | 8c24 9800 | 0000 c57b | 1084 2490 | 0000 00c5 | fb10 bc24 | 8800 0000 | c5fb 10b4 
  0x000002773611dc40: 2480 0000 | 00c5 fb10 | 6c24 78c5 | fb10 6424 | 70c5 fb10 | 5c24 68c5 | fb10 5424 | 60c5 fb10 
  0x000002773611dc60: 4c24 58c5 | fb10 4424 | 504c 8b5c | 2440 4c8b | 5424 384c | 8b4c 2430 | 4c8b 4424 | 2848 8b7c 
  0x000002773611dc80: 2420 488b | 7424 1848 | 8b54 2410 | 488b 4c24 | 0848 8b04 | 2448 81c4 | d000 0000 | c5f8 774c 
  0x000002773611dca0: 8bc8 48c1 | e803 4189 | 034d 8bc3 | 4d33 c149 | c1e8 160f | 84aa 0000 | 0049 83f9 | 000f 84a0 
  0x000002773611dcc0: 0000 004d | 8bc3 49c1 | e809 49b9 | 00a0 053d | 7702 0000 | 4d03 c141 | 8038 020f | 8482 0000 
  0x000002773611dce0: 00f0 8344 | 24c0 0041 | 8038 000f | 8472 0000 | 0041 c600 | 004d 8b4f | 484d 85c9 | 0f84 1400 
  0x000002773611dd00: 0000 4983 | e908 4d89 | 4f48 4d03 | 4f58 4d89 | 01e9 4d00 | 0000 4883 | ec10 4c89 | 1c24 498b 
  0x000002773611dd20: d749 8bc8 | 4883 ec20 | 40f6 c40f | 0f84 1900 | 0000 4883 | ec08 48b8 | 70f1 2cc1 | f97f 0000 
  0x000002773611dd40: ffd0 4883 | c408 e90c | 0000 0048 | b870 f12c | c1f9 7f00 | 00ff d048 | 83c4 204c | 8b1c 2448 
  0x000002773611dd60: 83c4 1041 | 0fb6 5d03 | 4983 c503 | 49ba 1024 | c0c1 f97f | 0000 41ff | 24da 660f | 1f44 0000 
[/MachCode]

---------------  P R O C E S S  ---------------

Threads class SMR info:
_java_thread_list=0x00000277963fd930, length=34, elements={
0x000002773f08c2f0, 0x000002773f08e800, 0x000002773f08fba0, 0x000002773f092b10,
0x000002774c0e3fc0, 0x000002774c0ef2f0, 0x000002774c0f0420, 0x000002774c0f3a10,
0x000002774c23a960, 0x000002774c243000, 0x000002774c2436a0, 0x000002774c2935d0,
0x000002774c6bf450, 0x000002774c3cc7c0, 0x000002774c7cad30, 0x0000027794893c00,
0x000002779410d420, 0x000002779410e290, 0x0000027793db0d60, 0x000002779381f450,
0x0000027794393df0, 0x00000277963fcb30, 0x00000277963fbe10, 0x00000277963f9d40,
0x00000277963fa3d0, 0x00000277963f96b0, 0x00000277963faa60, 0x00000277963fb0f0,
0x00000277963fb780, 0x00000277963fc4a0, 0x0000027796ce8fe0, 0x0000027793251960,
0x0000027794e73950, 0x000002774c270400
}

Java Threads: ( => current thread )
  0x000002773f08c2f0 JavaThread "Reference Handler"          daemon [_thread_blocked, id=31432, stack(0x0000009c9e000000,0x0000009c9e100000) (1024K)]
  0x000002773f08e800 JavaThread "Finalizer"                  daemon [_thread_blocked, id=8148, stack(0x0000009c9e100000,0x0000009c9e200000) (1024K)]
  0x000002773f08fba0 JavaThread "Signal Dispatcher"          daemon [_thread_blocked, id=224, stack(0x0000009c9e200000,0x0000009c9e300000) (1024K)]
  0x000002773f092b10 JavaThread "Attach Listener"            daemon [_thread_blocked, id=34108, stack(0x0000009c9e300000,0x0000009c9e400000) (1024K)]
  0x000002774c0e3fc0 JavaThread "Service Thread"             daemon [_thread_blocked, id=34808, stack(0x0000009c9e400000,0x0000009c9e500000) (1024K)]
  0x000002774c0ef2f0 JavaThread "Monitor Deflation Thread"   daemon [_thread_blocked, id=37192, stack(0x0000009c9e500000,0x0000009c9e600000) (1024K)]
  0x000002774c0f0420 JavaThread "C2 CompilerThread0"         daemon [_thread_blocked, id=30148, stack(0x0000009c9e600000,0x0000009c9e700000) (1024K)]
  0x000002774c0f3a10 JavaThread "C1 CompilerThread0"         daemon [_thread_blocked, id=28856, stack(0x0000009c9e700000,0x0000009c9e800000) (1024K)]
  0x000002774c23a960 JavaThread "Common-Cleaner"             daemon [_thread_blocked, id=34320, stack(0x0000009c9e800000,0x0000009c9e900000) (1024K)]
  0x000002774c243000 JavaThread "C1 CompilerThread1"         daemon [_thread_blocked, id=34872, stack(0x0000009c9e900000,0x0000009c9ea00000) (1024K)]
  0x000002774c2436a0 JavaThread "C1 CompilerThread2"         daemon [_thread_blocked, id=30596, stack(0x0000009c9ea00000,0x0000009c9eb00000) (1024K)]
  0x000002774c2935d0 JavaThread "C2 CompilerThread1"         daemon [_thread_blocked, id=37496, stack(0x0000009c9ec00000,0x0000009c9ed00000) (1024K)]
  0x000002774c6bf450 JavaThread "C2 CompilerThread2"         daemon [_thread_in_native, id=34616, stack(0x0000009c9ed00000,0x0000009c9ee00000) (1024K)]
  0x000002774c3cc7c0 JavaThread "Monitor Ctrl-Break"         daemon [_thread_in_native, id=21652, stack(0x0000009c9ee00000,0x0000009c9ef00000) (1024K)]
  0x000002774c7cad30 JavaThread "Notification Thread"        daemon [_thread_blocked, id=17480, stack(0x0000009c9ef00000,0x0000009c9f000000) (1024K)]
  0x0000027794893c00 JavaThread "Catalina-utility-1"                [_thread_blocked, id=37520, stack(0x0000009ca0600000,0x0000009ca0700000) (1024K)]
  0x000002779410d420 JavaThread "Catalina-utility-2"                [_thread_blocked, id=21680, stack(0x0000009ca0700000,0x0000009ca0800000) (1024K)]
  0x000002779410e290 JavaThread "container-0"                       [_thread_blocked, id=28180, stack(0x0000009ca0800000,0x0000009ca0900000) (1024K)]
=>0x0000027793db0d60 JavaThread "http-nio-8080-exec-1"       daemon [_thread_in_Java, id=6288, stack(0x0000009ca0900000,0x0000009ca0a00000) (1024K)]
  0x000002779381f450 JavaThread "http-nio-8080-exec-2"       daemon [_thread_blocked, id=37560, stack(0x0000009ca0a00000,0x0000009ca0b00000) (1024K)]
  0x0000027794393df0 JavaThread "http-nio-8080-exec-3"       daemon [_thread_blocked, id=8068, stack(0x0000009ca0b00000,0x0000009ca0c00000) (1024K)]
  0x00000277963fcb30 JavaThread "http-nio-8080-exec-4"       daemon [_thread_blocked, id=22172, stack(0x0000009ca0c00000,0x0000009ca0d00000) (1024K)]
  0x00000277963fbe10 JavaThread "http-nio-8080-exec-5"       daemon [_thread_blocked, id=22492, stack(0x0000009ca0d00000,0x0000009ca0e00000) (1024K)]
  0x00000277963f9d40 JavaThread "http-nio-8080-exec-6"       daemon [_thread_blocked, id=31520, stack(0x0000009ca0e00000,0x0000009ca0f00000) (1024K)]
  0x00000277963fa3d0 JavaThread "http-nio-8080-exec-7"       daemon [_thread_blocked, id=25656, stack(0x0000009ca0f00000,0x0000009ca1000000) (1024K)]
  0x00000277963f96b0 JavaThread "http-nio-8080-exec-8"       daemon [_thread_blocked, id=30136, stack(0x0000009ca1000000,0x0000009ca1100000) (1024K)]
  0x00000277963faa60 JavaThread "http-nio-8080-exec-9"       daemon [_thread_blocked, id=22872, stack(0x0000009ca1100000,0x0000009ca1200000) (1024K)]
  0x00000277963fb0f0 JavaThread "http-nio-8080-exec-10"      daemon [_thread_blocked, id=5012, stack(0x0000009ca1200000,0x0000009ca1300000) (1024K)]
  0x00000277963fb780 JavaThread "http-nio-8080-Poller"       daemon [_thread_in_native, id=18208, stack(0x0000009ca1300000,0x0000009ca1400000) (1024K)]
  0x00000277963fc4a0 JavaThread "http-nio-8080-Acceptor"     daemon [_thread_in_native, id=4880, stack(0x0000009ca1400000,0x0000009ca1500000) (1024K)]
  0x0000027796ce8fe0 JavaThread "DestroyJavaVM"                     [_thread_blocked, id=29328, stack(0x0000009c9d800000,0x0000009c9d900000) (1024K)]
  0x0000027793251960 JavaThread "C2 CompilerThread3"         daemon [_thread_blocked, id=32356, stack(0x0000009c9eb00000,0x0000009c9ec00000) (1024K)]
  0x0000027794e73950 JavaThread "C2 CompilerThread4"         daemon [_thread_blocked, id=23984, stack(0x0000009c9fc00000,0x0000009c9fd00000) (1024K)]
  0x000002774c270400 JavaThread "C2 CompilerThread5"         daemon [_thread_blocked, id=31824, stack(0x0000009ca0200000,0x0000009ca0300000) (1024K)]
Total: 34

Other Threads:
  0x000002773f06de40 VMThread "VM Thread"                           [id=37348, stack(0x0000009c9df00000,0x0000009c9e000000) (1024K)]
  0x000002773f055c00 WatcherThread "VM Periodic Task Thread"        [id=36232, stack(0x0000009c9de00000,0x0000009c9df00000) (1024K)]
  0x000002773ef201b0 WorkerThread "GC Thread#0"                     [id=30208, stack(0x0000009c9d900000,0x0000009c9da00000) (1024K)]
  0x000002779301c960 WorkerThread "GC Thread#1"                     [id=25000, stack(0x0000009c9f000000,0x0000009c9f100000) (1024K)]
  0x000002779301cd00 WorkerThread "GC Thread#2"                     [id=25268, stack(0x0000009c9f100000,0x0000009c9f200000) (1024K)]
  0x0000027792d3c700 WorkerThread "GC Thread#3"                     [id=24604, stack(0x0000009c9f200000,0x0000009c9f300000) (1024K)]
  0x0000027792d3cf20 WorkerThread "GC Thread#4"                     [id=31948, stack(0x0000009c9f300000,0x0000009c9f400000) (1024K)]
  0x000002774ca44630 WorkerThread "GC Thread#5"                     [id=34144, stack(0x0000009c9f400000,0x0000009c9f500000) (1024K)]
  0x000002774ca44e50 WorkerThread "GC Thread#6"                     [id=20828, stack(0x0000009c9f500000,0x0000009c9f600000) (1024K)]
  0x000002774ca5c9b0 WorkerThread "GC Thread#7"                     [id=20776, stack(0x0000009c9f600000,0x0000009c9f700000) (1024K)]
  0x0000027792d34a00 WorkerThread "GC Thread#8"                     [id=37800, stack(0x0000009c9f700000,0x0000009c9f800000) (1024K)]
  0x0000027792d34da0 WorkerThread "GC Thread#9"                     [id=34448, stack(0x0000009c9f800000,0x0000009c9f900000) (1024K)]
  0x0000027792d35880 WorkerThread "GC Thread#10"                    [id=1472, stack(0x0000009c9f900000,0x0000009c9fa00000) (1024K)]
  0x0000027792d34660 WorkerThread "GC Thread#11"                    [id=27740, stack(0x0000009c9fa00000,0x0000009c9fb00000) (1024K)]
  0x000002779311e5f0 WorkerThread "GC Thread#12"                    [id=30984, stack(0x0000009c9fb00000,0x0000009c9fc00000) (1024K)]
  0x0000027793120690 WorkerThread "GC Thread#13"                    [id=13812, stack(0x0000009c9fd00000,0x0000009c9fe00000) (1024K)]
  0x000002779311f0d0 WorkerThread "GC Thread#14"                    [id=13388, stack(0x0000009c9fe00000,0x0000009c9ff00000) (1024K)]
  0x0000027726891960 ConcurrentGCThread "G1 Main Marker"            [id=30232, stack(0x0000009c9da00000,0x0000009c9db00000) (1024K)]
  0x0000027726893200 WorkerThread "G1 Conc#0"                       [id=24304, stack(0x0000009c9db00000,0x0000009c9dc00000) (1024K)]
  0x000002779311ff50 WorkerThread "G1 Conc#1"                       [id=33464, stack(0x0000009c9ff00000,0x0000009ca0000000) (1024K)]
  0x000002779311db10 WorkerThread "G1 Conc#2"                       [id=33012, stack(0x0000009ca0000000,0x0000009ca0100000) (1024K)]
  0x000002779311deb0 WorkerThread "G1 Conc#3"                       [id=18540, stack(0x0000009ca0100000,0x0000009ca0200000) (1024K)]
  0x000002773efa9890 ConcurrentGCThread "G1 Refine#0"               [id=23468, stack(0x0000009c9dc00000,0x0000009c9dd00000) (1024K)]
  0x000002773efaa0b0 ConcurrentGCThread "G1 Service"                [id=32948, stack(0x0000009c9dd00000,0x0000009c9de00000) (1024K)]
Total: 24

Threads with active compile tasks:
C2 CompilerThread2     8787 5228       4       org.eclipse.jdt.internal.compiler.lookup.BinaryTypeBinding::createMethod (1719 bytes)
Total: 1

VM state: not at safepoint (normal execution)

VM Mutex/Monitor currently owned by a thread: None

Heap address: 0x0000000604c00000, size: 8116 MB, Compressed Oops mode: Zero based, Oop shift amount: 3

CDS archive(s) mapped at: [0x000002774d000000-0x000002774dc90000-0x000002774dc90000), size 13172736, SharedBaseAddress: 0x000002774d000000, ArchiveRelocationMode: 1.
Compressed class space mapped at: 0x000002774e000000-0x000002778e000000, reserved size: 1073741824
Narrow klass base: 0x000002774d000000, Narrow klass shift: 0, Narrow klass range: 0x100000000

GC Precious Log:
 CardTable entry size: 512
 Card Set container configuration: InlinePtr #cards 4 size 8 Array Of Cards #cards 32 size 80 Howl #buckets 8 coarsen threshold 7372 Howl Bitmap #cards 1024 size 144 coarsen threshold 921 Card regions per heap region 1 cards per card region 8192
 CPUs: 20 total, 20 available
 Memory: 32452M
 Large Page Support: Disabled
 NUMA Support: Disabled
 Compressed Oops: Enabled (Zero based)
 Heap Region Size: 4M
 Heap Min Capacity: 8M
 Heap Initial Capacity: 508M
 Heap Max Capacity: 8116M
 Pre-touch: Disabled
 Parallel Workers: 15
 Concurrent Workers: 4
 Concurrent Refinement Workers: 15
 Periodic GC: Disabled

Heap:
 garbage-first heap   total 81920K, used 47037K [0x0000000604c00000, 0x0000000800000000)
  region size 4096K, 9 young (36864K), 1 survivors (4096K)
 Metaspace       used 42153K, committed 42688K, reserved 1114112K
  class space    used 4749K, committed 4992K, reserved 1048576K

Heap Regions: E=young(eden), S=young(survivor), O=old, HS=humongous(starts), HC=humongous(continues), CS=collection set, F=free, TAMS=top-at-mark-start, PB=parsable bottom
|   0|0x0000000604c00000, 0x0000000605000000, 0x0000000605000000|100%| O|  |TAMS 0x0000000604c00000| PB 0x0000000604c00000| Untracked 
|   1|0x0000000605000000, 0x0000000605000000, 0x0000000605400000|  0%| F|  |TAMS 0x0000000605000000| PB 0x0000000605000000| Untracked 
|   2|0x0000000605400000, 0x0000000605800000, 0x0000000605800000|100%| O|  |TAMS 0x0000000605400000| PB 0x0000000605400000| Untracked 
|   3|0x0000000605800000, 0x0000000605c00000, 0x0000000605c00000|100%| O|  |TAMS 0x0000000605800000| PB 0x0000000605800000| Untracked 
|   4|0x0000000605c00000, 0x0000000605edb498, 0x0000000606000000| 71%| O|Cm|TAMS 0x0000000605c00000| PB 0x0000000605c00000| Complete 
|   5|0x0000000606000000, 0x0000000606000000, 0x0000000606400000|  0%| F|  |TAMS 0x0000000606000000| PB 0x0000000606000000| Untracked 
|   6|0x0000000606400000, 0x0000000606400000, 0x0000000606800000|  0%| F|  |TAMS 0x0000000606400000| PB 0x0000000606400000| Untracked 
|   7|0x0000000606800000, 0x0000000606800000, 0x0000000606c00000|  0%| F|  |TAMS 0x0000000606800000| PB 0x0000000606800000| Untracked 
|   8|0x0000000606c00000, 0x0000000606c00000, 0x0000000607000000|  0%| F|  |TAMS 0x0000000606c00000| PB 0x0000000606c00000| Untracked 
|   9|0x0000000607000000, 0x0000000607000000, 0x0000000607400000|  0%| F|  |TAMS 0x0000000607000000| PB 0x0000000607000000| Untracked 
|  10|0x0000000607400000, 0x0000000607400000, 0x0000000607800000|  0%| F|  |TAMS 0x0000000607400000| PB 0x0000000607400000| Untracked 
|  11|0x0000000607800000, 0x00000006078d4e30, 0x0000000607c00000| 20%| E|  |TAMS 0x0000000607800000| PB 0x0000000607800000| Complete 
|  12|0x0000000607c00000, 0x0000000608000000, 0x0000000608000000|100%| E|CS|TAMS 0x0000000607c00000| PB 0x0000000607c00000| Complete 
|  13|0x0000000608000000, 0x0000000608400000, 0x0000000608400000|100%| E|CS|TAMS 0x0000000608000000| PB 0x0000000608000000| Complete 
|  14|0x0000000608400000, 0x0000000608800000, 0x0000000608800000|100%| E|CS|TAMS 0x0000000608400000| PB 0x0000000608400000| Complete 
|  15|0x0000000608800000, 0x0000000608c00000, 0x0000000608c00000|100%| E|CS|TAMS 0x0000000608800000| PB 0x0000000608800000| Complete 
|  16|0x0000000608c00000, 0x0000000609000000, 0x0000000609000000|100%| E|CS|TAMS 0x0000000608c00000| PB 0x0000000608c00000| Complete 
| 111|0x0000000620800000, 0x0000000620c00000, 0x0000000620c00000|100%| E|CS|TAMS 0x0000000620800000| PB 0x0000000620800000| Complete 
| 112|0x0000000620c00000, 0x0000000620f141d8, 0x0000000621000000| 76%| S|CS|TAMS 0x0000000620c00000| PB 0x0000000620c00000| Complete 
| 126|0x0000000624400000, 0x0000000624800000, 0x0000000624800000|100%| E|CS|TAMS 0x0000000624400000| PB 0x0000000624400000| Complete 

Card table byte_map: [0x0000027740080000,0x0000027741060000] _byte_map_base: 0x000002773d05a000

Marking Bits: (CMBitMap*) 0x0000027726881530
 Bits: [0x0000027741060000, 0x0000027748f30000)

Polling page: 0x0000027725010000

Metaspace:

Usage:
  Non-class:     36.53 MB used.
      Class:      4.64 MB used.
       Both:     41.17 MB used.

Virtual space:
  Non-class space:       64.00 MB reserved,      36.81 MB ( 58%) committed,  1 nodes.
      Class space:        1.00 GB reserved,       4.88 MB ( <1%) committed,  1 nodes.
             Both:        1.06 GB reserved,      41.69 MB (  4%) committed. 

Chunk freelists:
   Non-Class:  11.00 MB
       Class:  10.95 MB
        Both:  21.95 MB

MaxMetaspaceSize: unlimited
CompressedClassSpaceSize: 1.00 GB
Initial GC threshold: 21.00 MB
Current GC threshold: 59.31 MB
CDS: on
 - commit_granule_bytes: 65536.
 - commit_granule_words: 8192.
 - virtual_space_node_default_size: 8388608.
 - enlarge_chunks_in_place: 1.
 - use_allocation_guard: 0.


Internal statistics:

num_allocs_failed_limit: 9.
num_arena_births: 746.
num_arena_deaths: 0.
num_vsnodes_births: 2.
num_vsnodes_deaths: 0.
num_space_committed: 667.
num_space_uncommitted: 0.
num_chunks_returned_to_freelist: 9.
num_chunks_taken_from_freelist: 2175.
num_chunk_merges: 9.
num_chunk_splits: 1505.
num_chunks_enlarged: 1095.
num_inconsistent_stats: 0.

CodeHeap 'non-profiled nmethods': size=119168Kb used=3172Kb max_used=3303Kb free=115995Kb
 bounds [0x0000027736850000, 0x0000027736b90000, 0x000002773dcb0000]
CodeHeap 'profiled nmethods': size=119104Kb used=11126Kb max_used=11126Kb free=107977Kb
 bounds [0x000002772ecb0000, 0x000002772f790000, 0x0000027736100000]
CodeHeap 'non-nmethods': size=7488Kb used=2694Kb max_used=3250Kb free=4793Kb
 bounds [0x0000027736100000, 0x0000027736440000, 0x0000027736850000]
 total_blobs=5520 nmethods=4892 adapters=530
 compilation: enabled
              stopped_count=0, restarted_count=0
 full_count=0

Compilation events (20 events):
Event: 8.666 Thread 0x000002774c270400 5352       4       org.apache.jasper.compiler.SmapUtil$SDEInstaller::writeU1 (19 bytes)
Event: 8.666 Thread 0x000002774c243000 5351       3       org.apache.jasper.compiler.SmapUtil$SDEInstaller::copy (46 bytes)
Event: 8.666 Thread 0x000002774c0f3a10 5348       3       org.apache.jasper.compiler.SmapUtil$SDEInstaller::writeU2 (18 bytes)
Event: 8.666 Thread 0x000002774c2436a0 5349       3       java.lang.String::<init> (13 bytes)
Event: 8.666 Thread 0x000002774c243000 nmethod 5351 0x000002772f78a890 code [0x000002772f78aa40, 0x000002772f78ac70]
Event: 8.666 Thread 0x000002774c0f3a10 nmethod 5348 0x000002772f78ae10 code [0x000002772f78afc0, 0x000002772f78b188]
Event: 8.666 Thread 0x000002774c243000 5350   !   3       java.lang.String::lookupCharset (20 bytes)
Event: 8.666 Thread 0x000002774c243000 nmethod 5350 0x000002772f78b290 code [0x000002772f78b4a0, 0x000002772f78b9a0]
Event: 8.666 Thread 0x000002774c2436a0 nmethod 5349 0x000002772f78bc90 code [0x000002772f78bec0, 0x000002772f78c4b0]
Event: 8.666 Thread 0x000002774c270400 nmethod 5352 0x000002773690e590 code [0x000002773690e720, 0x000002773690e818]
Event: 8.673 Thread 0x000002774c270400 5353       4       jdk.internal.loader.URLClassPath::getResource (74 bytes)
Event: 8.676 Thread 0x000002774c0f3a10 5354       3       org.apache.catalina.core.DefaultInstanceManager::findLifecycleCallback (112 bytes)
Event: 8.677 Thread 0x000002774c0f3a10 nmethod 5354 0x000002772f78c810 code [0x000002772f78cb60, 0x000002772f78df98]
Event: 8.678 Thread 0x000002774c2436a0 5355   !   3       org.apache.tomcat.util.http.parser.HttpParser::isToken (9 bytes)
Event: 8.679 Thread 0x000002774c2436a0 nmethod 5355 0x000002772f78e610 code [0x000002772f78e7c0, 0x000002772f78e930]
Event: 8.680 Thread 0x000002774c0f3a10 5356       3       java.lang.String::regionMatches (150 bytes)
Event: 8.680 Thread 0x000002774c0f3a10 nmethod 5356 0x000002772f78ea10 code [0x000002772f78ec60, 0x000002772f78f4b0]
Event: 8.683 Thread 0x0000027793251960 5357 %     4       sun.security.provider.SHA::implCompress0 @ 357 (478 bytes)
Event: 8.687 Thread 0x0000027793251960 nmethod 5357% 0x000002773690dd10 code [0x000002773690dec0, 0x000002773690e398]
Event: 8.687 Thread 0x000002774c0f0420 5358       4       sun.security.provider.SHA::implCompress0 (478 bytes)

GC Heap History (12 events):
Event: 0.567 GC heap before
{Heap before GC invocations=0 (full 0):
 garbage-first heap   total 520192K, used 24576K [0x0000000604c00000, 0x0000000800000000)
  region size 4096K, 6 young (24576K), 0 survivors (0K)
 Metaspace       used 5895K, committed 6144K, reserved 1114112K
  class space    used 647K, committed 768K, reserved 1048576K
}
Event: 0.571 GC heap after
{Heap after GC invocations=1 (full 0):
 garbage-first heap   total 520192K, used 4794K [0x0000000604c00000, 0x0000000800000000)
  region size 4096K, 1 young (4096K), 1 survivors (4096K)
 Metaspace       used 5895K, committed 6144K, reserved 1114112K
  class space    used 647K, committed 768K, reserved 1048576K
}
Event: 0.994 GC heap before
{Heap before GC invocations=1 (full 0):
 garbage-first heap   total 520192K, used 33466K [0x0000000604c00000, 0x0000000800000000)
  region size 4096K, 8 young (32768K), 1 survivors (4096K)
 Metaspace       used 12361K, committed 12672K, reserved 1114112K
  class space    used 1444K, committed 1600K, reserved 1048576K
}
Event: 0.997 GC heap after
{Heap after GC invocations=2 (full 0):
 garbage-first heap   total 520192K, used 7541K [0x0000000604c00000, 0x0000000800000000)
  region size 4096K, 1 young (4096K), 1 survivors (4096K)
 Metaspace       used 12361K, committed 12672K, reserved 1114112K
  class space    used 1444K, committed 1600K, reserved 1048576K
}
Event: 1.779 GC heap before
{Heap before GC invocations=2 (full 0):
 garbage-first heap   total 520192K, used 56693K [0x0000000604c00000, 0x0000000800000000)
  region size 4096K, 14 young (57344K), 1 survivors (4096K)
 Metaspace       used 21239K, committed 21504K, reserved 1114112K
  class space    used 2558K, committed 2688K, reserved 1048576K
}
Event: 1.782 GC heap after
{Heap after GC invocations=3 (full 0):
 garbage-first heap   total 520192K, used 11904K [0x0000000604c00000, 0x0000000800000000)
  region size 4096K, 2 young (8192K), 2 survivors (8192K)
 Metaspace       used 21239K, committed 21504K, reserved 1114112K
  class space    used 2558K, committed 2688K, reserved 1048576K
}
Event: 2.740 GC heap before
{Heap before GC invocations=4 (full 0):
 garbage-first heap   total 69632K, used 65152K [0x0000000604c00000, 0x0000000800000000)
  region size 4096K, 15 young (61440K), 2 survivors (8192K)
 Metaspace       used 29880K, committed 30464K, reserved 1114112K
  class space    used 3625K, committed 3904K, reserved 1048576K
}
Event: 2.745 GC heap after
{Heap after GC invocations=5 (full 0):
 garbage-first heap   total 81920K, used 16313K [0x0000000604c00000, 0x0000000800000000)
  region size 4096K, 3 young (12288K), 3 survivors (12288K)
 Metaspace       used 29880K, committed 30464K, reserved 1114112K
  class space    used 3625K, committed 3904K, reserved 1048576K
}
Event: 8.268 GC heap before
{Heap before GC invocations=5 (full 0):
 garbage-first heap   total 81920K, used 44985K [0x0000000604c00000, 0x0000000800000000)
  region size 4096K, 11 young (45056K), 3 survivors (12288K)
 Metaspace       used 35419K, committed 35968K, reserved 1114112K
  class space    used 4215K, committed 4480K, reserved 1048576K
}
Event: 8.272 GC heap after
{Heap after GC invocations=6 (full 0):
 garbage-first heap   total 81920K, used 19006K [0x0000000604c00000, 0x0000000800000000)
  region size 4096K, 1 young (4096K), 1 survivors (4096K)
 Metaspace       used 35419K, committed 35968K, reserved 1114112K
  class space    used 4215K, committed 4480K, reserved 1048576K
}
Event: 8.281 GC heap before
{Heap before GC invocations=6 (full 0):
 garbage-first heap   total 81920K, used 19006K [0x0000000604c00000, 0x0000000800000000)
  region size 4096K, 2 young (8192K), 1 survivors (4096K)
 Metaspace       used 35751K, committed 36288K, reserved 1114112K
  class space    used 4226K, committed 4480K, reserved 1048576K
}
Event: 8.282 GC heap after
{Heap after GC invocations=7 (full 0):
 garbage-first heap   total 81920K, used 18365K [0x0000000604c00000, 0x0000000800000000)
  region size 4096K, 1 young (4096K), 1 survivors (4096K)
 Metaspace       used 35751K, committed 36288K, reserved 1114112K
  class space    used 4226K, committed 4480K, reserved 1048576K
}

Dll operation events (13 events):
Event: 0.010 Loaded shared library C:\Program Files\Java\jdk-21\bin\java.dll
Event: 0.034 Loaded shared library C:\Program Files\Java\jdk-21\bin\jsvml.dll
Event: 0.091 Loaded shared library C:\Program Files\Java\jdk-21\bin\zip.dll
Event: 0.093 Loaded shared library C:\Program Files\Java\jdk-21\bin\instrument.dll
Event: 0.098 Loaded shared library C:\Program Files\Java\jdk-21\bin\net.dll
Event: 0.100 Loaded shared library C:\Program Files\Java\jdk-21\bin\nio.dll
Event: 0.102 Loaded shared library C:\Program Files\Java\jdk-21\bin\zip.dll
Event: 0.141 Loaded shared library C:\Program Files\JetBrains\IntelliJ IDEA Community Edition 2024.1.3\bin\breakgen64.dll
Event: 0.147 Loaded shared library C:\Program Files\Java\jdk-21\bin\extnet.dll
Event: 0.148 Loaded shared library C:\Program Files\Java\jdk-21\bin\jimage.dll
Event: 1.254 Loaded shared library C:\Program Files\Java\jdk-21\bin\sunmscapi.dll
Event: 2.058 Loaded shared library C:\Program Files\Java\jdk-21\bin\management.dll
Event: 2.059 Loaded shared library C:\Program Files\Java\jdk-21\bin\management_ext.dll

Deoptimization events (20 events):
Event: 8.683 Thread 0x0000027793db0d60 DEOPT PACKING pc=0x00000277368d34e0 sp=0x0000009ca09fb230
Event: 8.683 Thread 0x0000027793db0d60 DEOPT UNPACKING pc=0x00000277361546a2 sp=0x0000009ca09fb208 mode 2
Event: 8.687 Thread 0x0000027793db0d60 DEOPT PACKING pc=0x000002772f3d616b sp=0x0000009ca09fb190
Event: 8.687 Thread 0x0000027793db0d60 DEOPT UNPACKING pc=0x0000027736154e42 sp=0x0000009ca09fa628 mode 0
Event: 8.688 Thread 0x0000027793db0d60 DEOPT PACKING pc=0x000002772f3d616b sp=0x0000009ca09fb190
Event: 8.688 Thread 0x0000027793db0d60 DEOPT UNPACKING pc=0x0000027736154e42 sp=0x0000009ca09fa628 mode 0
Event: 8.688 Thread 0x0000027793db0d60 DEOPT PACKING pc=0x000002772f3d616b sp=0x0000009ca09fb190
Event: 8.688 Thread 0x0000027793db0d60 DEOPT UNPACKING pc=0x0000027736154e42 sp=0x0000009ca09fa628 mode 0
Event: 8.688 Thread 0x0000027793db0d60 DEOPT PACKING pc=0x000002772f3d616b sp=0x0000009ca09fb190
Event: 8.688 Thread 0x0000027793db0d60 DEOPT UNPACKING pc=0x0000027736154e42 sp=0x0000009ca09fa628 mode 0
Event: 8.688 Thread 0x0000027793db0d60 DEOPT PACKING pc=0x000002772f3d63bb sp=0x0000009ca09fb190
Event: 8.688 Thread 0x0000027793db0d60 DEOPT UNPACKING pc=0x0000027736154e42 sp=0x0000009ca09fa628 mode 0
Event: 8.693 Thread 0x0000027793db0d60 Uncommon trap: trap_request=0xffffff45 fr.pc=0x00000277369a92dc relative=0x00000000000000bc
Event: 8.693 Thread 0x0000027793db0d60 Uncommon trap: reason=unstable_if action=reinterpret pc=0x00000277369a92dc method=java.lang.Integer.stringSize(I)I @ 3 c2
Event: 8.693 Thread 0x0000027793db0d60 DEOPT PACKING pc=0x00000277369a92dc sp=0x0000009ca09fc550
Event: 8.693 Thread 0x0000027793db0d60 DEOPT UNPACKING pc=0x00000277361546a2 sp=0x0000009ca09fc4d8 mode 2
Event: 8.693 Thread 0x0000027793db0d60 Uncommon trap: trap_request=0xffffff45 fr.pc=0x00000277369da840 relative=0x0000000000000180
Event: 8.693 Thread 0x0000027793db0d60 Uncommon trap: reason=unstable_if action=reinterpret pc=0x00000277369da840 method=java.lang.Integer.getChars(II[B)I @ 4 c2
Event: 8.693 Thread 0x0000027793db0d60 DEOPT PACKING pc=0x00000277369da840 sp=0x0000009ca09fc520
Event: 8.693 Thread 0x0000027793db0d60 DEOPT UNPACKING pc=0x00000277361546a2 sp=0x0000009ca09fc4c0 mode 2

Classes loaded (20 events):
Event: 8.523 Loading class java/util/stream/Nodes$IntArrayNode done
Event: 8.524 Loading class java/util/stream/Nodes$IntFixedNodeBuilder done
Event: 8.654 Loading class java/util/DualPivotQuicksort
Event: 8.654 Loading class java/util/DualPivotQuicksort done
Event: 8.663 Loading class java/util/Hashtable$ValueCollection
Event: 8.663 Loading class java/util/Hashtable$ValueCollection done
Event: 8.671 Loading class java/net/URLClassLoader$1
Event: 8.671 Loading class java/net/URLClassLoader$1 done
Event: 8.682 Loading class java/io/WriteAbortedException
Event: 8.682 Loading class java/io/WriteAbortedException done
Event: 8.683 Loading class sun/security/provider/SecureRandom
Event: 8.683 Loading class sun/security/provider/SecureRandom done
Event: 8.683 Loading class sun/security/provider/SecureRandom$SeederHolder
Event: 8.683 Loading class sun/security/provider/SecureRandom$SeederHolder done
Event: 8.705 Loading class java/util/WeakHashMap$EntrySet
Event: 8.705 Loading class java/util/WeakHashMap$EntrySet done
Event: 8.705 Loading class java/util/WeakHashMap$EntryIterator
Event: 8.705 Loading class java/util/WeakHashMap$HashIterator
Event: 8.705 Loading class java/util/WeakHashMap$HashIterator done
Event: 8.705 Loading class java/util/WeakHashMap$EntryIterator done

Classes unloaded (0 events):
No events

Classes redefined (0 events):
No events

Internal exceptions (20 events):
Event: 7.947 Thread 0x0000027793db0d60 Exception <a 'java/lang/NoSuchMethodError'{0x0000000620ac94b8}: getSession> (0x0000000620ac94b8) 
thrown [s\open\src\hotspot\share\prims\jni.cpp, line 1077]
Event: 7.989 Thread 0x0000027793db0d60 Exception <a 'java/lang/NoSuchMethodError'{0x000000060810a9b8}: 'int java.lang.invoke.DirectMethodHandle$Holder.invokeVirtual(java.lang.Object, java.lang.Object, java.lang.Object)'> (0x000000060810a9b8) 
thrown [s\open\src\hotspot\share\interpreter\linkResolver.cpp, line 773]
Event: 8.102 Thread 0x0000027793db0d60 Implicit null exception at 0x0000027736888a21 to 0x0000027736889148
Event: 8.102 Thread 0x0000027793db0d60 Implicit null exception at 0x000002773687c521 to 0x000002773687cc24
Event: 8.179 Thread 0x0000027793db0d60 Exception <a 'java/lang/ClassNotFoundException'{0x00000006074c9758}: org/apache/taglibs/standard/tag/rt/core/ForEachTagBeanInfo> (0x00000006074c9758) 
thrown [s\open\src\hotspot\share\classfile\systemDictionary.cpp, line 312]
Event: 8.180 Thread 0x0000027793db0d60 Exception <a 'java/lang/ClassNotFoundException'{0x00000006074cf708}: org/apache/taglibs/standard/tag/common/core/ForEachSupportBeanInfo> (0x00000006074cf708) 
thrown [s\open\src\hotspot\share\classfile\systemDictionary.cpp, line 312]
Event: 8.180 Thread 0x0000027793db0d60 Exception <a 'java/lang/ClassNotFoundException'{0x00000006074d5268}: jakarta/servlet/jsp/jstl/core/LoopTagSupportBeanInfo> (0x00000006074d5268) 
thrown [s\open\src\hotspot\share\classfile\systemDictionary.cpp, line 312]
Event: 8.181 Thread 0x0000027793db0d60 Exception <a 'java/lang/ClassNotFoundException'{0x00000006074daf68}: jakarta/servlet/jsp/tagext/TagSupportBeanInfo> (0x00000006074daf68) 
thrown [s\open\src\hotspot\share\classfile\systemDictionary.cpp, line 312]
Event: 8.182 Thread 0x0000027793db0d60 Exception <a 'java/lang/ClassNotFoundException'{0x00000006074de9a8}: java/lang/ObjectBeanInfo> (0x00000006074de9a8) 
thrown [s\open\src\hotspot\share\classfile\systemDictionary.cpp, line 312]
Event: 8.183 Thread 0x0000027793db0d60 Exception <a 'java/lang/ClassNotFoundException'{0x00000006074e2860}: java/lang/ObjectCustomizer> (0x00000006074e2860) 
thrown [s\open\src\hotspot\share\classfile\systemDictionary.cpp, line 312]
Event: 8.185 Thread 0x0000027793db0d60 Exception <a 'java/lang/IncompatibleClassChangeError'{0x00000006074e6ad8}: Found class java.lang.Object, but interface was expected> (0x00000006074e6ad8) 
thrown [s\open\src\hotspot\share\interpreter\linkResolver.cpp, line 840]
Event: 8.187 Thread 0x0000027793db0d60 Exception <a 'java/lang/ClassNotFoundException'{0x00000006074f5850}: jakarta/servlet/jsp/tagext/TagSupportCustomizer> (0x00000006074f5850) 
thrown [s\open\src\hotspot\share\classfile\systemDictionary.cpp, line 312]
Event: 8.189 Thread 0x0000027793db0d60 Exception <a 'java/lang/ClassNotFoundException'{0x00000006075075e0}: jakarta/servlet/jsp/jstl/core/LoopTagSupportCustomizer> (0x00000006075075e0) 
thrown [s\open\src\hotspot\share\classfile\systemDictionary.cpp, line 312]
Event: 8.191 Thread 0x0000027793db0d60 Exception <a 'java/lang/ClassNotFoundException'{0x00000006075245f8}: org/apache/taglibs/standard/tag/common/core/ForEachSupportCustomizer> (0x00000006075245f8) 
thrown [s\open\src\hotspot\share\classfile\systemDictionary.cpp, line 312]
Event: 8.192 Thread 0x0000027793db0d60 Exception <a 'java/lang/ClassNotFoundException'{0x0000000607530e80}: org/apache/taglibs/standard/tag/rt/core/ForEachTagCustomizer> (0x0000000607530e80) 
thrown [s\open\src\hotspot\share\classfile\systemDictionary.cpp, line 312]
Event: 8.193 Thread 0x0000027793db0d60 Implicit null exception at 0x00000277368f463a to 0x00000277368f4674
Event: 8.194 Thread 0x0000027793db0d60 Implicit null exception at 0x0000027736a2c4b7 to 0x0000027736a2cc48
Event: 8.201 Thread 0x0000027793db0d60 Exception <a 'java/lang/NoSuchMethodError'{0x00000006075b7cf0}: 'java.lang.Object java.lang.invoke.DirectMethodHandle$Holder.invokeSpecial(java.lang.Object, java.lang.Object, java.lang.Object, int, int)'> (0x00000006075b7cf0) 
thrown [s\open\src\hotspot\share\interpreter\linkResolver.cpp, line 773]
Event: 8.201 Thread 0x0000027793db0d60 Exception <a 'java/lang/NoSuchMethodError'{0x00000006075bb650}: 'java.lang.Object java.lang.invoke.Invokers$Holder.linkToTargetMethod(java.lang.Object, int, int, java.lang.Object)'> (0x00000006075bb650) 
thrown [s\open\src\hotspot\share\interpreter\linkResolver.cpp, line 773]
Event: 8.427 Thread 0x0000027793db0d60 Exception <a 'java/lang/NoSuchMethodError'{0x00000006089a1ab8}: 'void java.lang.invoke.Invokers$Holder.invokeExact_MT(java.lang.Object, java.lang.Object, java.lang.Object)'> (0x00000006089a1ab8) 
thrown [s\open\src\hotspot\share\interpreter\linkResolver.cpp, line 773]

ZGC Phase Switch (0 events):
No events

VM Operations (20 events):
Event: 8.288 Executing VM operation: G1PauseRemark
Event: 8.289 Executing VM operation: G1PauseRemark done
Event: 8.291 Executing VM operation: G1PauseCleanup
Event: 8.291 Executing VM operation: G1PauseCleanup done
Event: 8.518 Executing VM operation: HandshakeAllThreads (Deoptimize)
Event: 8.518 Executing VM operation: HandshakeAllThreads (Deoptimize) done
Event: 8.674 Executing VM operation: ChangeBreakpoints
Event: 8.675 Executing VM operation: ChangeBreakpoints done
Event: 8.675 Executing VM operation: ChangeBreakpoints
Event: 8.676 Executing VM operation: ChangeBreakpoints done
Event: 8.677 Executing VM operation: get/set locals
Event: 8.677 Executing VM operation: get/set locals done
Event: 8.677 Executing VM operation: get/set locals
Event: 8.677 Executing VM operation: get/set locals done
Event: 8.708 Executing VM operation: HandshakeAllThreads (Deoptimize)
Event: 8.708 Executing VM operation: HandshakeAllThreads (Deoptimize) done
Event: 8.708 Executing VM operation: get/set locals
Event: 8.708 Executing VM operation: get/set locals done
Event: 8.709 Executing VM operation: get/set locals
Event: 8.709 Executing VM operation: get/set locals done

Events (20 events):
Event: 8.289 Thread 0x000002773f06de40 flushing nmethod 0x000002772edb4a10
Event: 8.289 Thread 0x000002773f06de40 flushing nmethod 0x000002772ee0c090
Event: 8.289 Thread 0x000002773f06de40 flushing nmethod 0x000002772ee6e410
Event: 8.289 Thread 0x000002773f06de40 flushing nmethod 0x000002772ee6e990
Event: 8.289 Thread 0x000002773f06de40 flushing nmethod 0x000002772ee70310
Event: 8.289 Thread 0x000002773f06de40 flushing nmethod 0x000002772ee70790
Event: 8.289 Thread 0x000002773f06de40 flushing nmethod 0x000002772eef4e90
Event: 8.289 Thread 0x000002773f06de40 flushing nmethod 0x000002772eefa190
Event: 8.289 Thread 0x000002773f06de40 flushing nmethod 0x000002772f038910
Event: 8.289 Thread 0x000002773f06de40 flushing nmethod 0x000002772f039990
Event: 8.289 Thread 0x000002773f06de40 flushing nmethod 0x000002772f03a310
Event: 8.289 Thread 0x000002773f06de40 flushing nmethod 0x000002772f03cb10
Event: 8.289 Thread 0x000002773f06de40 flushing nmethod 0x000002772f064290
Event: 8.289 Thread 0x000002773f06de40 flushing nmethod 0x000002772f117110
Event: 8.289 Thread 0x000002773f06de40 flushing nmethod 0x000002772f276690
Event: 8.289 Thread 0x000002773f06de40 flushing nmethod 0x000002772f276b10
Event: 8.289 Thread 0x000002773f06de40 flushing nmethod 0x000002772f281790
Event: 8.289 Thread 0x000002773f06de40 flushing nmethod 0x000002772f281c10
Event: 8.289 Thread 0x000002773f06de40 flushing nmethod 0x000002772f282110
Event: 8.355 Thread 0x000002779297cd20 Thread exited: 0x000002779297cd20


Dynamic libraries:
0x00007ff720720000 - 0x00007ff720730000 	C:\Program Files\Java\jdk-21\bin\java.exe
0x0000027724d10000 - 0x0000027724f08000 	C:\Windows\SYSTEM32\ntd1l.dll
0x0000027724f10000 - 0x0000027724fd2000 	C:\Windows\System32\kern3l32.dll
0x00007ffa6f790000 - 0x00007ffa6f988000 	C:\Windows\SYSTEM32\ntdll.dll
0x00007ffa6e440000 - 0x00007ffa6e502000 	C:\Windows\System32\KERNEL32.DLL
0x00007ffa6cec0000 - 0x00007ffa6d1bf000 	C:\Windows\System32\KERNELBASE.dll
0x00007ffa6b1b0000 - 0x00007ffa6b4e1000 	C:\Program Files\SentinelOne\Sentinel Agent 23.4.4.223\InProcessClient64.dll
0x00007ffa6dff0000 - 0x00007ffa6e09f000 	C:\Windows\System32\ADVAPI32.dll
0x00007ffa6daf0000 - 0x00007ffa6db8e000 	C:\Windows\System32\msvcrt.dll
0x00007ffa6e3a0000 - 0x00007ffa6e43f000 	C:\Windows\System32\sechost.dll
0x00007ffa6dd80000 - 0x00007ffa6dea3000 	C:\Windows\System32\RPCRT4.dll
0x00007ffa6d440000 - 0x00007ffa6d467000 	C:\Windows\System32\bcrypt.dll
0x00007ffa6d470000 - 0x00007ffa6d570000 	C:\Windows\System32\ucrtbase.dll
0x00007ffa5e440000 - 0x00007ffa5e459000 	C:\Program Files\Java\jdk-21\bin\jli.dll
0x00007ffa3a550000 - 0x00007ffa3a56b000 	C:\Program Files\Java\jdk-21\bin\VCRUNTIME140.dll
0x00007ffa6e580000 - 0x00007ffa6e71d000 	C:\Windows\System32\USER32.dll
0x00007ffa6d660000 - 0x00007ffa6d682000 	C:\Windows\System32\win32u.dll
0x00007ffa586e0000 - 0x00007ffa5897a000 	C:\Windows\WinSxS\amd64_microsoft.windows.common-controls_6595b64144ccf1df_6.0.19041.4355_none_60b8b9eb71f62e16\COMCTL32.dll
0x00007ffa6d9a0000 - 0x00007ffa6d9cb000 	C:\Windows\System32\GDI32.dll
0x00007ffa6d690000 - 0x00007ffa6d7aa000 	C:\Windows\System32\gdi32full.dll
0x00007ffa6d570000 - 0x00007ffa6d60d000 	C:\Windows\System32\msvcp_win.dll
0x00007ffa6ba30000 - 0x00007ffa6ba3a000 	C:\Windows\SYSTEM32\VERSION.dll
0x00007ffa6b090000 - 0x00007ffa6b09b000 	C:\Windows\SYSTEM32\FLTLIB.DLL
0x00007ffa6d830000 - 0x00007ffa6d85f000 	C:\Windows\System32\IMM32.DLL
0x00007ffa434a0000 - 0x00007ffa434ac000 	C:\Program Files\Java\jdk-21\bin\vcruntime140_1.dll
0x00007ffa201c0000 - 0x00007ffa2024e000 	C:\Program Files\Java\jdk-21\bin\msvcp140.dll
0x00007ff9c0fb0000 - 0x00007ff9c1cca000 	C:\Program Files\Java\jdk-21\bin\server\jvm.dll
0x00007ffa6f6e0000 - 0x00007ffa6f74b000 	C:\Windows\System32\WS2_32.dll
0x00007ffa6c380000 - 0x00007ffa6c3cb000 	C:\Windows\SYSTEM32\POWRPROF.dll
0x00007ffa5b1c0000 - 0x00007ffa5b1e7000 	C:\Windows\SYSTEM32\WINMM.dll
0x00007ffa6c1f0000 - 0x00007ffa6c202000 	C:\Windows\SYSTEM32\UMPDC.dll
0x00007ffa6b990000 - 0x00007ffa6b9a2000 	C:\Windows\SYSTEM32\kernel.appcore.dll
0x00007ffa3a540000 - 0x00007ffa3a54a000 	C:\Program Files\Java\jdk-21\bin\jimage.dll
0x00007ffa6a9e0000 - 0x00007ffa6abc4000 	C:\Windows\SYSTEM32\DBGHELP.DLL
0x00007ffa42160000 - 0x00007ffa42194000 	C:\Windows\SYSTEM32\dbgcore.DLL
0x00007ffa6ce30000 - 0x00007ffa6ceb2000 	C:\Windows\System32\bcryptPrimitives.dll
0x00007ffa3a490000 - 0x00007ffa3a49f000 	C:\Program Files\Java\jdk-21\bin\instrument.dll
0x00007ffa3a520000 - 0x00007ffa3a53f000 	C:\Program Files\Java\jdk-21\bin\java.dll
0x00007ffa32af0000 - 0x00007ffa32b9d000 	C:\Program Files\SentinelOne\Sentinel Agent 23.4.4.223\SentinelJava64.dll
0x00007ffa6dd20000 - 0x00007ffa6dd75000 	C:\Windows\System32\SHLWAPI.dll
0x00007ffa6d870000 - 0x00007ffa6d99b000 	C:\Windows\System32\ole32.dll
0x00007ffa6ee90000 - 0x00007ffa6f1e5000 	C:\Windows\System32\combase.dll
0x00007ffa6e720000 - 0x00007ffa6ee8d000 	C:\Windows\System32\SHELL32.dll
0x00007ffa6a170000 - 0x00007ffa6a914000 	C:\Windows\SYSTEM32\windows.storage.dll
0x00007ffa6c780000 - 0x00007ffa6c7af000 	C:\Windows\SYSTEM32\Wldp.dll
0x00007ffa6e2d0000 - 0x00007ffa6e39d000 	C:\Windows\System32\OLEAUT32.dll
0x00007ffa6db90000 - 0x00007ffa6dc3d000 	C:\Windows\System32\SHCORE.dll
0x00007ffa6cd60000 - 0x00007ffa6cd84000 	C:\Windows\SYSTEM32\profapi.dll
0x00007ffa1fe60000 - 0x00007ffa1ff37000 	C:\Program Files\Java\jdk-21\bin\jsvml.dll
0x00007ffa37930000 - 0x00007ffa37948000 	C:\Program Files\Java\jdk-21\bin\zip.dll
0x00007ffa38b60000 - 0x00007ffa38b70000 	C:\Program Files\Java\jdk-21\bin\net.dll
0x00007ffa6bdb0000 - 0x00007ffa6beba000 	C:\Windows\SYSTEM32\WINHTTP.dll
0x00007ffa6c560000 - 0x00007ffa6c5cc000 	C:\Windows\system32\mswsock.dll
0x00007ffa37950000 - 0x00007ffa37966000 	C:\Program Files\Java\jdk-21\bin\nio.dll
0x00007ffa37620000 - 0x00007ffa3763a000 	C:\Program Files\JetBrains\IntelliJ IDEA Community Edition 2024.1.3\bin\breakgen64.dll
0x00007ffa38b50000 - 0x00007ffa38b59000 	C:\Program Files\Java\jdk-21\bin\extnet.dll
0x00007ffa37530000 - 0x00007ffa3753e000 	C:\Program Files\Java\jdk-21\bin\sunmscapi.dll
0x00007ffa6d270000 - 0x00007ffa6d3cc000 	C:\Windows\System32\CRYPT32.dll
0x00007ffa6c8d0000 - 0x00007ffa6c8f7000 	C:\Windows\SYSTEM32\ncrypt.dll
0x00007ffa6c890000 - 0x00007ffa6c8cb000 	C:\Windows\SYSTEM32\NTASN1.dll
0x00007ffa6c7c0000 - 0x00007ffa6c7d8000 	C:\Windows\SYSTEM32\CRYPTSP.dll
0x00007ffa6bd20000 - 0x00007ffa6bd54000 	C:\Windows\system32\rsaenh.dll
0x00007ffa6cd20000 - 0x00007ffa6cd4e000 	C:\Windows\SYSTEM32\USERENV.dll
0x00007ffa6c6f0000 - 0x00007ffa6c6fc000 	C:\Windows\SYSTEM32\CRYPTBASE.dll
0x00007ffa6c210000 - 0x00007ffa6c24b000 	C:\Windows\SYSTEM32\IPHLPAPI.DLL
0x000002774ce90000 - 0x000002774ce98000 	C:\Windows\System32\NSI.dll
0x00007ffa37920000 - 0x00007ffa3792a000 	C:\Program Files\Java\jdk-21\bin\management.dll
0x00007ffa37610000 - 0x00007ffa3761b000 	C:\Program Files\Java\jdk-21\bin\management_ext.dll
0x00007ffa6f6d0000 - 0x00007ffa6f6d8000 	C:\Windows\System32\PSAPI.DLL
0x00007ffa128b0000 - 0x00007ffa128b7000 	C:\Windows\system32\wshunix.dll

dbghelp: loaded successfully - version: 4.0.5 - missing functions: none
symbol engine: initialized successfully - sym options: 0x614 - pdb path: .;C:\Program Files\Java\jdk-21\bin;C:\Windows\SYSTEM32;C:\Program Files\SentinelOne\Sentinel Agent 23.4.4.223;C:\Windows\WinSxS\amd64_microsoft.windows.common-controls_6595b64144ccf1df_6.0.19041.4355_none_60b8b9eb71f62e16;C:\Program Files\Java\jdk-21\bin\server;C:\Program Files\JetBrains\IntelliJ IDEA Community Edition 2024.1.3\bin

VM Arguments:
jvm_args: -javaagent:C:\Program Files\JetBrains\IntelliJ IDEA Community Edition 2024.1.3\lib\idea_rt.jar=5678:C:\Program Files\JetBrains\IntelliJ IDEA Community Edition 2024.1.3\bin -Dfile.encoding=UTF-8 -Dsun.stdout.encoding=UTF-8 -Dsun.stderr.encoding=UTF-8 -agentpath:C:\Program Files\SentinelOne\Sentinel Agent 23.4.4.223\SentinelJava64.dll=extendedCapabilities 
java_command: com.luka.JobAppProject.JobAppProjectApplication
java_class_path (initial): C:\Users\lmekudishvili\Desktop\Spring\SpringTelusko\Section 14 Building a project\JobAppProject\target\classes;C:\Users\lmekudishvili\.m2\repository\org\springframework\boot\spring-boot-starter-web\3.4.5\spring-boot-starter-web-3.4.5.jar;C:\Users\lmekudishvili\.m2\repository\org\springframework\boot\spring-boot-starter\3.4.5\spring-boot-starter-3.4.5.jar;C:\Users\lmekudishvili\.m2\repository\org\springframework\boot\spring-boot\3.4.5\spring-boot-3.4.5.jar;C:\Users\lmekudishvili\.m2\repository\org\springframework\boot\spring-boot-autoconfigure\3.4.5\spring-boot-autoconfigure-3.4.5.jar;C:\Users\lmekudishvili\.m2\repository\org\springframework\boot\spring-boot-starter-logging\3.4.5\spring-boot-starter-logging-3.4.5.jar;C:\Users\lmekudishvili\.m2\repository\ch\qos\logback\logback-classic\1.5.18\logback-classic-1.5.18.jar;C:\Users\lmekudishvili\.m2\repository\ch\qos\logback\logback-core\1.5.18\logback-core-1.5.18.jar;C:\Users\lmekudishvili\.m2\repository\org\apache\logging\log4j\log4j-to-slf4j\2.24.3\log4j-to-slf4j-2.24.3.jar;C:\Users\lmekudishvili\.m2\repository\org\apache\logging\log4j\log4j-api\2.24.3\log4j-api-2.24.3.jar;C:\Users\lmekudishvili\.m2\repository\org\slf4j\jul-to-slf4j\2.0.17\jul-to-slf4j-2.0.17.jar;C:\Users\lmekudishvili\.m2\repository\jakarta\annotation\jakarta.annotation-api\2.1.1\jakarta.annotation-api-2.1.1.jar;C:\Users\lmekudishvili\.m2\repository\org\yaml\snakeyaml\2.3\snakeyaml-2.3.jar;C:\Users\lmekudishvili\.m2\repository\org\springframework\boot\spring-boot-starter-json\3.4.5\spring-boot-starter-json-3.4.5.jar;C:\Users\lmekudishvili\.m2\repository\com\fasterxml\jackson\core\jackson-databind\2.18.3\jackson-databind-2.18.3.jar;C:\Users\lmekudishvili\.m2\repository\com\fasterxml\jackson\core\jackson-annotations\2.18.3\jackson-annotations-2.18.3.jar;C:\Users\lmekudishvili\.m2\repository\com\fasterxml\jackson\core\jackson-core\2.18.3\jackson-core-2.18.3.jar;C:\Users\lmekudishvili\.m2\repository\com\fasterxml\jackson\datatype\jackson-datatype-jdk8\2.18.3\jackson-datatype-jdk8-2.18.3.jar;C:\Users\lmekudishvili\.m2\repository\com\fasterxml\jackson\datatype\jackson-datatype-jsr310\2.18.3\jackson-datatype-jsr310-2.18.3.jar;C:\Users\lmekudishvili\.m2\repository\com\fasterxml\jackson\module\jackson-module-parameter-names\2.18.3\jackson-module-parameter-names-2.18.3.jar;C:\Users\lmekudishvili\.m2\repository\org\springframework\boot\spring-boot-starter-tomcat\3.4.5\spring-boot-starter-tomcat-3.4.5.jar;C:\Users\lmekudishvili\.m2\repository\org\apache\tomcat\embed\tomcat-embed-core\10.1.40\tomcat-embed-core-10.1.40.jar;C:\Users\lmekudishvili\.m2\repository\org\apache\tomcat\embed\tomcat-embed-el\10.1.40\tomcat-embed-el-10.1.40.jar;C:\Users\lmekudishvili\.m2\repository\org\apache\tomcat\embed\tomcat-embed-websocket\10.1.40\tomcat-embed-websocket-10.1.40.jar;C:\Users\lmekudishvili\.m2\repository\org\springframework\spring-web\6.2.6\spring-web-6.2.6.jar;C:\Users\lmekudishvili\.m2\repository\org\springframework\spring-beans\6.2.6\spring-beans-6.2.6.jar;C:\Users\lmekudishvili\.m2\repository\io\micrometer\micrometer-observation\1.14.6\micrometer-observation-1.14.6.jar;C:\Users\lmekudishvili\.m2\repository\io\micrometer\micrometer-commons\1.14.6\micrometer-commons-1.14.6.jar;C:\Users\lmekudishvili\.m2\repository\org\springframework\spring-webmvc\6.2.6\spring-webmvc-6.2.6.jar;C:\Users\lmekudishvili\.m2\repository\org\springframework\spring-aop\6.2.6\spring-aop-6.2.6.jar;C:\Users\lmekudishvili\.m2\repository\org\springframework\spring-context\6.2.6\spring-context-6.2.6.jar;C:\Users\lmekudishvili\.m2\repository\org\springframework\spring-expression\6.2.6\spring-expression-6.2.6.jar;C:\Users\lmekudishvili\.m2\repository\org\projectlombok\lombok\1.18.38\lombok-1.18.38.jar;C:\Users\lmekudishvili\.m2\repository\org\apache\tomcat\tomcat-jasper\10.1.16\tomcat-jasper-10.1.16.jar;C:\Users\lmekudishvili\.m2\repository\org\apache\tomcat\tomcat-servlet-api\10.1.16\tomcat-servlet-api-10.1.16.jar;C:\Users\lmekudishvili\.m2\repository\org\apache\tomcat\tomcat-juli\10.1.16\tomcat-juli-10.1.16.jar;C:\Users\lmekudishvili\.m2\repository\org\apache\tomcat\tomcat-jsp-api\10.1.40\tomcat-jsp-api-10.1.40.jar;C:\Users\lmekudishvili\.m2\repository\org\apache\tomcat\tomcat-el-api\10.1.16\tomcat-el-api-10.1.16.jar;C:\Users\lmekudishvili\.m2\repository\org\eclipse\jdt\ecj\3.33.0\ecj-3.33.0.jar;C:\Users\lmekudishvili\.m2\repository\org\apache\tomcat\tomcat-jasper-el\10.1.16\tomcat-jasper-el-10.1.16.jar;C:\Users\lmekudishvili\.m2\repository\org\apache\tomcat\tomcat-api\10.1.16\tomcat-api-10.1.16.jar;C:\Users\lmekudishvili\.m2\repository\org\apache\tomcat\tomcat-util-scan\10.1.16\tomcat-util-scan-10.1.16.jar;C:\Users\lmekudishvili\.m2\repository\org\apache\tomcat\tomcat-util\10.1.16\tomcat-util-10.1.16.jar;C:\Users\lmekudishvili\.m2\repository\jakarta\servlet\jsp\jstl\jakarta.servlet.jsp.jstl-api\3.0.0\jakarta.servlet.jsp.jstl-api-3.0.0.jar;C:\Users\lmekudishvili\.m2\repository\jakarta\servlet\jakarta.servlet-api\6.0.0\jakarta.servlet-api-6.0.0.jar;C:\Users\lmekudishvili\.m2\repository\jakarta\el\jakarta.el-api\5.0.0\jakarta.el-api-5.0.0.jar;C:\Users\lmekudishvili\.m2\repository\org\glassfish\web\jakarta.servlet.jsp.jstl\3.0.0\jakarta.servlet.jsp.jstl-3.0.0.jar;C:\Users\lmekudishvili\.m2\repository\org\slf4j\slf4j-api\2.0.17\slf4j-api-2.0.17.jar;C:\Users\lmekudishvili\.m2\repository\org\springframework\spring-core\6.2.6\spring-core-6.2.6.jar;C:\Users\lmekudishvili\.m2\repository\org\springframework\spring-jcl\6.2.6\spring-jcl-6.2.6.jar
Launcher Type: SUN_STANDARD

[Global flags]
     intx CICompilerCount                          = 12                                        {product} {ergonomic}
     uint ConcGCThreads                            = 4                                         {product} {ergonomic}
     uint G1ConcRefinementThreads                  = 15                                        {product} {ergonomic}
   size_t G1HeapRegionSize                         = 4194304                                   {product} {ergonomic}
    uintx GCDrainStackTargetSize                   = 64                                        {product} {ergonomic}
   size_t InitialHeapSize                          = 532676608                                 {product} {ergonomic}
   size_t MarkStackSize                            = 4194304                                   {product} {ergonomic}
   size_t MaxHeapSize                              = 8510242816                                {product} {ergonomic}
   size_t MaxNewSize                               = 5104467968                                {product} {ergonomic}
   size_t MinHeapDeltaBytes                        = 4194304                                   {product} {ergonomic}
   size_t MinHeapSize                              = 8388608                                   {product} {ergonomic}
    uintx NonNMethodCodeHeapSize                   = 7602480                                {pd product} {ergonomic}
    uintx NonProfiledCodeHeapSize                  = 122027880                              {pd product} {ergonomic}
    uintx ProfiledCodeHeapSize                     = 122027880                              {pd product} {ergonomic}
    uintx ReservedCodeCacheSize                    = 251658240                              {pd product} {ergonomic}
     bool SegmentedCodeCache                       = true                                      {product} {ergonomic}
   size_t SoftMaxHeapSize                          = 8510242816                             {manageable} {ergonomic}
     bool UseCompressedOops                        = true                           {product lp64_product} {ergonomic}
     bool UseG1GC                                  = true                                      {product} {ergonomic}
     bool UseLargePagesIndividualAllocation        = false                                  {pd product} {ergonomic}

Logging:
Log output configuration:
 #0: stdout all=warning uptime,level,tags foldmultilines=false
 #1: stderr all=off uptime,level,tags foldmultilines=false

Environment Variables:
JAVA_HOME=C:\Program Files\Java\jdk-21
PATH=C:\Program Files\Java\jdk-21\bin;C:\Program Files\Common Files\Oracle\Java\javapath;C:\ODACForCRIF\product\12.2.0\client_1;C:\ODACForCRIF\product\12.2.0\client_1\bin;C:\app\product\19.0.0\client_1\bin;C:\Program Files (x86)\Common Files\Oracle\Java\javapath;C:\Program Files\CollabNet\Subversion Client;C:\Windows\system32;C:\Windows;C:\Windows\System32\Wbem;C:\Windows\System32\WindowsPowerShell\v1.0\;C:\Windows\System32\OpenSSH\;C:\Program Files\Java\jdk-21\bin;C:\Program Files (x86)\Sennheiser\SenncomSDK\;C:\Program Files\dotnet\;C:\Program Files (x86)\Java\jre6\bin;C:\Program Files\TortoiseSVN\bin;C:\Program Files\Microsoft SQL Server\130\Tools\Binn\;C:\Program Files\Microsoft SQL Server\Client SDK\ODBC\170\Tools\Binn\;C:\Program Files\PuTTY\;C:\Program Files\Git\cmd;C:\Program Files\Microsoft VS Code\bin;C:\Program Files\nodejs\;C:\apache-maven-3.8.6\bin;C:\Program Files (x86)\Java\jdk1.8.0_202\bin;C:\Program Files\Docker\Docker\resources\bin;C:\Program Files\apache-maven-3.9.9\bin;C:\Users\lmekudishvili\AppData\Local\Microsoft\WindowsApps;C:\Program Files\TortoiseSVN\bin;C:\Program Files\nodejs\node_modules\npm\bin;C:\Program Files\JetBrains\IntelliJ IDEA Community Edition 2025.1\bin;;C:\Program Files\Java\jdk-21\bin;C:\Users\lmekudishvili\AppData\Roaming\npm;C:\Program Files\apache-maven-3.9.9\bin;C:\Users\lmekudishvili\AppData\Local\GitHubDesktop\bin;C:\Program Files\JetBrains\IntelliJ IDEA 2025.1\bin;
USERNAME=lmekudishvili
OS=Windows_NT
PROCESSOR_IDENTIFIER=Intel64 Family 6 Model 151 Stepping 2, GenuineIntel
TMP=C:\Users\LMEKUD~1\AppData\Local\Temp
TEMP=C:\Users\LMEKUD~1\AppData\Local\Temp




Periodic native trim disabled

---------------  S Y S T E M  ---------------

OS:
 Windows 10 , 64 bit Build 19041 (10.0.19041.5438)
OS uptime: 8 days 2:13 hours
Hyper-V role detected

CPU: total 20 (initial active 20) (10 cores per cpu, 2 threads per core) family 6 model 151 stepping 2 microcode 0x2e, cx8, cmov, fxsr, ht, mmx, 3dnowpref, sse, sse2, sse3, ssse3, sse4.1, sse4.2, popcnt, lzcnt, tsc, tscinvbit, avx, avx2, aes, erms, clmul, bmi1, bmi2, adx, sha, fma, vzeroupper, clflush, clflushopt, clwb, hv, rdtscp, rdpid, fsrm, f16c, cet_ibt, cet_ss
Processor Information for processor 0
  Max Mhz: 2100, Current Mhz: 2100, Mhz Limit: 1596
Processor Information for processor 1
  Max Mhz: 2100, Current Mhz: 2100, Mhz Limit: 2100
Processor Information for processor 2
  Max Mhz: 2100, Current Mhz: 2100, Mhz Limit: 2100
Processor Information for processor 3
  Max Mhz: 2100, Current Mhz: 2100, Mhz Limit: 2100
Processor Information for processor 4
  Max Mhz: 2100, Current Mhz: 2100, Mhz Limit: 2100
Processor Information for processor 5
  Max Mhz: 2100, Current Mhz: 2100, Mhz Limit: 2100
Processor Information for processor 6
  Max Mhz: 2100, Current Mhz: 2100, Mhz Limit: 2100
Processor Information for processor 7
  Max Mhz: 2100, Current Mhz: 2100, Mhz Limit: 2100
Processor Information for processor 8
  Max Mhz: 2100, Current Mhz: 2100, Mhz Limit: 2100
Processor Information for processor 9
  Max Mhz: 2100, Current Mhz: 2100, Mhz Limit: 2100
Processor Information for processor 10
  Max Mhz: 2100, Current Mhz: 2100, Mhz Limit: 2100
Processor Information for processor 11
  Max Mhz: 2100, Current Mhz: 2100, Mhz Limit: 2100
Processor Information for processor 12
  Max Mhz: 2100, Current Mhz: 2100, Mhz Limit: 2100
Processor Information for processor 13
  Max Mhz: 2100, Current Mhz: 2100, Mhz Limit: 2100
Processor Information for processor 14
  Max Mhz: 2100, Current Mhz: 2100, Mhz Limit: 2100
Processor Information for processor 15
  Max Mhz: 2100, Current Mhz: 2100, Mhz Limit: 2100
Processor Information for processor 16
  Max Mhz: 2100, Current Mhz: 1600, Mhz Limit: 1596
Processor Information for processor 17
  Max Mhz: 2100, Current Mhz: 1600, Mhz Limit: 1596
Processor Information for processor 18
  Max Mhz: 2100, Current Mhz: 1600, Mhz Limit: 1596
Processor Information for processor 19
  Max Mhz: 2100, Current Mhz: 1600, Mhz Limit: 1596

Memory: 4k page, system-wide physical 32452M (14458M free)
TotalPageFile size 37316M (AvailPageFile size 10568M)
current process WorkingSet (physical memory assigned to process): 255M, peak: 280M
current process commit charge ("private bytes"): 308M, peak: 706M

vm_info: Java HotSpot(TM) 64-Bit Server VM (21.0.6+8-LTS-188) for windows-amd64 JRE (21.0.6+8-LTS-188), built on 2024-12-03T10:50:54Z by "mach5one" with MS VC++ 17.6 (VS2022)

END.
